[2010.drupalcamptoronto.org/index/index.html]
[backblue.gif]
[fade.gif]
[index.html]
[2010.drupalcamptoronto.org/sites/all/themes/zen/dugto2010/favicon/index.ico]
[2010.drupalcamptoronto.org/sites/2010.drupalcamptoronto.org/files/css/css_68501b07d1c87195251da8b49c5c9916/index.css]
[2010.drupalcamptoronto.org/sites/2010.drupalcamptoronto.org/files/css/css_e67dc1efaa828fac30e554ff7ef8779d/index.css]
[2010.drupalcamptoronto.org/sites/2010.drupalcamptoronto.org/files/dugto2010_logo/index.png]
[2010.drupalcamptoronto.org/sites/2010.drupalcamptoronto.org/files/js/js_cf31e8823a3f3da7c027f9f1a94bc5df/index.js]
[2010.drupalcamptoronto.org/drupalcamp-toronto-2010-0/index.html]
[2010.drupalcamptoronto.org/sponsor-profile-microsoft-canada/index.html]
[2010.drupalcamptoronto.org/sponsor-profile-2bitscom/index.html]
[2010.drupalcamptoronto.org/sponsor-profile-freeform-solutions/index.html]
[2010.drupalcamptoronto.org/sponsor-profile-pasada-media/index.html]
[2010.drupalcamptoronto.org/sponsors/index.html]
[2010.drupalcamptoronto.org/keynotes/dries-buytaert-acquia/index.html]
[2010.drupalcamptoronto.org/keynotes/jeff-eaton-lullabot/index.html]
[2010.drupalcamptoronto.org/keynotes/mark-brown-microsoft/index.html]
[2010.drupalcamptoronto.org/badges/index.html]
[2010.drupalcamptoronto.org/drupalcamp-toronto-2010/index.html]
[2010.drupalcamptoronto.org/schedule/index.html]
[2010.drupalcamptoronto.org/keynotes/index.html]
[2010.drupalcamptoronto.org/civicrm/event/register/index.html]
[2010.drupalcamptoronto.org/civicrm/event/info/index.html]
[2010.drupalcamptoronto.org/information/index.html]
[2010.drupalcamptoronto.org/contact/index.html]
[2010.drupalcamptoronto.org/%23/index.html]
[2010.drupalcamptoronto.org/user/password/index.html]
[2010.drupalcamptoronto.org/sponsors/web-networks-dashhacks-network-inc/index.html]
[2010.drupalcamptoronto.org/sites/2010.drupalcamptoronto.org/files/imagecache/square-240px/web.net_.logo_/index.png]
[2010.drupalcamptoronto.org/information/venue/index.html]
[2010.drupalcamptoronto.org/information/accomodations-travel/index.html]
[2010.drupalcamptoronto.org/eat-drink/index.html]
[2010.drupalcamptoronto.org/drupalcamp-toronto-history/index.html]
[2010.drupalcamptoronto.org/sponsors/freeform-solutions/index.html]
[2010.drupalcamptoronto.org/sites/2010.drupalcamptoronto.org/files/imagecache/square-240px/logo_freeform_1/index.jpg]
[2010.drupalcamptoronto.org/sponsors/unlocked-media/index.html]
[2010.drupalcamptoronto.org/sites/2010.drupalcamptoronto.org/files/imagecache/square-240px/logo-krypto/index.png]
[2010.drupalcamptoronto.org/sponsors/evolving-web/index.html]
[2010.drupalcamptoronto.org/sites/2010.drupalcamptoronto.org/files/imagecache/square-240px/ew-logo-medium_1/index.png]
[2010.drupalcamptoronto.org/index/index.html]
[2010.drupalcamptoronto.org/sites/2010.drupalcamptoronto.org/files/js/js_5014fac5086daa3006c0889f02466f8a/index.js]
[2010.drupalcamptoronto.org/misc/tree/index.png]
[2010.drupalcamptoronto.org/misc/tree-bottom/index.png]
[2010.drupalcamptoronto.org/misc/throbber/index.gif]
[2010.drupalcamptoronto.org/misc/menu-expanded/index.png]
[2010.drupalcamptoronto.org/misc/menu-collapsed/index.png]
[2010.drupalcamptoronto.org/misc/grippie/index.png]
[2010.drupalcamptoronto.org/misc/draggable/index.png]
[2010.drupalcamptoronto.org/misc/progress/index.gif]
[2010.drupalcamptoronto.org/misc/menu-leaf/index.png]
[2010.drupalcamptoronto.org/sites/all/modules/ctools/images/status-active/index.gif]
[2010.drupalcamptoronto.org/sites/all/modules/extlink/extlink/index.png]
[2010.drupalcamptoronto.org/sites/all/modules/extlink/mailto/index.png]
[2010.drupalcamptoronto.org/sites/all/modules/views/images/status-active/index.gif]
[2010.drupalcamptoronto.org/modules/openid/login-bg/index.png]
[2010.drupalcamptoronto.org/sites/all/themes/zen/dugto2010/images/backgrounds/grass-tile/index.png]
[2010.drupalcamptoronto.org/sites/all/themes/zen/dugto2010/images/backgrounds/repeating-wood-pole/index.png]
[2010.drupalcamptoronto.org/sites/all/themes/zen/dugto2010/images/backgrounds/grass-tuft/index.png]
[2010.drupalcamptoronto.org/sites/all/themes/zen/dugto2010/images/backgrounds/skyline/index.png]
[2010.drupalcamptoronto.org/sites/all/themes/zen/dugto2010/images/backgrounds/flowers/index.png]
[2010.drupalcamptoronto.org/sites/all/themes/zen/dugto2010/images/backgrounds/trees/index.png]
[2010.drupalcamptoronto.org/sites/all/themes/zen/dugto2010/images/backgrounds/camp-logo-trans/index.png]
[2010.drupalcamptoronto.org/sites/all/themes/zen/dugto2010/images/backgrounds/menu-squirrel/index.png]
[2010.drupalcamptoronto.org/sites/all/themes/zen/dugto2010/images/tab-bar/index.png]
[2010.drupalcamptoronto.org/sites/all/themes/zen/dugto2010/images/tab-left/index.png]
[2010.drupalcamptoronto.org/sites/all/themes/zen/dugto2010/images/tab-right/index.png]
[2010.drupalcamptoronto.org/sites/all/themes/zen/dugto2010/images/tab-secondary-bg/index.png]
[2010.drupalcamptoronto.org/sites/all/themes/zen/dugto2010/images/tab-secondary/index.png]
[2010.drupalcamptoronto.org/sites/all/themes/zen/dugto2010/images/messages-status/index.png]
[2010.drupalcamptoronto.org/sites/all/themes/zen/dugto2010/images/messages-warning/index.png]
[2010.drupalcamptoronto.org/sites/all/themes/zen/dugto2010/images/messages-error/index.png]
[2010.drupalcamptoronto.org/sites/2010.drupalcamptoronto.org/files/css/css_68501b07d1c87195251da8b49c5c9916/index.css]
[2010.drupalcamptoronto.org/sites/2010.drupalcamptoronto.org/files/css/css_e67dc1efaa828fac30e554ff7ef8779d/index.css]
[2010.drupalcamptoronto.org/drupalcamp-toronto-2010-0/index.html]
[2010.drupalcamptoronto.org/sites/all/themes/zen/dugto2010/images/backgrounds/small-steak/index.png]
[2010.drupalcamptoronto.org/sites/2010.drupalcamptoronto.org/files/microsoft_0/index.jpg]
[2010.drupalcamptoronto.org/sponsors/microsoft-canada/index.html]
[2010.drupalcamptoronto.org/sponsor-profile-microsoft-canada/index.html]
[2010.drupalcamptoronto.org/sites/2010.drupalcamptoronto.org/files/imagecache/square-240px/microsoft/index.jpg]
[2010.drupalcamptoronto.org/sponsor-profile-2bitscom/index.html]
[2010.drupalcamptoronto.org/sites/2010.drupalcamptoronto.org/files/2bits_logo_0/index.gif]
[2010.drupalcamptoronto.org/sites/2010.drupalcamptoronto.org/files/logo_freeform_1_1/index.jpg]
[2010.drupalcamptoronto.org/sponsor-profile-freeform-solutions/index.html]
[2010.drupalcamptoronto.org/sponsors/pasada-media/index.html]
[2010.drupalcamptoronto.org/sponsor-profile-pasada-media/index.html]
[2010.drupalcamptoronto.org/sites/2010.drupalcamptoronto.org/files/Pasadamedia-logo_0/index.png]
[2010.drupalcamptoronto.org/sponsors/2bitscom-inc/index.html]
[2010.drupalcamptoronto.org/sites/2010.drupalcamptoronto.org/files/imagecache/square-240px/2bits_logo/index.gif]
[2010.drupalcamptoronto.org/sites/2010.drupalcamptoronto.org/files/imagecache/square-240px/Pasadamedia-logo/index.png]
[2010.drupalcamptoronto.org/sponsors/user-advocate-group-tuagca/index.html]
[2010.drupalcamptoronto.org/sites/2010.drupalcamptoronto.org/files/imagecache/square-240px/tuag.ca_logo_240/index.png]
[2010.drupalcamptoronto.org/sponsors/volacci/index.html]
[2010.drupalcamptoronto.org/sites/2010.drupalcamptoronto.org/files/imagecache/square-240px/Volacci_logo/index.jpg]
[2010.drupalcamptoronto.org/sponsors/nextide/index.html]
[2010.drupalcamptoronto.org/sites/2010.drupalcamptoronto.org/files/imagecache/square-240px/nextide_logo_186x93/index.png]
[2010.drupalcamptoronto.org/sponsors/jma-consulting/index.html]
[2010.drupalcamptoronto.org/sites/2010.drupalcamptoronto.org/files/imagecache/square-240px/jma/index.png]
[2010.drupalcamptoronto.org/sponsors/motionblur-studios/index.html]
[2010.drupalcamptoronto.org/sites/2010.drupalcamptoronto.org/files/imagecache/square-240px/Motionblur-Studios/index.jpg]
[2010.drupalcamptoronto.org/sponsors/blackfly-solutions/index.html]
[2010.drupalcamptoronto.org/sites/2010.drupalcamptoronto.org/files/imagecache/square-240px/blackfly_logo/index.gif]
[2010.drupalcamptoronto.org/sponsors/be-circle/index.html]
[2010.drupalcamptoronto.org/sites/2010.drupalcamptoronto.org/files/imagecache/square-240px/becircle-big/index.png]
[2010.drupalcamptoronto.org/sponsors/acquia-0/index.html]
[2010.drupalcamptoronto.org/sites/2010.drupalcamptoronto.org/files/imagecache/square-240px/acquia-high-res_0/index.png]
[2010.drupalcamptoronto.org/sponsors/verge-interactive/index.html]
[2010.drupalcamptoronto.org/sites/2010.drupalcamptoronto.org/files/imagecache/square-240px/verge_logo/index.png]
[2010.drupalcamptoronto.org/civicrm/contribute/transact/index.html]
[2010.drupalcamptoronto.org/sponsors/index.html]
[2010.drupalcamptoronto.org/sites/2010.drupalcamptoronto.org/files/imagecache/keynote-190wide/images/keynote/dries_buytaert_acquia_lg/index.jpg]
[2010.drupalcamptoronto.org/user/login/index.html]
[2010.drupalcamptoronto.org/keynotes/dries-buytaert-acquia/index.html]
[2010.drupalcamptoronto.org/sites/2010.drupalcamptoronto.org/files/imagecache/keynote-190wide/images/keynote/JeffEaton/index.jpg]
[2010.drupalcamptoronto.org/keynotes/jeff-eaton-lullabot/index.html]
[2010.drupalcamptoronto.org/user/login/index-2.html]
[2010.drupalcamptoronto.org/sites/2010.drupalcamptoronto.org/files/imagecache/keynote-190wide/images/keynote/MarkHeadShot/index.jpg]
[2010.drupalcamptoronto.org/keynotes/mark-brown-microsoft/index.html]
[2010.drupalcamptoronto.org/user/login/index-3.html]
[2010.drupalcamptoronto.org/sites/2010.drupalcamptoronto.org/files/banner-dcto2010-120x90/index.jpg]
[2010.drupalcamptoronto.org/sites/2010.drupalcamptoronto.org/files/banner-dcto2010-468x60/index.jpg]
[2010.drupalcamptoronto.org/badges/index.html]
[2010.drupalcamptoronto.org/drupalcamp-toronto-2010/index.html]
[2010.drupalcamptoronto.org/sites/2010.drupalcamptoronto.org/files/banner-dcto2010-160x600/index.jpg]
[2010.drupalcamptoronto.org/sessions/registration-coffee/index.html]
[2010.drupalcamptoronto.org/sessions/psd-theme-gorgeous-web-site/index.html]
[2010.drupalcamptoronto.org/sessions/beginners-introduction-drupal-basic-concepts-and-features/index.html]
[2010.drupalcamptoronto.org/sessions/welcome-drupal/index.html]
[2010.drupalcamptoronto.org/sessions/34-million-page-views-day-92-m-month-one-server-and-drupal/index.html]
[2010.drupalcamptoronto.org/sessions/how-plan-and-project-manage-small-medium-sized-drupal-website/index.html]
[2010.drupalcamptoronto.org/sessions/lunch/index.html]
[2010.drupalcamptoronto.org/sessions/contributing-drupal-code-community-and-cookies/index.html]
[2010.drupalcamptoronto.org/sessions/open-source-fun-and-profit-making-career-out-drupal/index.html]
[2010.drupalcamptoronto.org/sessions/intoduction-features-module/index.html]
[2010.drupalcamptoronto.org/sessions/registration-0/index.html]
[2010.drupalcamptoronto.org/sessions/accessibility-drupal-what-who-why-and-how/index.html]
[2010.drupalcamptoronto.org/sessions/2010-year-conversion-rate-optimization-cro/index.html]
[2010.drupalcamptoronto.org/sessions/drupal-search-engine-optimization-choosing-and-configuring-key-modules/index.html]
[2010.drupalcamptoronto.org/sites/2010.drupalcamptoronto.org/files/js/js_96c1e23de7b41dd91f6426d0339aeb20/index.js]
[2010.drupalcamptoronto.org/sessions/lunch-0/index.html]
[2010.drupalcamptoronto.org/sessions/mapping-drupal-introduction-gmaps-module/index.html]
[2010.drupalcamptoronto.org/sessions/building-custom-fields-widgets-and-formatters-drupal-7/index.html]
[2010.drupalcamptoronto.org/sessions/pixel-perfect-drupal-slideshows-and-photo-galleries/index.html]
[2010.drupalcamptoronto.org/sessions/if-you-give-milk-away-free-theyll-buy-cow/index.html]
[2010.drupalcamptoronto.org/sessions/case-study-building-community-site-centre-social-innovation-open-atrium/index.html]
[2010.drupalcamptoronto.org/sessions/string-theory-are-we-building-usable-interfaces-or-tower-babble/index.html]
[2010.drupalcamptoronto.org/sessions/support-business-processes-using-workflow-revisioning-and-rules/index.html]
[2010.drupalcamptoronto.org/sessions/plugging-advanced-forms-and-data-union-formulize-and-drupal/index.html]
[2010.drupalcamptoronto.org/sessions/fragile-agile-project-management-app-built-drupal/index.html]
[2010.drupalcamptoronto.org/sessions/drupal-modules-civicrm-co-author-using-civicrm/index.html]
[2010.drupalcamptoronto.org/sessions/architecting-drupal-sites-panels/index.html]
[2010.drupalcamptoronto.org/sessions/creating-travel-portal-using-panels-under-30-mins-shown-my-book/index.html]
[2010.drupalcamptoronto.org/sessions/use-aegir-generate-mutiple-drupal-websites-minutes/index.html]
[2010.drupalcamptoronto.org/sessions/pointy-clicky-theming-panels/index.html]
[2010.drupalcamptoronto.org/sessions/using-drush/index.html]
[2010.drupalcamptoronto.org/sessions/drupal-7-theming-intro-10-kickass-tips-get-you-started/index.html]
[2010.drupalcamptoronto.org/schedule/index.html]
[2010.drupalcamptoronto.org/keynotes/index.html]
[2010.drupalcamptoronto.org/sessions/closing-party-pilot-tavern-22-cumberland/index.html]
[2010.drupalcamptoronto.org/sites/2010.drupalcamptoronto.org/files/css/css_cadd22156c08fe700c3cf19f41115ac6/index.css]
[2010.drupalcamptoronto.org/civicrm/event/info/index-2.html]
[2010.drupalcamptoronto.org/civicrm/event/civicrm_ical/index.ics]
[2010.drupalcamptoronto.org/sites/all/modules/civicrm/packages/ckeditor/ckeditor/index.js]
[2010.drupalcamptoronto.org/sites/all/modules/civicrm/i/office-calendar/index.png]
[2010.drupalcamptoronto.org/civicrm/event/ical/index1.html]
[2010.drupalcamptoronto.org/civicrm/event/info/index.html]
[2010.drupalcamptoronto.org/sites/all/modules/civicrm/i/ical_feed/index.gif]
[2010.drupalcamptoronto.org/information/event-organizers/index.html]
[2010.drupalcamptoronto.org/information/index.html]
[2010.drupalcamptoronto.org/contact/index.html]
[2010.drupalcamptoronto.org/%23/index.html]
[2010.drupalcamptoronto.org/sites/2010.drupalcamptoronto.org/files/css/css_9d1a8a39c7537d6b15bd1e0d5016ec52/index.css]
[2010.drupalcamptoronto.org/sites/2010.drupalcamptoronto.org/files/js/js_b7a838f83a3861f98ac5873294ce28ec/index.js]
[2010.drupalcamptoronto.org/sites/2010.drupalcamptoronto.org/files/js/js_947982af765afd825fbc1e81913cab40/index.js]
[2010.drupalcamptoronto.org/user/password/index.html]
[2010.drupalcamptoronto.org/user/index.html]
[2010.drupalcamptoronto.org/sites/2010.drupalcamptoronto.org/files/imagecache/320px-wide/web.net_.logo_/index.png]
[2010.drupalcamptoronto.org/sponsors/web-networks-dashhacks-network-inc/index.html]
[2010.drupalcamptoronto.org/sites/2010.drupalcamptoronto.org/files/appelsalon_2/index.png]
[2010.drupalcamptoronto.org/sites/2010.drupalcamptoronto.org/files/appelsalon2_1/index.png]
[2010.drupalcamptoronto.org/sites/2010.drupalcamptoronto.org/files/4393624557_b26925ba5a_m_0/index.jpg]
[2010.drupalcamptoronto.org/user/login/index-4.html]
[2010.drupalcamptoronto.org/information/venue/index.html]
[2010.drupalcamptoronto.org/information/accomodations-travel/index.html]
[2010.drupalcamptoronto.org/eat-drink/index.html]
[2010.drupalcamptoronto.org/user/login/index-5.html]
[2010.drupalcamptoronto.org/drupalcamp-toronto-history/index.html]
[2010.drupalcamptoronto.org/sites/2010.drupalcamptoronto.org/files/imagecache/320px-wide/logo_freeform_1/index.jpg]
[2010.drupalcamptoronto.org/sponsors/freeform-solutions/index.html]
[2010.drupalcamptoronto.org/sites/2010.drupalcamptoronto.org/files/imagecache/320px-wide/logo-krypto/index.png]
[2010.drupalcamptoronto.org/sponsors/unlocked-media/index.html]
[2010.drupalcamptoronto.org/sites/2010.drupalcamptoronto.org/files/imagecache/320px-wide/ew-logo-medium_1/index.png]
[2010.drupalcamptoronto.org/sponsors/evolving-web/index.html]
[2010.drupalcamptoronto.org/sites/2010.drupalcamptoronto.org/files/imagecache/320px-wide/microsoft/index.jpg]
[2010.drupalcamptoronto.org/sponsors/microsoft-canada/index.html]
[2010.drupalcamptoronto.org/sites/2010.drupalcamptoronto.org/files/imagecache/320px-wide/Pasadamedia-logo/index.png]
[2010.drupalcamptoronto.org/sponsors/pasada-media/index.html]
[2010.drupalcamptoronto.org/sites/2010.drupalcamptoronto.org/files/imagecache/320px-wide/2bits_logo/index.gif]
[2010.drupalcamptoronto.org/sponsors/2bitscom-inc/index.html]
[2010.drupalcamptoronto.org/sites/2010.drupalcamptoronto.org/files/imagecache/320px-wide/tuag.ca_logo_240/index.png]
[2010.drupalcamptoronto.org/sponsors/user-advocate-group-tuagca/index.html]
[2010.drupalcamptoronto.org/sites/2010.drupalcamptoronto.org/files/imagecache/320px-wide/Volacci_logo/index.jpg]
[2010.drupalcamptoronto.org/sponsors/volacci/index.html]
[2010.drupalcamptoronto.org/sites/2010.drupalcamptoronto.org/files/imagecache/320px-wide/nextide_logo_186x93/index.png]
[2010.drupalcamptoronto.org/sponsors/nextide/index.html]
[2010.drupalcamptoronto.org/sites/2010.drupalcamptoronto.org/files/imagecache/320px-wide/jma/index.png]
[2010.drupalcamptoronto.org/sponsors/jma-consulting/index.html]
[2010.drupalcamptoronto.org/sites/2010.drupalcamptoronto.org/files/imagecache/320px-wide/Motionblur-Studios/index.jpg]
[2010.drupalcamptoronto.org/sponsors/motionblur-studios/index.html]
[2010.drupalcamptoronto.org/sites/2010.drupalcamptoronto.org/files/imagecache/320px-wide/blackfly_logo/index.gif]
[2010.drupalcamptoronto.org/sponsors/blackfly-solutions/index.html]
[2010.drupalcamptoronto.org/sponsors/be-circle/index.html]
[2010.drupalcamptoronto.org/sites/2010.drupalcamptoronto.org/files/imagecache/320px-wide/becircle-big/index.png]
[2010.drupalcamptoronto.org/sites/2010.drupalcamptoronto.org/files/imagecache/320px-wide/acquia-high-res_0/index.png]
[2010.drupalcamptoronto.org/sites/2010.drupalcamptoronto.org/files/js/js_a226d06a37200745821b302ef1d6549e/index.js]
[2010.drupalcamptoronto.org/sponsors/acquia-0/index.html]
[2010.drupalcamptoronto.org/sites/2010.drupalcamptoronto.org/files/imagecache/320px-wide/verge_logo/index.png]
[2010.drupalcamptoronto.org/sponsors/verge-interactive/index.html]
[2010.drupalcamptoronto.org/sites/2010.drupalcamptoronto.org/files/imagecache/full-700/Screen shot 2010-09-27 at 8.43.10 PM_0/index.png]
[2010.drupalcamptoronto.org/civicrm/contribute/transact/index.html]
[2010.drupalcamptoronto.org/user/login/index.html]
[2010.drupalcamptoronto.org/user/login/index-2.html]
[2010.drupalcamptoronto.org/user/login/index-3.html]
[2010.drupalcamptoronto.org/users/kev/index.html]
[2010.drupalcamptoronto.org/sessions/registration-coffee/index.html]
[2010.drupalcamptoronto.org/user/login/index-6.html]
[2010.drupalcamptoronto.org/users/emmajane/index.html]
[2010.drupalcamptoronto.org/sessions/psd-theme-gorgeous-web-site/index.html]
[2010.drupalcamptoronto.org/user/login/index-7.html]
[2010.drupalcamptoronto.org/users/pkiff/index.html]
[2010.drupalcamptoronto.org/sessions/beginners-introduction-drupal-basic-concepts-and-features/index.html]
[2010.drupalcamptoronto.org/user/login/index-8.html]
[2010.drupalcamptoronto.org/users/walkah/index.html]
[2010.drupalcamptoronto.org/sessions/welcome-drupal/index.html]
[2010.drupalcamptoronto.org/user/login/index-9.html]
[2010.drupalcamptoronto.org/users/khalid-baheyeldin/index.html]
[2010.drupalcamptoronto.org/sessions/34-million-page-views-day-92-m-month-one-server-and-drupal/index.html]
[2010.drupalcamptoronto.org/user/login/index-10.html]
[2010.drupalcamptoronto.org/users/fosterinteractive/index.html]
[2010.drupalcamptoronto.org/sessions/how-plan-and-project-manage-small-medium-sized-drupal-website/index.html]
[2010.drupalcamptoronto.org/user/login/index-11.html]
[2010.drupalcamptoronto.org/user/login/index-12.html]
[2010.drupalcamptoronto.org/openid/authenticate/index.html]
[2010.drupalcamptoronto.org/sessions/lunch/index.html]
[2010.drupalcamptoronto.org/users/deviantintegral/index.html]
[2010.drupalcamptoronto.org/sessions/contributing-drupal-code-community-and-cookies/index.html]
[2010.drupalcamptoronto.org/user/login/index-13.html]
[2010.drupalcamptoronto.org/sessions/open-source-fun-and-profit-making-career-out-drupal/index.html]
[2010.drupalcamptoronto.org/user/login/index-14.html]
[2010.drupalcamptoronto.org/users/adixon/index.html]
[2010.drupalcamptoronto.org/sessions/intoduction-features-module/index.html]
[2010.drupalcamptoronto.org/user/login/index-15.html]
[2010.drupalcamptoronto.org/sessions/registration-0/index.html]
[2010.drupalcamptoronto.org/user/login/index-16.html]
[2010.drupalcamptoronto.org/users/everett-zufelt/index.html]
[2010.drupalcamptoronto.org/sessions/accessibility-drupal-what-who-why-and-how/index.html]
[2010.drupalcamptoronto.org/user/login/index-17.html]
[2010.drupalcamptoronto.org/users/joshdward/index.html]
[2010.drupalcamptoronto.org/sessions/2010-year-conversion-rate-optimization-cro/index.html]
[2010.drupalcamptoronto.org/user/login/index-18.html]
[2010.drupalcamptoronto.org/users/yaworsk/index.html]
[2010.drupalcamptoronto.org/sessions/drupal-search-engine-optimization-choosing-and-configuring-key-modules/index.html]
[2010.drupalcamptoronto.org/user/login/index-19.html]
[2010.drupalcamptoronto.org/user/login/index-20.html]
[2010.drupalcamptoronto.org/openid/authenticate/index.html]
[2010.drupalcamptoronto.org/sessions/lunch-0/index.html]
[2010.drupalcamptoronto.org/users/thearchiteckq/index.html]
[2010.drupalcamptoronto.org/sessions/mapping-drupal-introduction-gmaps-module/index.html]
[2010.drupalcamptoronto.org/user/login/index-21.html]
[2010.drupalcamptoronto.org/sessions/building-custom-fields-widgets-and-formatters-drupal-7/index.html]
[2010.drupalcamptoronto.org/user/login/index-22.html]
[2010.drupalcamptoronto.org/users/surgemartin/index.html]
[2010.drupalcamptoronto.org/sessions/pixel-perfect-drupal-slideshows-and-photo-galleries/index.html]
[2010.drupalcamptoronto.org/user/login/index-23.html]
[2010.drupalcamptoronto.org/sessions/if-you-give-milk-away-free-theyll-buy-cow/index.html]
[2010.drupalcamptoronto.org/user/login/index-24.html]
[2010.drupalcamptoronto.org/sessions/openatrium/index.html]
[2010.drupalcamptoronto.org/sessions/case-study-building-community-site-centre-social-innovation-open-atrium/index.html]
[2010.drupalcamptoronto.org/user/login/index-25.html]
[2010.drupalcamptoronto.org/users/useradvocate/index.html]
[2010.drupalcamptoronto.org/sessions/string-theory-are-we-building-usable-interfaces-or-tower-babble/index.html]
[2010.drupalcamptoronto.org/user/login/index-26.html]
[2010.drupalcamptoronto.org/users/mewren/index.html]
[2010.drupalcamptoronto.org/sessions/support-business-processes-using-workflow-revisioning-and-rules/index.html]
[2010.drupalcamptoronto.org/user/login/index-27.html]
[2010.drupalcamptoronto.org/users/herb/index.html]
[2010.drupalcamptoronto.org/sessions/plugging-advanced-forms-and-data-union-formulize-and-drupal/index.html]
[2010.drupalcamptoronto.org/user/login/index-28.html]
[2010.drupalcamptoronto.org/sessions/fragile-agile-project-management-app-built-drupal/index.html]
[2010.drupalcamptoronto.org/user/login/index-29.html]
[2010.drupalcamptoronto.org/users/joe-murray/index.html]
[2010.drupalcamptoronto.org/sessions/drupal-modules-civicrm-co-author-using-civicrm/index.html]
[2010.drupalcamptoronto.org/user/login/index-30.html]
[2010.drupalcamptoronto.org/users/pixelite/index.html]
[2010.drupalcamptoronto.org/sessions/architecting-drupal-sites-panels/index.html]
[2010.drupalcamptoronto.org/user/login/index-31.html]
[2010.drupalcamptoronto.org/users/mindtrades/index.html]
[2010.drupalcamptoronto.org/sessions/creating-travel-portal-using-panels-under-30-mins-shown-my-book/index.html]
[2010.drupalcamptoronto.org/user/login/index-32.html]
[2010.drupalcamptoronto.org/sessions/use-aegir-generate-mutiple-drupal-websites-minutes/index.html]
[2010.drupalcamptoronto.org/user/login/index-33.html]
[2010.drupalcamptoronto.org/sessions/pointy-clicky-theming-panels/index.html]
[2010.drupalcamptoronto.org/user/login/index-34.html]
[2010.drupalcamptoronto.org/users/danieleboyo/index.html]
[2010.drupalcamptoronto.org/sessions/using-drush/index.html]
[2010.drupalcamptoronto.org/user/login/index-35.html]
[2010.drupalcamptoronto.org/users/trevortwining/index.html]
[2010.drupalcamptoronto.org/sessions/drupal-7-theming-intro-10-kickass-tips-get-you-started/index.html]
[2010.drupalcamptoronto.org/user/login/index-36.html]
[2010.drupalcamptoronto.org/sessions/closing-party-pilot-tavern-22-cumberland/index.html]
[2010.drupalcamptoronto.org/user/login/index-37.html]
[2010.drupalcamptoronto.org/sites/all/modules/civicrm/packages/jquery/themes/smoothness/images/ui-bg_flat_75_ffffff_40x100/index.png]
[2010.drupalcamptoronto.org/sites/all/modules/civicrm/packages/jquery/themes/smoothness/images/ui-bg_highlight-soft_75_cccccc_1x100/index.png]
[2010.drupalcamptoronto.org/sites/all/modules/civicrm/packages/jquery/themes/smoothness/images/ui-bg_glass_75_e6e6e6_1x400/index.png]
[2010.drupalcamptoronto.org/sites/all/modules/civicrm/packages/jquery/themes/smoothness/images/ui-bg_glass_75_dadada_1x400/index.png]
[2010.drupalcamptoronto.org/sites/all/modules/civicrm/packages/jquery/themes/smoothness/images/ui-bg_glass_65_ffffff_1x400/index.png]
[2010.drupalcamptoronto.org/sites/all/modules/civicrm/packages/jquery/themes/smoothness/images/ui-bg_glass_55_fbf9ee_1x400/index.png]
[2010.drupalcamptoronto.org/sites/all/modules/civicrm/packages/jquery/themes/smoothness/images/ui-bg_glass_95_fef1ec_1x400/index.png]
[2010.drupalcamptoronto.org/sites/all/modules/civicrm/packages/jquery/themes/smoothness/images/ui-icons_222222_256x240/index.png]
[2010.drupalcamptoronto.org/sites/all/modules/civicrm/packages/jquery/themes/smoothness/images/ui-icons_888888_256x240/index.png]
[2010.drupalcamptoronto.org/sites/all/modules/civicrm/packages/jquery/themes/smoothness/images/ui-icons_454545_256x240/index.png]
[2010.drupalcamptoronto.org/sites/all/modules/civicrm/packages/jquery/themes/smoothness/images/ui-icons_2e83ff_256x240/index.png]
[2010.drupalcamptoronto.org/sites/all/modules/civicrm/packages/jquery/themes/smoothness/images/ui-icons_cd0a0a_256x240/index.png]
[2010.drupalcamptoronto.org/sites/all/modules/civicrm/packages/jquery/themes/smoothness/images/ui-bg_flat_0_aaaaaa_40x100/index.png]
[2010.drupalcamptoronto.org/sites/all/modules/civicrm/packages/jquery/css/images/line/index.gif]
[2010.drupalcamptoronto.org/sites/all/modules/civicrm/packages/jquery/css/images/hl/index.png]
[2010.drupalcamptoronto.org/sites/all/modules/civicrm/packages/jquery/css/images/fhbg/index.gif]
[2010.drupalcamptoronto.org/sites/all/modules/civicrm/packages/jquery/css/images/ddn/index.png]
[2010.drupalcamptoronto.org/sites/all/modules/civicrm/packages/jquery/css/images/wbg/index.gif]
[2010.drupalcamptoronto.org/sites/all/modules/civicrm/packages/jquery/css/images/uup/index.png]
[2010.drupalcamptoronto.org/sites/all/modules/civicrm/packages/jquery/css/images/bg/index.gif]
[2010.drupalcamptoronto.org/sites/all/modules/civicrm/packages/jquery/css/images/dn/index.png]
[2010.drupalcamptoronto.org/sites/all/modules/civicrm/packages/jquery/css/images/up/index.png]
[2010.drupalcamptoronto.org/sites/all/modules/civicrm/packages/jquery/css/images/prev/index.gif]
[2010.drupalcamptoronto.org/sites/all/modules/civicrm/packages/jquery/css/images/next/index.gif]
[2010.drupalcamptoronto.org/sites/all/modules/civicrm/packages/jquery/css/images/magnifier/index.png]
[2010.drupalcamptoronto.org/sites/all/modules/civicrm/packages/jquery/css/images/first/index.gif]
[2010.drupalcamptoronto.org/sites/all/modules/civicrm/packages/jquery/css/images/last/index.gif]
[2010.drupalcamptoronto.org/sites/all/modules/civicrm/packages/jquery/css/images/load/index.png]
[2010.drupalcamptoronto.org/sites/all/modules/civicrm/packages/jquery/css/images/load/index.gif]
[2010.drupalcamptoronto.org/sites/all/modules/civicrm/i/loading/index.gif]
[2010.drupalcamptoronto.org/sites/all/modules/civicrm/packages/jquery/css/images/myshadow/index.png]
[2010.drupalcamptoronto.org/sites/all/modules/civicrm/packages/jquery/css/images/dataTable/back_disabled/index.gif]
[2010.drupalcamptoronto.org/sites/all/modules/civicrm/packages/jquery/css/images/dataTable/back_enabled/index.gif]
[2010.drupalcamptoronto.org/sites/all/modules/civicrm/packages/jquery/css/images/dataTable/forward_disabled.107/index.delayed]
[2010.drupalcamptoronto.org/sites/all/modules/civicrm/packages/jquery/css/images/dataTable/forward_enabled/index.gif]
[2010.drupalcamptoronto.org/sites/all/modules/civicrm/packages/jquery/css/images/dataTable/sort_asc/index.gif]
[2010.drupalcamptoronto.org/sites/all/modules/civicrm/packages/jquery/css/images/dataTable/sort_desc/index.gif]
[2010.drupalcamptoronto.org/sites/all/modules/civicrm/packages/jquery/css/images/dataTable/sort_both/index.gif]
[2010.drupalcamptoronto.org/sites/all/modules/civicrm/packages/jquery/css/images/throbber/index.gif]
[2010.drupalcamptoronto.org/sites/all/modules/civicrm/i/dataTable/sort_sprites/index.png]
[2010.drupalcamptoronto.org/sites/all/modules/civicrm/packages/jquery/plugins/themes/default/dot/index.gif]
[2010.drupalcamptoronto.org/sites/all/modules/civicrm/packages/jquery/plugins/themes/default/li/index.gif]
[2010.drupalcamptoronto.org/sites/all/modules/civicrm/packages/jquery/plugins/themes/default/lastli/index.gif]
[2010.drupalcamptoronto.org/sites/all/modules/civicrm/packages/jquery/plugins/themes/default/fminus/index.gif]
[2010.drupalcamptoronto.org/sites/all/modules/civicrm/packages/jquery/plugins/themes/default/fplus/index.gif]
[2010.drupalcamptoronto.org/sites/all/modules/civicrm/packages/jquery/plugins/themes/default/f/index.png]
[2010.drupalcamptoronto.org/sites/all/modules/civicrm/i/loading-E6E6DC/index.gif]
[2010.drupalcamptoronto.org/sites/all/modules/civicrm/i/loading-2f2f2e/index.gif]
[2010.drupalcamptoronto.org/sites/all/modules/civicrm/packages/jquery/plugins/themes/default/context/index.gif]
[2010.drupalcamptoronto.org/sites/all/modules/civicrm/i/contribute/pcp_remain/index.gif]
[2010.drupalcamptoronto.org/sites/all/modules/civicrm/i/contribute/pcp_achieve/index.gif]
[2010.drupalcamptoronto.org/sites/all/modules/civicrm/css/images/thermometer-pointer/index.gif]
[2010.drupalcamptoronto.org/sites/all/modules/civicrm/i/dropdown-pointer/index.gif]
[2010.drupalcamptoronto.org/sites/all/modules/civicrm/i/TreePlus/index.gif]
[2010.drupalcamptoronto.org/sites/all/modules/civicrm/i/grippie/index.png]
[2010.drupalcamptoronto.org/sites/all/modules/civicrm/i/TreeMinus/index.gif]
[2010.drupalcamptoronto.org/sites/all/modules/civicrm/i/crm-button-bg/index.gif]
[2010.drupalcamptoronto.org/sites/all/modules/civicrm/i/icons/jquery-ui-FFFFFF/index.png]
[2010.drupalcamptoronto.org/sites/all/modules/civicrm/i/icons/jquery-ui-52534D/index.png]
[2010.drupalcamptoronto.org/sites/all/modules/civicrm/i/icons/jquery-ui-2786C2/index.png]
[2010.drupalcamptoronto.org/sites/all/modules/civicrm/i/icons/jquery-ui-8A1F11/index.png]
[2010.drupalcamptoronto.org/sites/all/modules/civicrm/i/icons/jquery-ui-91CE00/index.png]
[2010.drupalcamptoronto.org/sites/all/modules/civicrm/i/geotag_16/index.png]
[2010.drupalcamptoronto.org/sites/all/modules/civicrm/i/item_sprites/index.png]
[2010.drupalcamptoronto.org/sites/all/modules/civicrm/i/icons/jquery-ui-F5F6F1/index.png]
[2010.drupalcamptoronto.org/sites/all/modules/civicrm/i/icons/jquery-ui-3E3E3E/index.png]
[2010.drupalcamptoronto.org/sites/all/modules/civicrm/i/magnify/index.gif]
[2010.drupalcamptoronto.org/sites/all/modules/civicrm/i/quiz/index.png]
[2010.drupalcamptoronto.org/sites/all/modules/civicrm/i/overlay-pointer/index.png]
[2010.drupalcamptoronto.org/sites/all/modules/civicrm/i/stop-icon/index.png]
[2010.drupalcamptoronto.org/sites/all/modules/civicrm/i/cal/index.gif]
[2010.drupalcamptoronto.org/sites/all/modules/civicrm/i/icons/jquery-ui-3e3e3e/index-2.png]
[2010.drupalcamptoronto.org/sites/2010.drupalcamptoronto.org/files/css/css_cadd22156c08fe700c3cf19f41115ac6/index.css]
[2010.drupalcamptoronto.org/civicrm/event/+n+/index.html]
[2010.drupalcamptoronto.org/civicrm/event/applewebkit/index/index.html]
[2010.drupalcamptoronto.org/civicrm/event/plugins/index/index.html]
[2010.drupalcamptoronto.org/civicrm/event/adobeair/index/index.html]
[2010.drupalcamptoronto.org/civicrm/event/sad_smile/index.gif]
[2010.drupalcamptoronto.org/civicrm/event/themes/index/index.html]
[2010.drupalcamptoronto.org/civicrm/event/wink_smile/index.gif]
[2010.drupalcamptoronto.org/civicrm/event/teeth_smile/index.gif]
[2010.drupalcamptoronto.org/civicrm/event/confused_smile/index.gif]
[2010.drupalcamptoronto.org/civicrm/event/tounge_smile/index.gif]
[2010.drupalcamptoronto.org/civicrm/event/embaressed_smile/index.gif]
[2010.drupalcamptoronto.org/civicrm/event/omg_smile/index.gif]
[2010.drupalcamptoronto.org/civicrm/event/whatchutalkingabout_smile/index.gif]
[2010.drupalcamptoronto.org/civicrm/event/angry_smile/index.gif]
[2010.drupalcamptoronto.org/civicrm/event/angel_smile/index.gif]
[2010.drupalcamptoronto.org/civicrm/event/shades_smile/index.gif]
[2010.drupalcamptoronto.org/civicrm/event/devil_smile/index.gif]
[2010.drupalcamptoronto.org/civicrm/event/cry_smile/index.gif]
[2010.drupalcamptoronto.org/civicrm/event/lightbulb/index.gif]
[2010.drupalcamptoronto.org/civicrm/event/thumbs_down/index.gif]
[2010.drupalcamptoronto.org/civicrm/event/thumbs_up/index.gif]
[2010.drupalcamptoronto.org/civicrm/event/heart/index.gif]
[2010.drupalcamptoronto.org/civicrm/event/broken_heart/index.gif]
[2010.drupalcamptoronto.org/civicrm/event/kiss/index.gif]
[2010.drupalcamptoronto.org/civicrm/event/plugins/templates/templates/default/index.js]
[2010.drupalcamptoronto.org/civicrm/event/images/spacer/index.gif]
[2010.drupalcamptoronto.org/sites/all/modules/civicrm/packages/ckeditor/ckeditor/index.js]
[2010.drupalcamptoronto.org/sites/all/modules/civicrm/css/civicrm/index.css]
[2010.drupalcamptoronto.org/sites/all/modules/civicrm/css/extras/index.css]
[2010.drupalcamptoronto.org/sites/all/modules/civicrm/css/print/index.css]
[2010.drupalcamptoronto.org/sites/all/modules/civicrm/css/skins/aqua/theme/index.css]
[2010.drupalcamptoronto.org/sites/all/modules/civicrm/js/Common/index.js]
[2010.drupalcamptoronto.org/sites/all/modules/civicrm/packages/jquery/themes/smoothness/jquery-ui/index.css]
[2010.drupalcamptoronto.org/sites/all/modules/civicrm/packages/jquery/css/flexigrid/index.css]
[2010.drupalcamptoronto.org/sites/all/modules/civicrm/packages/jquery/jquery/index.js]
[2010.drupalcamptoronto.org/sites/all/modules/civicrm/packages/jquery/css/jquery.autocomplete/index.css]
[2010.drupalcamptoronto.org/sites/all/modules/civicrm/packages/jquery/plugins/jquery.autocomplete/index.js]
[2010.drupalcamptoronto.org/sites/all/modules/civicrm/packages/jquery/plugins/flexigrid/index.js]
[2010.drupalcamptoronto.org/sites/all/modules/civicrm/packages/jquery/plugins/css/index.js]
[2010.drupalcamptoronto.org/sites/all/modules/civicrm/packages/jquery/css/tree_component/index.css]
[2010.drupalcamptoronto.org/sites/all/modules/civicrm/packages/jquery/plugins/jquery.dimensions/index.js]
[2010.drupalcamptoronto.org/sites/all/modules/civicrm/packages/jquery/plugins/jquery.menu.pack/index.js]
[2010.drupalcamptoronto.org/sites/all/modules/civicrm/packages/jquery/css/menu/index.css]
[2010.drupalcamptoronto.org/sites/all/modules/civicrm/packages/jquery/plugins/tree_component.min/index.js]
[2010.drupalcamptoronto.org/sites/all/modules/civicrm/packages/jquery/plugins/jquery.chainedSelects/index.js]
[2010.drupalcamptoronto.org/sites/all/modules/civicrm/packages/jquery/plugins/jquery.treeview.min/index.js]
[2010.drupalcamptoronto.org/sites/all/modules/civicrm/packages/jquery/plugins/jquery.bgiframe.pack/index.js]
[2010.drupalcamptoronto.org/sites/all/modules/civicrm/packages/jquery/jquery-ui/index.js]
[2010.drupalcamptoronto.org/sites/all/modules/civicrm/packages/jquery/plugins/jquery.contextMenu/index.js]
[2010.drupalcamptoronto.org/sites/all/modules/civicrm/packages/jquery/plugins/jquery.tableHeader/index.js]
[2010.drupalcamptoronto.org/sites/all/modules/civicrm/packages/jquery/plugins/checkboxselect/index.js]
[2010.drupalcamptoronto.org/sites/all/modules/civicrm/packages/jquery/plugins/jquery.textarearesizer/index.js]
[2010.drupalcamptoronto.org/sites/all/modules/civicrm/packages/jquery/plugins/jquery.progressbar/index.js]
[2010.drupalcamptoronto.org/sites/all/modules/civicrm/packages/jquery/plugins/jquery.form/index.js]
[2010.drupalcamptoronto.org/sites/all/modules/civicrm/packages/jquery/plugins/jquery.tokeninput/index.js]
[2010.drupalcamptoronto.org/sites/all/modules/civicrm/packages/jquery/css/token-input-facebook/index.css]
[2010.drupalcamptoronto.org/sites/all/modules/civicrm/packages/jquery/plugins/jquery.timeentry.pack/index.js]
[2010.drupalcamptoronto.org/sites/all/modules/civicrm/packages/jquery/plugins/jquery.mousewheel.pack/index.js]
[2010.drupalcamptoronto.org/sites/all/modules/civicrm/packages/jquery/plugins/jquery.toolTip/index.js]
[2010.drupalcamptoronto.org/sites/all/modules/civicrm/packages/jquery/css/dataTable/index.css]
[2010.drupalcamptoronto.org/sites/all/modules/civicrm/packages/jquery/plugins/jquery.dataTables.min/index.js]
[2010.drupalcamptoronto.org/sites/all/modules/civicrm/packages/jquery/css/dashboard/index.css]
[2010.drupalcamptoronto.org/sites/all/modules/civicrm/packages/jquery/plugins/jquery.dashboard/index.js]
[2010.drupalcamptoronto.org/sites/all/modules/civicrm/packages/jquery/plugins/jquery.FormNavigate/index.js]
[2010.drupalcamptoronto.org/sites/all/modules/civicrm/js/jquery/jquery.crmaccordions/index.js]
[2010.drupalcamptoronto.org/sites/all/modules/civicrm/js/jquery/jquery.crmasmselect/index.js]
[2010.drupalcamptoronto.org/civicrm/event/info/index-2.html]
[2010.drupalcamptoronto.org/information/event-organizers/index.html]
[2010.drupalcamptoronto.org/sites/2010.drupalcamptoronto.org/files/css/css_9d1a8a39c7537d6b15bd1e0d5016ec52/index.css]
[2010.drupalcamptoronto.org/user/index.html]
[2010.drupalcamptoronto.org/user/login/index-4.html]
[2010.drupalcamptoronto.org/user/login/index-5.html]
[2010.drupalcamptoronto.org/sites/all/modules/civicrm/js/jquery/jquery.crmtooltip/index.js]
[2010.drupalcamptoronto.org/sites/all/modules/civicrm/js/rest/index.js]
[2010.drupalcamptoronto.org/sites/2010.drupalcamptoronto.org/files/css/css_738882fed95541e33783990465e08fb4/index.css]
[2010.drupalcamptoronto.org/user/15/bookmarks/index.html]
[2010.drupalcamptoronto.org/users/kev/index.html]
[2010.drupalcamptoronto.org/user/login/index-6.html]
[2010.drupalcamptoronto.org/sites/2010.drupalcamptoronto.org/files/imagecache/user_pic_130px/pictures/picture-15/index.jpg]
[2010.drupalcamptoronto.org/user/96/bookmarks/index.html]
[2010.drupalcamptoronto.org/users/emmajane/index.html]
[2010.drupalcamptoronto.org/sites/2010.drupalcamptoronto.org/files/imagecache/user_pic_130px/pictures/picture-96/index.jpg]
[2010.drupalcamptoronto.org/user/login/index-7.html]
[2010.drupalcamptoronto.org/user/95/bookmarks/index.html]
[2010.drupalcamptoronto.org/users/pkiff/index.html]
[2010.drupalcamptoronto.org/user/login/index-8.html]
[2010.drupalcamptoronto.org/sites/2010.drupalcamptoronto.org/files/imagecache/user_pic_130px/pictures/picture-95/index.jpg]
[2010.drupalcamptoronto.org/user/3/bookmarks/index.html]
[2010.drupalcamptoronto.org/users/walkah/index.html]
[2010.drupalcamptoronto.org/sites/2010.drupalcamptoronto.org/files/imagecache/user_pic_130px/pictures/picture-3/index.png]
[2010.drupalcamptoronto.org/user/login/index-9.html]
[2010.drupalcamptoronto.org/user/23/bookmarks/index.html]
[2010.drupalcamptoronto.org/users/khalid-baheyeldin/index.html]
[2010.drupalcamptoronto.org/sites/2010.drupalcamptoronto.org/files/imagecache/user_pic_130px/pictures/picture-23/index.jpg]
[2010.drupalcamptoronto.org/user/login/index-10.html]
[2010.drupalcamptoronto.org/user/42/bookmarks/index.html]
[2010.drupalcamptoronto.org/users/fosterinteractive/index.html]
[2010.drupalcamptoronto.org/sites/2010.drupalcamptoronto.org/files/imagecache/user_pic_130px/pictures/picture-42/index.png]
[2010.drupalcamptoronto.org/user/login/index-11.html]
[2010.drupalcamptoronto.org/user/login/index-12.html]
[2010.drupalcamptoronto.org/user/37/bookmarks/index.html]
[2010.drupalcamptoronto.org/users/deviantintegral/index.html]
[2010.drupalcamptoronto.org/user/login/index-13.html]
[2010.drupalcamptoronto.org/user/login/index-14.html]
[2010.drupalcamptoronto.org/sites/2010.drupalcamptoronto.org/files/imagecache/user_pic_130px/pictures/picture-37/index.jpg]
[2010.drupalcamptoronto.org/user/47/bookmarks/index.html]
[2010.drupalcamptoronto.org/users/adixon/index.html]
[2010.drupalcamptoronto.org/user/login/index-15.html]
[2010.drupalcamptoronto.org/user/login/index-16.html]
[2010.drupalcamptoronto.org/sites/2010.drupalcamptoronto.org/files/imagecache/user_pic_130px/pictures/picture-47/index.jpg]
[2010.drupalcamptoronto.org/user/46/bookmarks/index.html]
[2010.drupalcamptoronto.org/users/everett-zufelt/index.html]
[2010.drupalcamptoronto.org/user/login/index-17.html]
[2010.drupalcamptoronto.org/sites/2010.drupalcamptoronto.org/files/imagecache/user_pic_130px/sites/all/themes/zen/dugto2010/images/dcto-default-avatar/index.jpg]
[2010.drupalcamptoronto.org/user/81/bookmarks/index.html]
[2010.drupalcamptoronto.org/users/joshdward/index.html]
[2010.drupalcamptoronto.org/user/login/index-18.html]
[2010.drupalcamptoronto.org/sites/2010.drupalcamptoronto.org/files/imagecache/user_pic_130px/pictures/picture-81/index.jpg]
[2010.drupalcamptoronto.org/user/97/bookmarks/index.html]
[2010.drupalcamptoronto.org/users/yaworsk/index.html]
[2010.drupalcamptoronto.org/user/login/index-19.html]
[2010.drupalcamptoronto.org/user/login/index-20.html]
[2010.drupalcamptoronto.org/sites/2010.drupalcamptoronto.org/files/imagecache/user_pic_130px/pictures/picture-97/index.png]
[2010.drupalcamptoronto.org/users/thearchiteckq/index.html]
[2010.drupalcamptoronto.org/user/login/index-21.html]
[2010.drupalcamptoronto.org/user/login/index-22.html]
[2010.drupalcamptoronto.org/user/52/bookmarks/index.html]
[2010.drupalcamptoronto.org/user/39/bookmarks/index.html]
[2010.drupalcamptoronto.org/users/surgemartin/index.html]
[2010.drupalcamptoronto.org/user/login/index-23.html]
[2010.drupalcamptoronto.org/user/login/index-24.html]
[2010.drupalcamptoronto.org/sites/2010.drupalcamptoronto.org/files/imagecache/user_pic_130px/pictures/picture-39/index.jpg]
[2010.drupalcamptoronto.org/sites/2010.drupalcamptoronto.org/files/imagecache/user_pic_60px/pictures/picture-23/index.jpg]
[2010.drupalcamptoronto.org/sites/2010.drupalcamptoronto.org/files/imagecache/user_pic_60px/sites/all/themes/zen/dugto2010/images/dcto-default-avatar/index.jpg]
[2010.drupalcamptoronto.org/sites/2010.drupalcamptoronto.org/files/imagecache/user_pic_60px/pictures/picture-47/index.jpg]
[2010.drupalcamptoronto.org/sites/2010.drupalcamptoronto.org/files/imagecache/user_pic_60px/pictures/picture-37/index.jpg]
[2010.drupalcamptoronto.org/sites/2010.drupalcamptoronto.org/files/imagecache/user_pic_60px/pictures/picture-39/index.jpg]
[2010.drupalcamptoronto.org/sites/2010.drupalcamptoronto.org/files/imagecache/user_pic_60px/pictures/picture-42/index.png]
[2010.drupalcamptoronto.org/sites/2010.drupalcamptoronto.org/files/imagecache/user_pic_60px/pictures/picture-81/index.jpg]
[2010.drupalcamptoronto.org/sites/2010.drupalcamptoronto.org/files/imagecache/user_pic_60px/pictures/picture-86/index.jpg]
[2010.drupalcamptoronto.org/sites/2010.drupalcamptoronto.org/files/imagecache/user_pic_60px/pictures/picture-97/index.png]
[2010.drupalcamptoronto.org/sites/2010.drupalcamptoronto.org/files/js/js_929022f71ca74aeb2018545eb8f3b085/index.js]
[2010.drupalcamptoronto.org/sites/2010.drupalcamptoronto.org/files/imagecache/user_pic_60px/pictures/picture-30/index.png]
[2010.drupalcamptoronto.org/sites/2010.drupalcamptoronto.org/files/imagecache/user_pic_60px/pictures/picture-115/index.jpg]
[2010.drupalcamptoronto.org/sites/2010.drupalcamptoronto.org/files/imagecache/user_pic_60px/pictures/picture-96/index.jpg]
[2010.drupalcamptoronto.org/sessions/openatrium/index.html]
[2010.drupalcamptoronto.org/user/login/index-25.html]
[2010.drupalcamptoronto.org/sessions/openatrium/index1.html]
[2010.drupalcamptoronto.org/user/30/bookmarks/index.html]
[2010.drupalcamptoronto.org/users/useradvocate/index.html]
[2010.drupalcamptoronto.org/sites/2010.drupalcamptoronto.org/files/imagecache/user_pic_130px/pictures/picture-30/index.png]
[2010.drupalcamptoronto.org/user/login/index-26.html]
[2010.drupalcamptoronto.org/user/115/bookmarks/index.html]
[2010.drupalcamptoronto.org/users/mewren/index.html]
[2010.drupalcamptoronto.org/sites/2010.drupalcamptoronto.org/files/imagecache/user_pic_130px/pictures/picture-115/index.jpg]
[2010.drupalcamptoronto.org/user/login/index-27.html]
[2010.drupalcamptoronto.org/users/herb/index.html]
[2010.drupalcamptoronto.org/user/login/index-28.html]
[2010.drupalcamptoronto.org/user/login/index-29.html]
[2010.drupalcamptoronto.org/user/57/bookmarks/index.html]
[2010.drupalcamptoronto.org/users/joe-murray/index.html]
[2010.drupalcamptoronto.org/user/login/index-30.html]
[2010.drupalcamptoronto.org/user/60/bookmarks/index.html]
[2010.drupalcamptoronto.org/user/34/bookmarks/index.html]
[2010.drupalcamptoronto.org/users/pixelite/index.html]
[2010.drupalcamptoronto.org/user/login/index-31.html]
[2010.drupalcamptoronto.org/sites/2010.drupalcamptoronto.org/files/imagecache/user_pic_130px/pictures/picture-34/index.jpg]
[2010.drupalcamptoronto.org/user/131/bookmarks/index.html]
[2010.drupalcamptoronto.org/users/mindtrades/index.html]
[2010.drupalcamptoronto.org/user/login/index-32.html]
[2010.drupalcamptoronto.org/user/login/index-33.html]
[2010.drupalcamptoronto.org/user/login/index-34.html]
[2010.drupalcamptoronto.org/sites/2010.drupalcamptoronto.org/files/imagecache/user_pic_130px/pictures/picture-131/index.jpg]
[2010.drupalcamptoronto.org/user/121/bookmarks/index.html]
[2010.drupalcamptoronto.org/users/danieleboyo/index.html]
[2010.drupalcamptoronto.org/user/login/index-35.html]
[2010.drupalcamptoronto.org/sites/2010.drupalcamptoronto.org/files/imagecache/user_pic_130px/pictures/picture-121/index.jpg]
[2010.drupalcamptoronto.org/user/86/bookmarks/index.html]
[2010.drupalcamptoronto.org/users/trevortwining/index.html]
[2010.drupalcamptoronto.org/user/login/index-36.html]
[2010.drupalcamptoronto.org/user/login/index-37.html]
[2010.drupalcamptoronto.org/sites/all/modules/civicrm/packages/jquery/css/images/dataTable/forward_disabled/index.html]
[2010.drupalcamptoronto.org/sites/all/modules/civicrm/packages/jquery/css/images/dataTable/forward_enabled/index.html]
[2010.drupalcamptoronto.org/sites/all/modules/civicrm/css/images/thermometer-pointer/index.html]
[2010.drupalcamptoronto.org/sites/all/modules/civicrm/i/icons/jquery-ui-3e3e3e/index.html]
[2010.drupalcamptoronto.org/civicrm/event/applewebkit/index/index.html]
[2010.drupalcamptoronto.org/civicrm/event/adobeair/index/index.html]
[2010.drupalcamptoronto.org/civicrm/event/plugins/index/index.html]
[2010.drupalcamptoronto.org/civicrm/event/themes/index/index.html]
[2010.drupalcamptoronto.org/civicrm/event/+n+/index.html]
[2010.drupalcamptoronto.org/civicrm/event/sad_smile/index.html]
[2010.drupalcamptoronto.org/civicrm/event/wink_smile/index.html]
[2010.drupalcamptoronto.org/civicrm/event/teeth_smile/index.html]
[2010.drupalcamptoronto.org/civicrm/event/confused_smile/index.html]
[2010.drupalcamptoronto.org/civicrm/event/tounge_smile/index.html]
[2010.drupalcamptoronto.org/civicrm/event/embaressed_smile/index.html]
[2010.drupalcamptoronto.org/civicrm/event/omg_smile/index.html]
[2010.drupalcamptoronto.org/civicrm/event/whatchutalkingabout_smile/index.html]
[2010.drupalcamptoronto.org/civicrm/event/angry_smile/index.html]
[2010.drupalcamptoronto.org/civicrm/event/angel_smile/index.html]
[2010.drupalcamptoronto.org/civicrm/event/shades_smile/index.html]
[2010.drupalcamptoronto.org/civicrm/event/devil_smile/index.html]
[2010.drupalcamptoronto.org/civicrm/event/cry_smile/index.html]
[2010.drupalcamptoronto.org/civicrm/event/lightbulb/index.html]
[2010.drupalcamptoronto.org/civicrm/event/thumbs_down/index.html]
[2010.drupalcamptoronto.org/civicrm/event/thumbs_up/index.html]
[2010.drupalcamptoronto.org/civicrm/event/heart/index.html]
[2010.drupalcamptoronto.org/civicrm/event/broken_heart/index.html]
[2010.drupalcamptoronto.org/civicrm/event/kiss/index.html]
[2010.drupalcamptoronto.org/civicrm/event/plugins/templates/templates/default/index.html]
[2010.drupalcamptoronto.org/civicrm/event/images/spacer/index.html]
[2010.drupalcamptoronto.org/sites/all/modules/civicrm/css/civicrm/index.css]
[2010.drupalcamptoronto.org/sites/all/modules/civicrm/css/extras/index.css]
[2010.drupalcamptoronto.org/sites/all/modules/civicrm/css/print/index.css]
[2010.drupalcamptoronto.org/sites/all/modules/civicrm/css/skins/aqua/theme/index.html]
[2010.drupalcamptoronto.org/sites/all/modules/civicrm/packages/jquery/themes/smoothness/jquery-ui/index.css]
[2010.drupalcamptoronto.org/sites/all/modules/civicrm/packages/jquery/css/flexigrid/index.css]
[2010.drupalcamptoronto.org/sites/all/modules/civicrm/packages/jquery/css/jquery.autocomplete/index.css]
[2010.drupalcamptoronto.org/sites/all/modules/civicrm/packages/jquery/css/tree_component/index.css]
[2010.drupalcamptoronto.org/sites/all/modules/civicrm/packages/jquery/css/menu/index.css]
[2010.drupalcamptoronto.org/sites/all/modules/civicrm/packages/jquery/css/token-input-facebook/index.css]
[2010.drupalcamptoronto.org/sites/all/modules/civicrm/packages/jquery/css/dataTable/index.css]
[2010.drupalcamptoronto.org/sites/all/modules/civicrm/packages/jquery/css/dashboard/index.css]
[2010.drupalcamptoronto.org/sites/2010.drupalcamptoronto.org/files/css/css_738882fed95541e33783990465e08fb4/index.css]
[2010.drupalcamptoronto.org/user/15/bookmarks/index.html]
[2010.drupalcamptoronto.org/user/96/bookmarks/index.html]
[2010.drupalcamptoronto.org/user/95/bookmarks/index.html]
[2010.drupalcamptoronto.org/user/3/bookmarks/index.html]
[2010.drupalcamptoronto.org/user/23/bookmarks/index.html]
[2010.drupalcamptoronto.org/user/42/bookmarks/index.html]
[2010.drupalcamptoronto.org/user/37/bookmarks/index.html]
[2010.drupalcamptoronto.org/user/47/bookmarks/index.html]
[2010.drupalcamptoronto.org/user/46/bookmarks/index.html]
[2010.drupalcamptoronto.org/user/81/bookmarks/index.html]
[2010.drupalcamptoronto.org/user/97/bookmarks/index.html]
[2010.drupalcamptoronto.org/user/52/bookmarks/index.html]
[2010.drupalcamptoronto.org/user/39/bookmarks/index.html]
[2010.drupalcamptoronto.org/sites/2010.drupalcamptoronto.org/files/imagecache/user_pic_130px/pictures/picture-86/index.jpg]
[2010.drupalcamptoronto.org/sites/2010.drupalcamptoronto.org/files/imagecache/user_pic_60px/pictures/picture-34/index.jpg]
[2010.drupalcamptoronto.org/sites/2010.drupalcamptoronto.org/files/imagecache/user_pic_60px/pictures/picture-121/index.jpg]
[2010.drupalcamptoronto.org/sites/2010.drupalcamptoronto.org/files/imagecache/user_pic_60px/pictures/picture-131/index.jpg]
[2010.drupalcamptoronto.org/users/chyatt/index.html]
[2010.drupalcamptoronto.org/sites/2010.drupalcamptoronto.org/files/imagecache/user_pic_60px/pictures/picture-134/index.jpg]
[2010.drupalcamptoronto.org/sessions/integrating-drupal-single-sign-university-guelph/index.html]
[2010.drupalcamptoronto.org/sites/2010.drupalcamptoronto.org/files/imagecache/user_pic_60px/pictures/picture-95/index.jpg]
[2010.drupalcamptoronto.org/users/sensespidey/index.html]
[2010.drupalcamptoronto.org/sessions/bof-best-practices-drupal-site-development-using-git/index.html]
[2010.drupalcamptoronto.org/sessions/cooking-simple-site-drupal-hour/index.html]
[2010.drupalcamptoronto.org/sites/2010.drupalcamptoronto.org/files/imagecache/user_pic_60px/pictures/picture-3/index.png]
[2010.drupalcamptoronto.org/sessions/openatrium/index1.html]
[2010.drupalcamptoronto.org/user/30/bookmarks/index.html]
[2010.drupalcamptoronto.org/user/115/bookmarks/index.html]
[2010.drupalcamptoronto.org/user/57/bookmarks/index.html]
[2010.drupalcamptoronto.org/user/60/bookmarks/index.html]
[2010.drupalcamptoronto.org/user/34/bookmarks/index.html]
[2010.drupalcamptoronto.org/user/131/bookmarks/index.html]
[2010.drupalcamptoronto.org/user/121/bookmarks/index.html]
[2010.drupalcamptoronto.org/user/86/bookmarks/index.html]
[2010.drupalcamptoronto.org/sites/2010.drupalcamptoronto.org/files/imagecache/user_pic_60px/pictures/picture-15/index.jpg]
[2010.drupalcamptoronto.org/user/134/bookmarks/index.html]
[2010.drupalcamptoronto.org/users/chyatt/index.html]
[2010.drupalcamptoronto.org/sites/2010.drupalcamptoronto.org/files/imagecache/user_pic_130px/pictures/picture-134/index.jpg]
[2010.drupalcamptoronto.org/sessions/integrating-drupal-single-sign-university-guelph/index.html]
[2010.drupalcamptoronto.org/user/login/index-38.html]
[2010.drupalcamptoronto.org/users/sensespidey/index.html]
[2010.drupalcamptoronto.org/user/78/bookmarks/index.html]
[2010.drupalcamptoronto.org/sessions/bof-best-practices-drupal-site-development-using-git/index.html]
[2010.drupalcamptoronto.org/user/login/index-39.html]
[2010.drupalcamptoronto.org/sessions/cooking-simple-site-drupal-hour/index.html]
[2010.drupalcamptoronto.org/user/134/bookmarks/index.html]
[2010.drupalcamptoronto.org/user/login/index-38.html]
[2010.drupalcamptoronto.org/user/78/bookmarks/index.html]
[2010.drupalcamptoronto.org/user/login/index-39.html]
[2010.drupalcamptoronto.org/user/login/index-40.html]
[2010.drupalcamptoronto.org/user/login/index-40.html]
