[2013.drupalcamptoronto.org/index/index.html]
[backblue.gif]
[fade.gif]
[index.html]
[2013.drupalcamptoronto.org/sites/all/themes/at_dcto2013/favicon/index.ico]
[2013.drupalcamptoronto.org/rss/index.xml]
[2013.drupalcamptoronto.org/sites/all/themes/at_dcto2013/images/touch-icon-iphone/index.png]
[2013.drupalcamptoronto.org/sites/all/themes/at_dcto2013/images/touch-icon-ipad/index.png]
[2013.drupalcamptoronto.org/sites/all/themes/at_dcto2013/images/touch-icon-iphone-retina/index.png]
[2013.drupalcamptoronto.org/sites/all/themes/at_dcto2013/images/touch-icon-ipad-retina/index.png]
[2013.drupalcamptoronto.org/sites/default/files/css/css_y7QQWAVKkp6YdX68reAnTlW2rYMmsRAIswQE8VzbLhI/index.css]
[2013.drupalcamptoronto.org/sites/default/files/css/css_8SJRcCu6UmiVrHllBUTG6rWC54TERAaWh5STruRtMsY/index.css]
[2013.drupalcamptoronto.org/sites/default/files/css/css_cP09dZwcUY9t5GT-96kZ3VBCeNjRiWqCVIMndOCpLUY/index.css]
[2013.drupalcamptoronto.org/sites/default/files/css/css_8I7LHsvv6MWiLjCsiyzR4diWrMgf28jd07qHr2WV944/index.css]
[2013.drupalcamptoronto.org/sites/default/files/css/css_Ev6XYKXJzpU5nxmI9F2mAQ240FR7h5XJHIV0O2crMWU/index.css]
[2013.drupalcamptoronto.org/sites/default/files/js/js_zzcIWOou_jnX0ZWAIA4sb6Xy_p5a8FZNA0GySvuWjPU/index.js]
[2013.drupalcamptoronto.org/sites/default/files/js/js_VyPMrI7PNxuD2x5Nx2rDHrjb5ecVSoEfdoNr8A81-Nk/index.js]
[2013.drupalcamptoronto.org/sites/default/files/js/js_rLX6tMJGf4gSpRVE_NHGUgIzSfFia9rNNZYcKT-TI4k/index.js]
[2013.drupalcamptoronto.org/news/index.html]
[2013.drupalcamptoronto.org/aboot/index.html]
[2013.drupalcamptoronto.org/contact/index.html]
[2013.drupalcamptoronto.org/search/node/index.html]
[2013.drupalcamptoronto.org/user/index.html]
[2013.drupalcamptoronto.org/cart/index.html]
[2013.drupalcamptoronto.org/sites/all/themes/at_dcto2013/logo/index.png]
[2013.drupalcamptoronto.org/event-info/index.html]
[2013.drupalcamptoronto.org/location/index.html]
[2013.drupalcamptoronto.org/program/index.html]
[2013.drupalcamptoronto.org/keynote-speakers/index.html]
[2013.drupalcamptoronto.org/bofs/index.html]
[2013.drupalcamptoronto.org/program/sessions/proposed/index.html]
[2013.drupalcamptoronto.org/program/sessions/index.html]
[2013.drupalcamptoronto.org/community/index.html]
[2013.drupalcamptoronto.org/attendees/index.html]
[2013.drupalcamptoronto.org/volunteers/index.html]
[2013.drupalcamptoronto.org/dug-to/index.html]
[2013.drupalcamptoronto.org/sponsors/index.html]
[2013.drupalcamptoronto.org/become-a-sponsor/index.html]
[2013.drupalcamptoronto.org/sites/default/files/slideshow/slides-09/index.jpg]
[2013.drupalcamptoronto.org/sites/default/files/slideshow/slides-04/index.jpg]
[2013.drupalcamptoronto.org/sites/default/files/slideshow/slides-07/index.jpg]
[2013.drupalcamptoronto.org/sites/default/files/slideshow/slides-05/index.jpg]
[2013.drupalcamptoronto.org/news/platinum-sponsor-interview-with-myplanet-digital/index.html]
[2013.drupalcamptoronto.org/users/admin/index.html]
[2013.drupalcamptoronto.org/sponsors/myplanet-digital/index.html]
[2013.drupalcamptoronto.org/news/registration-is-now-open/index.html]
[2013.drupalcamptoronto.org/news/drupalcamp-toronto-2013-is-landing-soon/index.html]
[2013.drupalcamptoronto.org/sites/default/files/styles/medium/public/logo-myplanetdigital/index.png]
[2013.drupalcamptoronto.org/sponsors/therefore-interactive/index.html]
[2013.drupalcamptoronto.org/sites/default/files/styles/medium/public/thereforelogo/index.png]
[twitter.com/DrupalCampTO/index.html]
[2013.drupalcamptoronto.org/sites/default/files/styles/medium/public/verge_logo3/index.png]
[2013.drupalcamptoronto.org/sponsors/verge-interactive/index.html]
[2013.drupalcamptoronto.org/user/login/index.html]
[2013.drupalcamptoronto.org/index/index.html]
[usecod.com/index/index.html]
[2013.drupalcamptoronto.org/misc/throbber/index.gif]
[2013.drupalcamptoronto.org/misc/grippie/index.png]
[2013.drupalcamptoronto.org/misc/draggable/index.png]
[2013.drupalcamptoronto.org/misc/tree/index.png]
[2013.drupalcamptoronto.org/misc/tree-bottom/index.png]
[2013.drupalcamptoronto.org/misc/menu-expanded/index.png]
[2013.drupalcamptoronto.org/misc/menu-collapsed/index.png]
[2013.drupalcamptoronto.org/misc/menu-leaf/index.png]
[2013.drupalcamptoronto.org/misc/message-24-ok/index.png]
[2013.drupalcamptoronto.org/misc/message-24-warning/index.png]
[2013.drupalcamptoronto.org/misc/message-24-error/index.png]
[2013.drupalcamptoronto.org/misc/help/index.png]
[2013.drupalcamptoronto.org/misc/progress/index.gif]
[2013.drupalcamptoronto.org/misc/forum-icons/index.png]
[2013.drupalcamptoronto.org/profiles/cod/modules/contrib/ckeditor/images/tick/index.png]
[2013.drupalcamptoronto.org/profiles/cod/modules/contrib/ckeditor/images/delete/index.png]
[2013.drupalcamptoronto.org/profiles/cod/modules/contrib/ctools/images/status-active/index.gif]
[2013.drupalcamptoronto.org/sites/all/libraries/flexslider/images/bg_direction_nav/index.png]
[2013.drupalcamptoronto.org/sites/all/libraries/superfish/images/arrows-ffffff/index.png]
[2013.drupalcamptoronto.org/sites/all/libraries/superfish/images/shadow/index.png]
[2013.drupalcamptoronto.org/sites/default/files/css/css_y7QQWAVKkp6YdX68reAnTlW2rYMmsRAIswQE8VzbLhI/index.css]
[2013.drupalcamptoronto.org/sites/all/libraries/superfish/images/arrows-ffffff-rtl/index.png]
[2013.drupalcamptoronto.org/sites/all/themes/at_dcto2013/css/images/horizon800/index.png]
[2013.drupalcamptoronto.org/sites/all/themes/at_dcto2013/css/images/starscape800/index.png]
[2013.drupalcamptoronto.org/sites/all/themes/at_dcto2013/css/fonts/ss-standard/index.eot]
[2013.drupalcamptoronto.org/sites/all/themes/at_dcto2013/css/fonts/ss-standard/index-2.eot]
[2013.drupalcamptoronto.org/sites/all/themes/at_dcto2013/css/fonts/ss-standard/index.svg]
[2013.drupalcamptoronto.org/sites/all/themes/at_dcto2013/css/fonts/ss-social-regular/index.eot]
[2013.drupalcamptoronto.org/sites/all/themes/at_dcto2013/css/fonts/ss-social-regular/index.woff]
[2013.drupalcamptoronto.org/sites/all/themes/at_dcto2013/css/fonts/ss-standard/index.ttf]
[2013.drupalcamptoronto.org/sites/all/themes/at_dcto2013/css/fonts/ss-social-regular/index-2.eot]
[2013.drupalcamptoronto.org/sites/all/themes/at_dcto2013/css/fonts/ss-social-regular/index.ttf]
[2013.drupalcamptoronto.org/sites/all/themes/at_dcto2013/css/fonts/ss-social-circle/index.woff]
[2013.drupalcamptoronto.org/sites/all/themes/at_dcto2013/css/fonts/ss-social-circle/index.eot]
[2013.drupalcamptoronto.org/sites/all/themes/at_dcto2013/css/fonts/ss-social-circle/index-2.eot]
[2013.drupalcamptoronto.org/sites/default/files/css/css_8SJRcCu6UmiVrHllBUTG6rWC54TERAaWh5STruRtMsY/index.css]
[2013.drupalcamptoronto.org/sites/default/files/css/css_cP09dZwcUY9t5GT-96kZ3VBCeNjRiWqCVIMndOCpLUY/index.css]
[2013.drupalcamptoronto.org/sites/default/files/css/css_8I7LHsvv6MWiLjCsiyzR4diWrMgf28jd07qHr2WV944/index.css]
[2013.drupalcamptoronto.org/sites/all/themes/at_dcto2013/css/images/horizon480/index.png]
[2013.drupalcamptoronto.org/sites/all/themes/at_dcto2013/css/fonts/ss-social-circle/index.svg]
[2013.drupalcamptoronto.org/sites/all/themes/at_dcto2013/css/images/starscape480/index.png]
[2013.drupalcamptoronto.org/sites/all/themes/at_dcto2013/css/images/horizon1600/index.png]
[2013.drupalcamptoronto.org/sites/all/themes/at_dcto2013/css/images/starscape1600/index.png]
[2013.drupalcamptoronto.org/sites/default/files/css/css_Ev6XYKXJzpU5nxmI9F2mAQ240FR7h5XJHIV0O2crMWU/index.css]
[fonts.googleapis.com/css.b/index.delayed]
[2013.drupalcamptoronto.org/sites/default/files/js/js_zzcIWOou_jnX0ZWAIA4sb6Xy_p5a8FZNA0GySvuWjPU/index.js]
[2013.drupalcamptoronto.org/sites/default/files/js/js_rLX6tMJGf4gSpRVE_NHGUgIzSfFia9rNNZYcKT-TI4k/index.js]
[2013.drupalcamptoronto.org/sites/default/files/js/js_VyPMrI7PNxuD2x5Nx2rDHrjb5ecVSoEfdoNr8A81-Nk/index.js]
[2013.drupalcamptoronto.org/news/index.xml]
[2013.drupalcamptoronto.org/sites/default/files/css/css_et-tYsag6SMGMAKgBbPz2Zc551MqCtUMgdN2wVk2MVk/index.css]
[2013.drupalcamptoronto.org/sites/default/files/css/css_VuFETsFIkQ427QSNqneS1kKjEkFocUq1WaSTluTysAQ/index.css]
[2013.drupalcamptoronto.org/sites/default/files/js/js_dHMwNjY_adPc2YCGtBe8GYyK1jLJkiVwazBkDl1opwA/index.js]
[2013.drupalcamptoronto.org/sponsors/digital-echidna/index.html]
[2013.drupalcamptoronto.org/sites/default/files/styles/medium/public/logo-digitalechidna/index.png]
[2013.drupalcamptoronto.org/sponsors/drupalizeme/index.html]
[2013.drupalcamptoronto.org/news/index.html]
[2013.drupalcamptoronto.org/sites/default/files/styles/medium/public/logo-drupalizeme/index.png]
[2013.drupalcamptoronto.org/node/5/index.html]
[2013.drupalcamptoronto.org/sponsors/nextide/index.html]
[2013.drupalcamptoronto.org/aboot/index.html]
[2013.drupalcamptoronto.org/sites/default/files/styles/medium/public/logo-nextide/index.png]
[2013.drupalcamptoronto.org/node/40/index.html]
[2013.drupalcamptoronto.org/sites/default/files/css/css_acGomFg-W7r21R5bbH0Nvcpb3ky1n8AhhJQm8hxGccM/index.css]
[2013.drupalcamptoronto.org/sites/default/files/js/js_rnoIC4X3qZLmhzFNaXV9-SILOZXQVi0yBtpYtstoUaM/index.js]
[2013.drupalcamptoronto.org/sponsors/acquia/index.html]
[2013.drupalcamptoronto.org/contact/index.html]
[2013.drupalcamptoronto.org/sites/default/files/styles/medium/public/sponsor-silver-acquia/index.png]
[2013.drupalcamptoronto.org/search/user/index.html]
[2013.drupalcamptoronto.org/sponsors/ryerson-university/index.html]
[2013.drupalcamptoronto.org/search/node/index.html]
[2013.drupalcamptoronto.org/sites/default/files/styles/medium/public/logo-ryerson/index.png]
[2013.drupalcamptoronto.org/user/password/index.html]
[2013.drupalcamptoronto.org/sponsors/kafei-interactive/index.html]
[2013.drupalcamptoronto.org/user/index.html]
[2013.drupalcamptoronto.org/sites/default/files/styles/medium/public/logo-kafeiinteractive/index.png]
[2013.drupalcamptoronto.org/sponsors/civicactions/index.html]
[2013.drupalcamptoronto.org/cart/index.html]
[2013.drupalcamptoronto.org/sites/default/files/styles/medium/public/logo-civicactions/index.png]
[2013.drupalcamptoronto.org/node/35/index.html]
[2013.drupalcamptoronto.org/event-info/index.html]
[2013.drupalcamptoronto.org/node/6/index.html]
[2013.drupalcamptoronto.org/sites/default/files/dcto2013-csi-annex/index.jpg]
[2013.drupalcamptoronto.org/location/index.html]
[2013.drupalcamptoronto.org/sites/default/files/parking/index.png]
[2013.drupalcamptoronto.org/node/114/index.html]
[2013.drupalcamptoronto.org/sessions/single-page-sites-with-backbonejs-and-drupal/index.html]
[2013.drupalcamptoronto.org/sessions/proviso-a-revolution-in-local-development/index.html]
[2013.drupalcamptoronto.org/sessions/agile-101/index.html]
[2013.drupalcamptoronto.org/sessions/do-the-right-thing-accessibility-and-inclusive-design/index.html]
[2013.drupalcamptoronto.org/sessions/migrate-all-the-things/index.html]
[2013.drupalcamptoronto.org/sessions/aegir-2-whats-new/index.html]
[2013.drupalcamptoronto.org/sessions/whose-hook-is-it-anyway-a-comedic-look-into-drupal-8/index.html]
[2013.drupalcamptoronto.org/sessions/how-to-incrementally-integrate-qa-in-an-agile-development-process/index.html]
[2013.drupalcamptoronto.org/sessions/git-makes-me-angry-inside/index.html]
[2013.drupalcamptoronto.org/sessions/building-drupal-sites-the-lean-way-via-content-strategy-and-agile-development/index.html]
[2013.drupalcamptoronto.org/sessions/managing-your-drupal-project-with-git/index.html]
[2013.drupalcamptoronto.org/sessions/from-interior-decorator-to-architect-changing-how-we-work/index.html]
[2013.drupalcamptoronto.org/sessions/modules-to-help-streamline-user-experience-improve-workflows/index.html]
[2013.drupalcamptoronto.org/sessions/case-study-building-a-conference-website-with-drupal/index.html]
[2013.drupalcamptoronto.org/sessions/drupal-distribution-strategies-translating-business-requirements-into-technical/index.html]
[2013.drupalcamptoronto.org/sessions/fast-local-development-with-kalabox-pantheon/index.html]
[2013.drupalcamptoronto.org/sessions/drupal-development-with-vagrant-getting-started/index.html]
[2013.drupalcamptoronto.org/sessions/case-study-drupal-in-highered-digital-textbooks-and-more/index.html]
[2013.drupalcamptoronto.org/sponsors/freeform-solutions/index.html]
[2013.drupalcamptoronto.org/program/index.html]
[2013.drupalcamptoronto.org/sites/default/files/styles/medium/public/logo-freeformsolutions_0/index.png]
[2013.drupalcamptoronto.org/node/29/index.html]
[2013.drupalcamptoronto.org/sites/default/files/keynote-andrew-berry/index.jpg]
[2013.drupalcamptoronto.org/sites/default/files/keynote-michael-keara/index.jpg]
[twitter.com/JanMiranda/index.html]
[2013.drupalcamptoronto.org/keynote-speakers/index.html]
[2013.drupalcamptoronto.org/node/30/index.html]
[2013.drupalcamptoronto.org/bofs/index.html]
[2013.drupalcamptoronto.org/node/add/session/index.html]
[2013.drupalcamptoronto.org/program/sessions/proposed/index.html]
[2013.drupalcamptoronto.org/program/sessions/proposed/rss/index.html]
[2013.drupalcamptoronto.org/sites/default/files/js/js_f7OA7wwBAX5VgMM7dBh2IxNlG5lGe9XXyEEZTPNBFGE/index.js]
[2013.drupalcamptoronto.org/program/sessions/index.html]
[2013.drupalcamptoronto.org/node/34/index.html]
[2013.drupalcamptoronto.org/community/index.html]
[2013.drupalcamptoronto.org/users/rmcle/index.html]
[2013.drupalcamptoronto.org/users/creative-faze-inc/index.html]
[2013.drupalcamptoronto.org/users/mssuh21c/index.html]
[2013.drupalcamptoronto.org/users/mike117/index.html]
[2013.drupalcamptoronto.org/users/Mike117/index-2.html]
[2013.drupalcamptoronto.org/users/piotrekoper/index.html]
[2013.drupalcamptoronto.org/users/Piotrekoper/index-2.html]
[2013.drupalcamptoronto.org/users/danielleharlan/index.html]
[2013.drupalcamptoronto.org/users/istryker/index.html]
[2013.drupalcamptoronto.org/sites/default/files/styles/thumbnail/public/pictures/picture-270-1373660584/index.jpg]
[2013.drupalcamptoronto.org/users/iStryker/index-2.html]
[2013.drupalcamptoronto.org/users/shark/index.html]
[2013.drupalcamptoronto.org/sites/default/files/styles/thumbnail/public/pictures/picture-269-1373652394/index.jpg]
[2013.drupalcamptoronto.org/users/cleaver/index.html]
[2013.drupalcamptoronto.org/sites/default/files/styles/thumbnail/public/pictures/picture-268-1373644452/index.jpg]
[2013.drupalcamptoronto.org/users/user-advocate/index.html]
[2013.drupalcamptoronto.org/users/User-Advocate/index-2.html]
[2013.drupalcamptoronto.org/users/oznazilli/index.html]
[2013.drupalcamptoronto.org/users/jordanmt/index.html]
[2013.drupalcamptoronto.org/users/alyssamc/index.html]
[2013.drupalcamptoronto.org/users/AlyssaMc/index-2.html]
[2013.drupalcamptoronto.org/users/skaught/index.html]
[2013.drupalcamptoronto.org/users/SKAUGHT/index-2.html]
[2013.drupalcamptoronto.org/users/angelocp/index.html]
[2013.drupalcamptoronto.org/users/shadioetomo/index.html]
[2013.drupalcamptoronto.org/users/timpatrick/index.html]
[2013.drupalcamptoronto.org/users/_timpatrick/index.html]
[2013.drupalcamptoronto.org/users/abeer486/index.html]
[2013.drupalcamptoronto.org/users/ianferguson/index.html]
[2013.drupalcamptoronto.org/users/ian/index.ferguson]
[2013.drupalcamptoronto.org/users/adamshubat/index.html]
[2013.drupalcamptoronto.org/attendees/index1.html]
[2013.drupalcamptoronto.org/attendees/index2.html]
[2013.drupalcamptoronto.org/attendees/index3.html]
[2013.drupalcamptoronto.org/attendees/index4.html]
[2013.drupalcamptoronto.org/attendees/index5.html]
[2013.drupalcamptoronto.org/attendees/index6.html]
[2013.drupalcamptoronto.org/attendees/index7.html]
[2013.drupalcamptoronto.org/attendees/index.html]
[2013.drupalcamptoronto.org/attendees/index-2.html]
[2013.drupalcamptoronto.org/volunteers/index.html]
[2013.drupalcamptoronto.org/node/32/index.html]
[2013.drupalcamptoronto.org/node/7/index.html]
[twitter.com/dugto.cd/index.delayed]
[www.facebook.com/dugto.cf/index.delayed]
[2013.drupalcamptoronto.org/dug-to/index.html]
[2013.drupalcamptoronto.org/sites/default/files/dcto2012-dugto/index.jpg]
[2013.drupalcamptoronto.org/sponsorship-level/platinum/index.html]
[2013.drupalcamptoronto.org/sites/default/files/styles/sponsor_logo/public/logo-myplanetdigital/index.png]
[2013.drupalcamptoronto.org/sponsorship-level/gold/index.html]
[2013.drupalcamptoronto.org/sites/default/files/styles/sponsor_logo/public/logo-digitalechidna/index.png]
[2013.drupalcamptoronto.org/sites/default/files/styles/sponsor_logo/public/thereforelogo/index.png]
[2013.drupalcamptoronto.org/sponsorship-level/silver/index.html]
[2013.drupalcamptoronto.org/sites/default/files/styles/sponsor_logo/public/sponsor-silver-acquia/index.png]
[2013.drupalcamptoronto.org/sites/default/files/styles/sponsor_logo/public/logo-freeformsolutions_0/index.png]
[2013.drupalcamptoronto.org/sites/default/files/styles/sponsor_logo/public/logo-ryerson/index.png]
[2013.drupalcamptoronto.org/sites/default/files/styles/sponsor_logo/public/logo-kafeiinteractive/index.png]
[2013.drupalcamptoronto.org/sites/default/files/styles/sponsor_logo/public/logo-drupalizeme/index.png]
[2013.drupalcamptoronto.org/sites/default/files/styles/sponsor_logo/public/logo-nextide/index.png]
[2013.drupalcamptoronto.org/sites/default/files/styles/sponsor_logo/public/logo-civicactions/index.png]
[2013.drupalcamptoronto.org/sponsors/index.html]
[2013.drupalcamptoronto.org/sites/all/themes/at_dcto2013/images/logo-kalamuna/index.png]
[2013.drupalcamptoronto.org/become-a-sponsor/index.html]
[2013.drupalcamptoronto.org/node/33/index.html]
[2013.drupalcamptoronto.org/sites/default/files/slideshow/slides-06/index.jpg]
[2013.drupalcamptoronto.org/news/platinum-sponsor-interview-with-myplanet-digital/index.html]
[2013.drupalcamptoronto.org/user/register/index.html]
[2013.drupalcamptoronto.org/node/116/index.html]
[2013.drupalcamptoronto.org/user/2/index.html]
[2013.drupalcamptoronto.org/users/admin/index.html]
[2013.drupalcamptoronto.org/sites/default/files/styles/thumbnail/public/pictures/picture-2-1372182080/index.png]
[2013.drupalcamptoronto.org/sponsors/myplanet-digital/index.html]
[twitter.com/drupalcampto.2e/index.delayed]
[www.facebook.com/drupalcamptoronto.2f/index.delayed]
[2013.drupalcamptoronto.org/node/56/index.html]
[2013.drupalcamptoronto.org/news/vote-for-your-favourite-session/index.html]
[2013.drupalcamptoronto.org/news/registration-is-now-open/index.html]
[2013.drupalcamptoronto.org/node/57/index.html]
[2013.drupalcamptoronto.org/news/drupalcamp-toronto-2013-is-landing-soon/index.html]
[2013.drupalcamptoronto.org/node/38/index.html]
[2013.drupalcamptoronto.org/sponsors/therefore-interactive/index.html]
[2013.drupalcamptoronto.org/node/77/index.html]
[twitter.com/json/index.json]
[twitter.com/drupalcampto/index-2.html]
[twitter.com/drupalcampto/index-3.html]
[twitter.com/drupalcampto/index-4.html]
[twitter.com/drupalcampto/index-5.html]
[twitter.com/drupalcampto/index-6.html]
[twitter.com/drupalcampto/index-7.html]
[twitter.com/drupalcampto/index-8.html]
[twitter.com/drupalcampto/index-9.html]
[twitter.com/drupalcampto/index-10.html]
[twitter.com/drupalcampto/index-11.html]
[twitter.com/drupalcampto/index-12.html]
[twitter.com/drupalcampto/index-13.html]
[twitter.com/drupalcampto/index-14.html]
[twitter.com/drupalcampto/index-15.html]
[twitter.com/drupalcampto/index-16.html]
[twitter.com/drupalcampto/index-17.html]
[twitter.com/drupalcampto/index-18.html]
[twitter.com/drupalcampto/index-19.html]
[twitter.com/drupalcampto/index-20.html]
[twitter.com/drupalcampto/index-21.html]
[twitter.com/drupalcampto/index-22.html]
[twitter.com/drupalcampto/index-23.html]
[twitter.com/drupalcampto/index-24.html]
[twitter.com/drupalcampto/index-25.html]
[twitter.com/drupalcampto/index-26.html]
[twitter.com/drupalcampto/index-27.html]
[twitter.com/drupalcampto/index-28.html]
[twitter.com/drupalcampto/index-29.html]
[twitter.com/drupalcampto/index-30.html]
[twitter.com/drupalcampto/index-31.html]
[twitter.com/drupalcampto/index-32.html]
[twitter.com/drupalcampto/index-33.html]
[twitter.com/drupalcampto/index-34.html]
[twitter.com/drupalcampto/index-35.html]
[twitter.com/drupalcampto/index-36.html]
[twitter.com/drupalcampto/index-37.html]
[twitter.com/drupalcampto/index-38.html]
[twitter.com/drupalcampto/index-39.html]
[twitter.com/drupalcampto/index-40.html]
[twitter.com/drupalcampto/index-41.html]
[twitter.com/drupalcampto/index-42.html]
[twitter.com/drupalcampto/index-44.html]
[twitter.com/drupalcampto/index-43.html]
[twitter.com/drupalcampto/index-45.html]
[twitter.com/drupalcampto/index-46.html]
[twitter.com/drupalcampto/index-47.html]
[twitter.com/drupalcampto/index-48.html]
[twitter.com/android-app_/com.twitter.android/twitter/user.118/index.delayed]
[twitter.com/opensearch/index.xml]
[twitter.com/index/index.html]
[twitter.com/DrupalCampTO/index-49.html]
[twitter.com/DrupalCampTO/index-50.html]
[twitter.com/DrupalCampTO/index-51.html]
[twitter.com/DrupalCampTO/index-52.html]
[twitter.com/DrupalCampTO/index-53.html]
[twitter.com/DrupalCampTO/index-54.html]
[twitter.com/DrupalCampTO/index-55.html]
[twitter.com/DrupalCampTO/index-56.html]
[twitter.com/DrupalCampTO/index-57.html]
[twitter.com/DrupalCampTO/index-58.html]
[twitter.com/DrupalCampTO/index-59.html]
[twitter.com/DrupalCampTO/index-60.html]
[twitter.com/DrupalCampTO/index-61.html]
[twitter.com/DrupalCampTO/index-62.html]
[twitter.com/DrupalCampTO/index-63.html]
[twitter.com/DrupalCampTO/index-64.html]
[twitter.com/DrupalCampTO/index-65.html]
[twitter.com/DrupalCampTO/index-66.html]
[twitter.com/DrupalCampTO/index-67.html]
[twitter.com/DrupalCampTO/index-68.html]
[twitter.com/DrupalCampTO/index-69.html]
[twitter.com/DrupalCampTO/index-70.html]
[twitter.com/DrupalCampTO/index-71.html]
[twitter.com/DrupalCampTO/index-72.html]
[twitter.com/DrupalCampTO/index-73.html]
[twitter.com/DrupalCampTO/index-74.html]
[twitter.com/DrupalCampTO/index-75.html]
[twitter.com/DrupalCampTO/index-76.html]
[twitter.com/DrupalCampTO/index-77.html]
[twitter.com/DrupalCampTO/index-78.html]
[twitter.com/DrupalCampTO/index-79.html]
[twitter.com/DrupalCampTO/index-80.html]
[twitter.com/DrupalCampTO/index-81.html]
[twitter.com/DrupalCampTO/index-82.html]
[twitter.com/DrupalCampTO/index-83.html]
[twitter.com/DrupalCampTO/index-84.html]
[twitter.com/DrupalCampTO/index-85.html]
[twitter.com/DrupalCampTO/index-86.html]
[twitter.com/DrupalCampTO/index-87.html]
[twitter.com/DrupalCampTO/index-88.html]
[twitter.com/DrupalCampTO/index-89.html]
[twitter.com/DrupalCampTO/index-90.html]
[twitter.com/login/index.html]
[twitter.com/account/begin_password_reset/index.html]
[twitter.com/signup/index.html]
[twitter.com/DrupalCampTO/following.148/index.delayed]
[twitter.com/login/index-2.html]
[twitter.com/DrupalCampTO/followers.14a/index.delayed]
[twitter.com/login/index-3.html]
[twitter.com/DrupalCampTO/likes.14c/index.delayed]
[twitter.com/login/index-4.html]
[twitter.com/DrupalCampTO/lists.14e/index.delayed]
[twitter.com/login/index-5.html]
[twitter.com/hashtag/DrupalCampTO.150/index.delayed]
[twitter.com/hashtag/DrupalCampTO/index.html]
[twitter.com/DrupalCampTO/media/index.html]
[twitter.com/DrupalCampTO/with_replies/index.html]
[twitter.com/kaitlinnewson/index.html]
[twitter.com/kaitlinnewson/status/721095002244444161/index.html]
[twitter.com/rassoulli/index.html]
[twitter.com/DrupalCampTO/index.html]
[2013.drupalcamptoronto.org/sponsors/verge-interactive/index.html]
[2013.drupalcamptoronto.org/user/login/index.html]
[2013.drupalcamptoronto.org/sites/all/themes/at_dcto2013/css/fonts/ss-standard/index.svg]
[2013.drupalcamptoronto.org/sites/all/themes/at_dcto2013/css/fonts/ss-social-circle/index.svg]
[2013.drupalcamptoronto.org/sites/default/files/css/css_et-tYsag6SMGMAKgBbPz2Zc551MqCtUMgdN2wVk2MVk/index.css]
[2013.drupalcamptoronto.org/sites/default/files/css/css_VuFETsFIkQ427QSNqneS1kKjEkFocUq1WaSTluTysAQ/index.css]
[2013.drupalcamptoronto.org/sites/default/files/js/js_dHMwNjY_adPc2YCGtBe8GYyK1jLJkiVwazBkDl1opwA/index.js]
[2013.drupalcamptoronto.org/sponsors/digital-echidna/index.html]
[2013.drupalcamptoronto.org/sponsors/drupalizeme/index.html]
[2013.drupalcamptoronto.org/node/5/index.html]
[2013.drupalcamptoronto.org/sponsors/nextide/index.html]
[2013.drupalcamptoronto.org/node/40/index.html]
[2013.drupalcamptoronto.org/sites/default/files/css/css_acGomFg-W7r21R5bbH0Nvcpb3ky1n8AhhJQm8hxGccM/index.css]
[2013.drupalcamptoronto.org/sites/default/files/js/js_rnoIC4X3qZLmhzFNaXV9-SILOZXQVi0yBtpYtstoUaM/index.js]
[2013.drupalcamptoronto.org/sponsors/acquia/index.html]
[2013.drupalcamptoronto.org/search/user/index.html]
[2013.drupalcamptoronto.org/sponsors/ryerson-university/index.html]
[2013.drupalcamptoronto.org/user/password/index.html]
[2013.drupalcamptoronto.org/sponsors/kafei-interactive/index.html]
[2013.drupalcamptoronto.org/sponsors/civicactions/index.html]
[2013.drupalcamptoronto.org/node/35/index.html]
[2013.drupalcamptoronto.org/node/6/index.html]
[2013.drupalcamptoronto.org/node/114/index.html]
[2013.drupalcamptoronto.org/sessions/single-page-sites-with-backbonejs-and-drupal/index.html]
[2013.drupalcamptoronto.org/sessions/proviso-a-revolution-in-local-development/index.html]
[2013.drupalcamptoronto.org/sessions/agile-101/index.html]
[2013.drupalcamptoronto.org/sessions/do-the-right-thing-accessibility-and-inclusive-design/index.html]
[2013.drupalcamptoronto.org/sessions/migrate-all-the-things/index.html]
[2013.drupalcamptoronto.org/sessions/aegir-2-whats-new/index.html]
[2013.drupalcamptoronto.org/sessions/whose-hook-is-it-anyway-a-comedic-look-into-drupal-8/index.html]
[2013.drupalcamptoronto.org/sessions/how-to-incrementally-integrate-qa-in-an-agile-development-process/index.html]
[2013.drupalcamptoronto.org/sessions/git-makes-me-angry-inside/index.html]
[2013.drupalcamptoronto.org/sessions/building-drupal-sites-the-lean-way-via-content-strategy-and-agile-development/index.html]
[2013.drupalcamptoronto.org/sessions/managing-your-drupal-project-with-git/index.html]
[2013.drupalcamptoronto.org/sessions/from-interior-decorator-to-architect-changing-how-we-work/index.html]
[2013.drupalcamptoronto.org/sessions/modules-to-help-streamline-user-experience-improve-workflows/index.html]
[2013.drupalcamptoronto.org/sessions/case-study-building-a-conference-website-with-drupal/index.html]
[2013.drupalcamptoronto.org/sessions/drupal-distribution-strategies-translating-business-requirements-into-technical/index.html]
[2013.drupalcamptoronto.org/sessions/fast-local-development-with-kalabox-pantheon/index.html]
[2013.drupalcamptoronto.org/sessions/drupal-development-with-vagrant-getting-started/index.html]
[2013.drupalcamptoronto.org/sessions/case-study-drupal-in-highered-digital-textbooks-and-more/index.html]
[2013.drupalcamptoronto.org/sponsors/freeform-solutions/index.html]
[2013.drupalcamptoronto.org/node/29/index.html]
[2013.drupalcamptoronto.org/node/30/index.html]
[2013.drupalcamptoronto.org/node/add/session/index.html]
[2013.drupalcamptoronto.org/sites/default/files/js/js_f7OA7wwBAX5VgMM7dBh2IxNlG5lGe9XXyEEZTPNBFGE/index.js]
[2013.drupalcamptoronto.org/node/34/index.html]
[2013.drupalcamptoronto.org/users/rmcle/index.html]
[2013.drupalcamptoronto.org/users/creative-faze-inc/index.html]
[2013.drupalcamptoronto.org/users/mssuh21c/index.html]
[2013.drupalcamptoronto.org/users/mike117/index.html]
[2013.drupalcamptoronto.org/users/Mike117/index-2.html]
[2013.drupalcamptoronto.org/users/piotrekoper/index.html]
[2013.drupalcamptoronto.org/users/Piotrekoper/index-2.html]
[2013.drupalcamptoronto.org/users/danielleharlan/index.html]
[2013.drupalcamptoronto.org/users/istryker/index.html]
[2013.drupalcamptoronto.org/users/iStryker/index-2.html]
[2013.drupalcamptoronto.org/users/shark/index.html]
[2013.drupalcamptoronto.org/users/cleaver/index.html]
[2013.drupalcamptoronto.org/users/user-advocate/index.html]
[2013.drupalcamptoronto.org/users/User-Advocate/index-2.html]
[2013.drupalcamptoronto.org/users/oznazilli/index.html]
[2013.drupalcamptoronto.org/users/jordanmt/index.html]
[2013.drupalcamptoronto.org/users/alyssamc/index.html]
[2013.drupalcamptoronto.org/users/AlyssaMc/index-2.html]
[2013.drupalcamptoronto.org/users/skaught/index.html]
[2013.drupalcamptoronto.org/users/SKAUGHT/index-2.html]
[2013.drupalcamptoronto.org/users/angelocp/index.html]
[2013.drupalcamptoronto.org/users/shadioetomo/index.html]
[2013.drupalcamptoronto.org/users/timpatrick/index.html]
[2013.drupalcamptoronto.org/users/_timpatrick/index.html]
[2013.drupalcamptoronto.org/users/abeer486/index.html]
[2013.drupalcamptoronto.org/users/ianferguson/index.html]
[2013.drupalcamptoronto.org/users/ian/index.html]
[2013.drupalcamptoronto.org/users/adamshubat/index.html]
[2013.drupalcamptoronto.org/attendees/index1.html]
[2013.drupalcamptoronto.org/attendees/index2.html]
[2013.drupalcamptoronto.org/attendees/index3.html]
[2013.drupalcamptoronto.org/attendees/index4.html]
[2013.drupalcamptoronto.org/attendees/index5.html]
[2013.drupalcamptoronto.org/attendees/index6.html]
[2013.drupalcamptoronto.org/attendees/index7.html]
[2013.drupalcamptoronto.org/attendees/index-2.html]
[2013.drupalcamptoronto.org/node/32/index.html]
[2013.drupalcamptoronto.org/node/7/index.html]
[2013.drupalcamptoronto.org/sponsorship-level/platinum/index.html]
[2013.drupalcamptoronto.org/sponsorship-level/gold/index.html]
[2013.drupalcamptoronto.org/sponsorship-level/silver/index.html]
[2013.drupalcamptoronto.org/node/33/index.html]
[2013.drupalcamptoronto.org/user/register/index.html]
[2013.drupalcamptoronto.org/node/116/index.html]
[2013.drupalcamptoronto.org/user/2/index.html]
[2013.drupalcamptoronto.org/node/56/index.html]
[2013.drupalcamptoronto.org/news/vote-for-your-favourite-session/index.html]
[2013.drupalcamptoronto.org/node/57/index.html]
[2013.drupalcamptoronto.org/node/38/index.html]
[2013.drupalcamptoronto.org/node/77/index.html]
[twitter.com/hashtag/DrupalCampTO/index.html]
[twitter.com/DrupalCampTO/media/index.html]
[twitter.com/DrupalCampTO/with_replies/index.html]
[twitter.com/kaitlinnewson/index.html]
[twitter.com/kaitlinnewson/status/721095002244444161/index.html]
[twitter.com/rassoulli/index.html]
[twitter.com/rassoulli/status/721120552371490816/index.html]
[twitter.com/rassoulli/status/721120552371490816/index.html]
[2013.drupalcamptoronto.org/sites/default/files/DUG-TO_logo_160x232/index.png]
[2013.drupalcamptoronto.org/sites/default/files/getpantheon/index.png]
[2013.drupalcamptoronto.org/sites/all/themes/at_dcto2013/css/fonts/ss-standard/index.woff]
[2013.drupalcamptoronto.org/sites/all/themes/at_dcto2013/css/fonts/ss-social-regular/index.svg]
[2013.drupalcamptoronto.org/sites/all/themes/at_dcto2013/css/fonts/ss-social-circle/index.ttf]
[2013.drupalcamptoronto.org/has_js=1; path=/index/index.html]
[2013.drupalcamptoronto.org/sites/default/files/css/css_SJIMTPevqZ2kfsWUv381hqa_kp1GO9ynvz-KULUxlB4/index.css]
[2013.drupalcamptoronto.org/sites/default/files/pictures/default-icon/index.png]
[2013.drupalcamptoronto.org/users/Creative-Faze-Inc/index-2.html]
[2013.drupalcamptoronto.org/sites/default/files/styles/sponsor_logo/public/verge_logo3/index.png]
