[2013.drupalcamptoronto.org/index/index.html]
[backblue.gif]
[fade.gif]
[index.html]
[2013.drupalcamptoronto.org/sites/all/themes/at_dcto2013/favicon/index.ico]
[2013.drupalcamptoronto.org/rss/index.xml]
[2013.drupalcamptoronto.org/sites/all/themes/at_dcto2013/images/touch-icon-iphone/index.png]
[2013.drupalcamptoronto.org/sites/all/themes/at_dcto2013/images/touch-icon-ipad/index.png]
[2013.drupalcamptoronto.org/sites/all/themes/at_dcto2013/images/touch-icon-iphone-retina/index.png]
[2013.drupalcamptoronto.org/sites/all/themes/at_dcto2013/images/touch-icon-ipad-retina/index.png]
[2013.drupalcamptoronto.org/sites/all/themes/at_dcto2013/logo.6/index.delayed]
[2013.drupalcamptoronto.org/sites/default/files/slideshow/slides-09/index.jpg]
[2013.drupalcamptoronto.org/sites/default/files/slideshow/slides-04/index.jpg]
[2013.drupalcamptoronto.org/news/index.html]
[2013.drupalcamptoronto.org/aboot/index.html]
[2013.drupalcamptoronto.org/sites/default/files/slideshow/slides-06/index.jpg]
[2013.drupalcamptoronto.org/contact/index.html]
[2013.drupalcamptoronto.org/sites/default/files/slideshow/slides-07/index.jpg]
[2013.drupalcamptoronto.org/sites/default/files/styles/medium/public/logo-myplanetdigital/index.png]
[2013.drupalcamptoronto.org/sites/default/files/styles/medium/public/logo-civicactions/index.png]
[2013.drupalcamptoronto.org/sites/default/files/DUG-TO_logo_160x232/index.png]
[2013.drupalcamptoronto.org/sites/default/files/getpantheon/index.png]
[2013.drupalcamptoronto.org/index/index.html]
[2013.drupalcamptoronto.org/program/index.html]
[2013.drupalcamptoronto.org/cart/index.html]
[2013.drupalcamptoronto.org/location/index.html]
[2013.drupalcamptoronto.org/event-info/index.html]
[2013.drupalcamptoronto.org/sites/default/files/css/css_cP09dZwcUY9t5GT-96kZ3VBCeNjRiWqCVIMndOCpLUY/index.css]
[2013.drupalcamptoronto.org/sites/default/files/css/css_8I7LHsvv6MWiLjCsiyzR4diWrMgf28jd07qHr2WV944/index.css]
[2013.drupalcamptoronto.org/keynote-speakers/index.html]
[2013.drupalcamptoronto.org/bofs/index.html]
[2013.drupalcamptoronto.org/program/sessions/proposed/index.html]
[2013.drupalcamptoronto.org/program/sessions/index.html]
[2013.drupalcamptoronto.org/sites/all/themes/at_dcto2013/css/images/horizon480/index.png]
[2013.drupalcamptoronto.org/sites/all/themes/at_dcto2013/css/images/starscape480/index.png]
[2013.drupalcamptoronto.org/community/index.html]
[2013.drupalcamptoronto.org/attendees/index.html]
[2013.drupalcamptoronto.org/sites/all/themes/at_dcto2013/css/images/horizon800/index.png]
[2013.drupalcamptoronto.org/volunteers/index.html]
[2013.drupalcamptoronto.org/sites/all/themes/at_dcto2013/css/images/starscape800/index.png]
[2013.drupalcamptoronto.org/sites/all/themes/at_dcto2013/css/images/starscape1600/index.png]
[2013.drupalcamptoronto.org/sites/default/files/css/css_Ev6XYKXJzpU5nxmI9F2mAQ240FR7h5XJHIV0O2crMWU/index.css]
[2013.drupalcamptoronto.org/sites/default/files/js/js_zzcIWOou_jnX0ZWAIA4sb6Xy_p5a8FZNA0GySvuWjPU/index.js]
[2013.drupalcamptoronto.org/sponsors/index.html]
[2013.drupalcamptoronto.org/sites/default/files/js/js_rLX6tMJGf4gSpRVE_NHGUgIzSfFia9rNNZYcKT-TI4k/index.js]
[2013.drupalcamptoronto.org/sites/default/files/js/js_VyPMrI7PNxuD2x5Nx2rDHrjb5ecVSoEfdoNr8A81-Nk/index.js]
[2013.drupalcamptoronto.org/become-a-sponsor/index.html]
[2013.drupalcamptoronto.org/news/platinum-sponsor-interview-with-myplanet-digital/index.html]
[2013.drupalcamptoronto.org/news/index.xml]
[2013.drupalcamptoronto.org/users/admin/index.html]
[2013.drupalcamptoronto.org/sites/default/files/css/css_SJIMTPevqZ2kfsWUv381hqa_kp1GO9ynvz-KULUxlB4/index.css]
[2013.drupalcamptoronto.org/sponsors/myplanet-digital/index.html]
[2013.drupalcamptoronto.org/news/vote-for-your-favourite-session/index.html]
[2013.drupalcamptoronto.org/sites/default/files/styles/medium/public/thereforelogo/index.png]
[2013.drupalcamptoronto.org/news/registration-is-now-open/index.html]
[2013.drupalcamptoronto.org/sites/default/files/styles/medium/public/logo-ryerson/index.png]
[2013.drupalcamptoronto.org/news/drupalcamp-toronto-2013-is-landing-soon/index.html]
[2013.drupalcamptoronto.org/news/index.html]
[2013.drupalcamptoronto.org/aboot/index.html]
[2013.drupalcamptoronto.org/sponsors/civicactions/index.html]
[2013.drupalcamptoronto.org/sponsors/digital-echidna/index.html]
[2013.drupalcamptoronto.org/user/login/index.html]
[2013.drupalcamptoronto.org/contact/index.html]
[2013.drupalcamptoronto.org/sites/default/files/styles/medium/public/logo-drupalizeme/index.png]
[2013.drupalcamptoronto.org/has_js=1; path=/index/index.html]
[2013.drupalcamptoronto.org/sites/default/files/styles/medium/public/verge_logo3/index.png]
[2013.drupalcamptoronto.org/cart/index.html]
[2013.drupalcamptoronto.org/event-info/index.html]
[2013.drupalcamptoronto.org/sponsors/therefore-interactive/index.html]
[2013.drupalcamptoronto.org/sponsors/ryerson-university/index.html]
[2013.drupalcamptoronto.org/sites/default/files/dcto2013-csi-annex/index.jpg]
[2013.drupalcamptoronto.org/node/5/index.html]
[2013.drupalcamptoronto.org/sites/default/files/parking/index.png]
[2013.drupalcamptoronto.org/node/40/index.html]
[2013.drupalcamptoronto.org/location/index.html]
[2013.drupalcamptoronto.org/sponsors/drupalizeme/index.html]
[2013.drupalcamptoronto.org/sites/default/files/styles/medium/public/sponsor-silver-acquia/index.png]
[2013.drupalcamptoronto.org/program/index.html]
[2013.drupalcamptoronto.org/user/index.html]
[2013.drupalcamptoronto.org/sites/default/files/keynote-andrew-berry/index.jpg]
[2013.drupalcamptoronto.org/sponsors/verge-interactive/index.html]
[2013.drupalcamptoronto.org/sites/default/files/keynote-michael-keara/index.jpg]
[2013.drupalcamptoronto.org/keynote-speakers/index.html]
[2013.drupalcamptoronto.org/sites/default/files/styles/medium/public/logo-nextide/index.png]
[2013.drupalcamptoronto.org/bofs/index.html]
[2013.drupalcamptoronto.org/node/114/index.html]
[2013.drupalcamptoronto.org/program/sessions/proposed/index.html]
[2013.drupalcamptoronto.org/sessions/single-page-sites-with-backbonejs-and-drupal/index.html]
[2013.drupalcamptoronto.org/node/6/index.html]
[2013.drupalcamptoronto.org/sessions/proviso-a-revolution-in-local-development/index.html]
[2013.drupalcamptoronto.org/sessions/agile-101/index.html]
[2013.drupalcamptoronto.org/program/sessions/proposed/rss/index.html]
[2013.drupalcamptoronto.org/sessions/do-the-right-thing-accessibility-and-inclusive-design/index.html]
[2013.drupalcamptoronto.org/program/sessions/index.html]
[2013.drupalcamptoronto.org/sessions/migrate-all-the-things/index.html]
[2013.drupalcamptoronto.org/community/index.html]
[2013.drupalcamptoronto.org/sessions/aegir-2-whats-new/index.html]
[2013.drupalcamptoronto.org/sessions/whose-hook-is-it-anyway-a-comedic-look-into-drupal-8/index.html]
[2013.drupalcamptoronto.org/sessions/how-to-incrementally-integrate-qa-in-an-agile-development-process/index.html]
[2013.drupalcamptoronto.org/sites/default/files/pictures/default-icon/index.png]
[2013.drupalcamptoronto.org/sessions/git-makes-me-angry-inside/index.html]
[2013.drupalcamptoronto.org/sessions/building-drupal-sites-the-lean-way-via-content-strategy-and-agile-development/index.html]
[2013.drupalcamptoronto.org/users/Creative-Faze-Inc/index-2.html]
[2013.drupalcamptoronto.org/sessions/managing-your-drupal-project-with-git/index.html]
[2013.drupalcamptoronto.org/sites/default/files/styles/thumbnail/public/pictures/picture-270-1373660584/index.jpg]
[2013.drupalcamptoronto.org/sessions/from-interior-decorator-to-architect-changing-how-we-work/index.html]
[2013.drupalcamptoronto.org/sites/default/files/styles/thumbnail/public/pictures/picture-269-1373652394/index.jpg]
[2013.drupalcamptoronto.org/sessions/modules-to-help-streamline-user-experience-improve-workflows/index.html]
[2013.drupalcamptoronto.org/sites/default/files/styles/thumbnail/public/pictures/picture-268-1373644452/index.jpg]
[2013.drupalcamptoronto.org/sessions/case-study-building-a-conference-website-with-drupal/index.html]
[2013.drupalcamptoronto.org/sites/default/files/styles/medium/public/logo-kafeiinteractive/index.png]
[2013.drupalcamptoronto.org/attendees/index.html]
[2013.drupalcamptoronto.org/sessions/drupal-distribution-strategies-translating-business-requirements-into-technical/index.html]
[2013.drupalcamptoronto.org/volunteers/index.html]
[2013.drupalcamptoronto.org/sessions/fast-local-development-with-kalabox-pantheon/index.html]
[2013.drupalcamptoronto.org/sessions/drupal-development-with-vagrant-getting-started/index.html]
[2013.drupalcamptoronto.org/sessions/case-study-drupal-in-highered-digital-textbooks-and-more/index.html]
[2013.drupalcamptoronto.org/sponsors/acquia/index.html]
[2013.drupalcamptoronto.org/sites/default/files/styles/sponsor_logo/public/logo-myplanetdigital/index.png]
[2013.drupalcamptoronto.org/sites/default/files/styles/sponsor_logo/public/logo-digitalechidna/index.png]
[2013.drupalcamptoronto.org/node/29/index.html]
[2013.drupalcamptoronto.org/sites/default/files/styles/sponsor_logo/public/thereforelogo/index.png]
[2013.drupalcamptoronto.org/sponsors/freeform-solutions/index.html]
[2013.drupalcamptoronto.org/sites/default/files/styles/sponsor_logo/public/sponsor-silver-acquia/index.png]
[2013.drupalcamptoronto.org/node/30/index.html]
[2013.drupalcamptoronto.org/sponsors/nextide/index.html]
[2013.drupalcamptoronto.org/sites/default/files/styles/sponsor_logo/public/logo-freeformsolutions_0/index.png]
[2013.drupalcamptoronto.org/sites/default/files/styles/sponsor_logo/public/logo-ryerson/index.png]
[2013.drupalcamptoronto.org/node/add/session/index.html]
[2013.drupalcamptoronto.org/sites/default/files/styles/sponsor_logo/public/logo-kafeiinteractive/index.png]
[2013.drupalcamptoronto.org/node/34/index.html]
[2013.drupalcamptoronto.org/sites/default/files/styles/sponsor_logo/public/logo-drupalizeme/index.png]
[2013.drupalcamptoronto.org/users/rmcle/index.html]
[2013.drupalcamptoronto.org/sites/default/files/styles/sponsor_logo/public/logo-nextide/index.png]
[2013.drupalcamptoronto.org/users/creative-faze-inc/index.html]
[2013.drupalcamptoronto.org/sites/default/files/styles/sponsor_logo/public/verge_logo3/index.png]
[2013.drupalcamptoronto.org/sites/default/files/styles/sponsor_logo/public/logo-civicactions/index.png]
[2013.drupalcamptoronto.org/users/mssuh21c/index.html]
[2013.drupalcamptoronto.org/sponsors/index.html]
[2013.drupalcamptoronto.org/sites/all/themes/at_dcto2013/images/logo-kalamuna/index.png]
[2013.drupalcamptoronto.org/become-a-sponsor/index.html]
[2013.drupalcamptoronto.org/users/mike117/index.html]
[2013.drupalcamptoronto.org/users/piotrekoper/index.html]
[2013.drupalcamptoronto.org/users/Mike117/index-2.html]
[2013.drupalcamptoronto.org/news/platinum-sponsor-interview-with-myplanet-digital/index.html]
[2013.drupalcamptoronto.org/users/Piotrekoper/index-2.html]
[2013.drupalcamptoronto.org/users/danielleharlan/index.html]
[2013.drupalcamptoronto.org/users/istryker/index.html]
[2013.drupalcamptoronto.org/users/iStryker/index-2.html]
[2013.drupalcamptoronto.org/sites/default/files/styles/thumbnail/public/pictures/picture-2-1372182080/index.png]
[2013.drupalcamptoronto.org/users/admin/index.html]
[2013.drupalcamptoronto.org/sponsors/myplanet-digital/index.html]
[2013.drupalcamptoronto.org/users/shark/index.html]
[2013.drupalcamptoronto.org/users/user-advocate/index.html]
[2013.drupalcamptoronto.org/users/cleaver/index.html]
[2013.drupalcamptoronto.org/users/User-Advocate/index-2.html]
[2013.drupalcamptoronto.org/node/91/index.html]
[2013.drupalcamptoronto.org/users/oznazilli/index.html]
[2013.drupalcamptoronto.org/sessions/theming-drupal-your-first-sub-theme-workshop/index.html]
[2013.drupalcamptoronto.org/users/alyssamc/index.html]
[2013.drupalcamptoronto.org/users/jordanmt/index.html]
[2013.drupalcamptoronto.org/sessions/wysis-not-alwayswygbut-it-can-be/index.html]
[2013.drupalcamptoronto.org/users/AlyssaMc/index-2.html]
[2013.drupalcamptoronto.org/users/skaught/index.html]
[2013.drupalcamptoronto.org/sessions/community-convergence/index.html]
[2013.drupalcamptoronto.org/users/SKAUGHT/index-2.html]
[2013.drupalcamptoronto.org/users/angelocp/index.html]
[2013.drupalcamptoronto.org/sessions/agile-project-management-incorporating-tools-teams-and-fun/index.html]
[2013.drupalcamptoronto.org/users/shadioetomo/index.html]
[2013.drupalcamptoronto.org/users/timpatrick/index.html]
[2013.drupalcamptoronto.org/sessions/hands-on-agile-planning-estimation-game/index.html]
[2013.drupalcamptoronto.org/users/_timpatrick/index.html]
[2013.drupalcamptoronto.org/users/abeer486/index.html]
[2013.drupalcamptoronto.org/users/ianferguson/index.html]
[2013.drupalcamptoronto.org/sessions/keep-theming-simple-with-kalatheme-bootstrap-panelspanopoly-magic/index.html]
[2013.drupalcamptoronto.org/users/ian/index.html]
[2013.drupalcamptoronto.org/users/adamshubat/index.html]
[2013.drupalcamptoronto.org/news/vote-for-your-favourite-session/index.html]
[2013.drupalcamptoronto.org/sessions/power-for-the-masses-a-dev-workflow-metamodel-for-drupal-tourists-and-locals/index.html]
[2013.drupalcamptoronto.org/news/registration-is-now-open/index.html]
[2013.drupalcamptoronto.org/attendees/index3.html]
[2013.drupalcamptoronto.org/news/drupalcamp-toronto-2013-is-landing-soon/index.html]
[2013.drupalcamptoronto.org/attendees/index1.html]
[2013.drupalcamptoronto.org/attendees/index2.html]
[2013.drupalcamptoronto.org/attendees/index4.html]
[2013.drupalcamptoronto.org/attendees/index5.html]
[2013.drupalcamptoronto.org/node/74/index.html]
[2013.drupalcamptoronto.org/sponsors/digital-echidna/index.html]
[2013.drupalcamptoronto.org/attendees/index6.html]
[2013.drupalcamptoronto.org/attendees/index7.html]
[2013.drupalcamptoronto.org/attendees/index-2.html]
[2013.drupalcamptoronto.org/sponsors/kafei-interactive/index.html]
[2013.drupalcamptoronto.org/node/32/index.html]
[2013.drupalcamptoronto.org/sponsors/civicactions/index.html]
[2013.drupalcamptoronto.org/node/115/index.html]
[2013.drupalcamptoronto.org/user/login/index.html]
[2013.drupalcamptoronto.org/dug-to/index.html]
[2013.drupalcamptoronto.org/sponsorship-level/platinum/index.html]
[2013.drupalcamptoronto.org/sponsorship-level/gold/index.html]
[2013.drupalcamptoronto.org/sponsorship-level/silver/index.html]
[2013.drupalcamptoronto.org/misc/throbber/index.gif]
[2013.drupalcamptoronto.org/misc/grippie/index.png]
[2013.drupalcamptoronto.org/node/33/index.html]
[2013.drupalcamptoronto.org/sites/default/files/slideshow/slides-05/index.jpg]
[2013.drupalcamptoronto.org/misc/draggable/index.png]
[2013.drupalcamptoronto.org/misc/tree/index.png]
[2013.drupalcamptoronto.org/user/register/index.html]
[2013.drupalcamptoronto.org/misc/tree-bottom/index.png]
[2013.drupalcamptoronto.org/node/116/index.html]
[2013.drupalcamptoronto.org/misc/menu-expanded/index.png]
[2013.drupalcamptoronto.org/user/2/index.html]
[2013.drupalcamptoronto.org/misc/menu-collapsed/index.png]
[2013.drupalcamptoronto.org/node/56/index.html]
[2013.drupalcamptoronto.org/misc/menu-leaf/index.png]
[2013.drupalcamptoronto.org/node/57/index.html]
[2013.drupalcamptoronto.org/misc/message-24-ok/index.png]
[2013.drupalcamptoronto.org/node/38/index.html]
[2013.drupalcamptoronto.org/sites/default/files/styles/medium/public/logo-digitalechidna/index.png]
[2013.drupalcamptoronto.org/misc/message-24-warning/index.png]
[2013.drupalcamptoronto.org/user/password/index.html]
[2013.drupalcamptoronto.org/misc/message-24-error/index.png]
[2013.drupalcamptoronto.org/misc/help/index.png]
[2013.drupalcamptoronto.org/misc/progress/index.gif]
[2013.drupalcamptoronto.org/misc/forum-icons/index.png]
[2013.drupalcamptoronto.org/profiles/cod/modules/contrib/ckeditor/images/delete/index.png]
[2013.drupalcamptoronto.org/profiles/cod/modules/contrib/ctools/images/status-active/index.gif]
[2013.drupalcamptoronto.org/sites/all/libraries/flexslider/images/bg_direction_nav/index.png]
[2013.drupalcamptoronto.org/sites/all/libraries/superfish/images/arrows-ffffff/index.png]
[2013.drupalcamptoronto.org/sites/all/libraries/superfish/images/shadow/index.png]
[2013.drupalcamptoronto.org/sites/default/files/css/css_y7QQWAVKkp6YdX68reAnTlW2rYMmsRAIswQE8VzbLhI/index.css]
[2013.drupalcamptoronto.org/sites/all/libraries/superfish/images/arrows-ffffff-rtl/index.png]
[2013.drupalcamptoronto.org/sites/all/themes/at_dcto2013/css/fonts/ss-standard/index.woff]
[2013.drupalcamptoronto.org/sites/all/themes/at_dcto2013/css/fonts/ss-standard/index.eot]
[2013.drupalcamptoronto.org/sites/all/themes/at_dcto2013/css/fonts/ss-social-regular/index.eot]
[2013.drupalcamptoronto.org/sites/all/themes/at_dcto2013/css/fonts/ss-standard/index-2.eot]
[2013.drupalcamptoronto.org/sites/all/themes/at_dcto2013/css/fonts/ss-social-regular/index-2.eot]
[2013.drupalcamptoronto.org/sites/all/themes/at_dcto2013/css/fonts/ss-standard/index.ttf]
[2013.drupalcamptoronto.org/sites/all/themes/at_dcto2013/css/fonts/ss-social-regular/index.woff]
[2013.drupalcamptoronto.org/sites/all/themes/at_dcto2013/css/fonts/ss-social-regular/index.svg]
[2013.drupalcamptoronto.org/sites/all/themes/at_dcto2013/css/fonts/ss-social-circle/index.woff]
[2013.drupalcamptoronto.org/sites/all/themes/at_dcto2013/css/fonts/ss-social-regular/index.ttf]
[2013.drupalcamptoronto.org/sites/default/files/css/css_8SJRcCu6UmiVrHllBUTG6rWC54TERAaWh5STruRtMsY/index.css]
[2013.drupalcamptoronto.org/sites/all/themes/at_dcto2013/css/fonts/ss-social-circle/index-2.eot]
[2013.drupalcamptoronto.org/sites/all/themes/at_dcto2013/css/fonts/ss-social-circle/index.eot]
[2013.drupalcamptoronto.org/has_js=1; path=/index/index.html]
[2013.drupalcamptoronto.org/sites/default/files/css/css_et-tYsag6SMGMAKgBbPz2Zc551MqCtUMgdN2wVk2MVk/index.css]
[2013.drupalcamptoronto.org/sites/default/files/css/css_SJIMTPevqZ2kfsWUv381hqa_kp1GO9ynvz-KULUxlB4/index.css]
[2013.drupalcamptoronto.org/sites/default/files/css/css_VuFETsFIkQ427QSNqneS1kKjEkFocUq1WaSTluTysAQ/index.css]
[2013.drupalcamptoronto.org/sites/default/files/js/js_dHMwNjY_adPc2YCGtBe8GYyK1jLJkiVwazBkDl1opwA/index.js]
[2013.drupalcamptoronto.org/sponsors/therefore-interactive/index.html]
[2013.drupalcamptoronto.org/sites/all/themes/at_dcto2013/css/fonts/ss-social-circle/index.ttf]
[2013.drupalcamptoronto.org/sites/all/themes/at_dcto2013/css/images/horizon1600/index.png]
[2013.drupalcamptoronto.org/node/77/index.html]
[2013.drupalcamptoronto.org/sponsors/ryerson-university/index.html]
[2013.drupalcamptoronto.org/node/85/index.html]
[2013.drupalcamptoronto.org/node/event-info/index.html]
[2013.drupalcamptoronto.org/node/5/index.html]
[2013.drupalcamptoronto.org/node/40/index.html]
[2013.drupalcamptoronto.org/sites/default/files/css/css_acGomFg-W7r21R5bbH0Nvcpb3ky1n8AhhJQm8hxGccM/index.css]
[2013.drupalcamptoronto.org/sites/default/files/js/js_rnoIC4X3qZLmhzFNaXV9-SILOZXQVi0yBtpYtstoUaM/index.js]
[2013.drupalcamptoronto.org/sponsors/drupalizeme/index.html]
[2013.drupalcamptoronto.org/search/index.html]
[2013.drupalcamptoronto.org/user/index.html]
[2013.drupalcamptoronto.org/node/88/index.html]
[2013.drupalcamptoronto.org/sponsors/verge-interactive/index.html]
[2013.drupalcamptoronto.org/search/node/index.html]
[2013.drupalcamptoronto.org/node/93/index.html]
[2013.drupalcamptoronto.org/node/6/index.html]
[2013.drupalcamptoronto.org/node/35/index.html]
[2013.drupalcamptoronto.org/node/contact/index.html]
[2013.drupalcamptoronto.org/node/114/index.html]
[2013.drupalcamptoronto.org/node/62/index.html]
[2013.drupalcamptoronto.org/sites/default/files/css/css_uWYWS_0R4tZAacNuz2rzjkfMzhNP0K2hfWRqf1hXAH4/index.css]
[2013.drupalcamptoronto.org/sessions/single-page-sites-with-backbonejs-and-drupal/index.html]
[2013.drupalcamptoronto.org/sites/default/files/js/js_zOqfIvo-NQ1QxpkA3U0lZni5igZhLQ1bwSyra85IssU/index.js]
[2013.drupalcamptoronto.org/node/63/index.html]
[2013.drupalcamptoronto.org/sites/default/files/js/js_Na32vlMOR3LY3PUH8Xt2ORcNTdIWYXEw8sPW-iECrrY/index.js]
[2013.drupalcamptoronto.org/users/andrewmallis/index.html]
[2013.drupalcamptoronto.org/users/patcon/index.html]
[2013.drupalcamptoronto.org/modules/file/icons/application-pdf/index.png]
[2013.drupalcamptoronto.org/sessions/proviso-a-revolution-in-local-development/index.html]
[2013.drupalcamptoronto.org/sites/default/files/slides/#proviso- a revolution in local development/index.pdf]
[2013.drupalcamptoronto.org/sessions/agile-101/index.html]
[2013.drupalcamptoronto.org/node/81/index.html]
[2013.drupalcamptoronto.org/node/71/index.html]
[2013.drupalcamptoronto.org/sessions/do-the-right-thing-accessibility-and-inclusive-design/index.html]
[2013.drupalcamptoronto.org/sites/default/files/slides/Do-the-Right-Thing-presentation_0/index.pdf]
[2013.drupalcamptoronto.org/users/crispin/index.html]
[2013.drupalcamptoronto.org/node/67/index.html]
[2013.drupalcamptoronto.org/users/ryan-weal/index.html]
[2013.drupalcamptoronto.org/sessions/migrate-all-the-things/index.html]
[2013.drupalcamptoronto.org/node/69/index.html]
[2013.drupalcamptoronto.org/users/gboudrias/index.html]
[2013.drupalcamptoronto.org/sessions/aegir-2-whats-new/index.html]
[2013.drupalcamptoronto.org/node/84/index.html]
[2013.drupalcamptoronto.org/users/emarchak/index.html]
[2013.drupalcamptoronto.org/users/mparker17/index.html]
[2013.drupalcamptoronto.org/sessions/whose-hook-is-it-anyway-a-comedic-look-into-drupal-8/index.html]
[2013.drupalcamptoronto.org/node/68/index.html]
[2013.drupalcamptoronto.org/users/ezufelt/index.html]
[2013.drupalcamptoronto.org/users/benjaminmark/index.html]
[2013.drupalcamptoronto.org/sessions/how-to-incrementally-integrate-qa-in-an-agile-development-process/index.html]
[2013.drupalcamptoronto.org/node/75/index.html]
[2013.drupalcamptoronto.org/users/emmajane/index.html]
[2013.drupalcamptoronto.org/sessions/git-makes-me-angry-inside/index.html]
[2013.drupalcamptoronto.org/node/83/index.html]
[2013.drupalcamptoronto.org/users/kev/index.html]
[2013.drupalcamptoronto.org/sessions/building-drupal-sites-the-lean-way-via-content-strategy-and-agile-development/index.html]
[2013.drupalcamptoronto.org/node/70/index.html]
[2013.drupalcamptoronto.org/users/colan/index.html]
[2013.drupalcamptoronto.org/sites/default/files/slides/Managing Your Drupal Project with Git/index.pdf]
[2013.drupalcamptoronto.org/sessions/managing-your-drupal-project-with-git/index.html]
[2013.drupalcamptoronto.org/node/76/index.html]
[2013.drupalcamptoronto.org/sessions/from-interior-decorator-to-architect-changing-how-we-work/index.html]
[2013.drupalcamptoronto.org/node/72/index.html]
[2013.drupalcamptoronto.org/users/qasim/index.html]
[2013.drupalcamptoronto.org/sessions/modules-to-help-streamline-user-experience-improve-workflows/index.html]
[2013.drupalcamptoronto.org/node/58/index.html]
[2013.drupalcamptoronto.org/users/chris-luckhardt/index.html]
[2013.drupalcamptoronto.org/sessions/case-study-building-a-conference-website-with-drupal/index.html]
[2013.drupalcamptoronto.org/sites/default/files/slides/DCTO13-CaseStudy/index.pdf]
[2013.drupalcamptoronto.org/node/82/index.html]
[2013.drupalcamptoronto.org/users/sean-rioux/index.html]
[2013.drupalcamptoronto.org/sessions/drupal-distribution-strategies-translating-business-requirements-into-technical/index.html]
[2013.drupalcamptoronto.org/node/65/index.html]
[2013.drupalcamptoronto.org/sites/default/files/slides/Kalabox - Toronto 2013/index.pdf]
[2013.drupalcamptoronto.org/sessions/fast-local-development-with-kalabox-pantheon/index.html]
[2013.drupalcamptoronto.org/node/86/index.html]
[2013.drupalcamptoronto.org/users/amirkadivar/index.html]
[2013.drupalcamptoronto.org/sessions/drupal-development-with-vagrant-getting-started/index.html]
[2013.drupalcamptoronto.org/node/92/index.html]
[2013.drupalcamptoronto.org/users/ydahi/index.html]
[2013.drupalcamptoronto.org/sessions/case-study-drupal-in-highered-digital-textbooks-and-more/index.html]
[2013.drupalcamptoronto.org/node/61/index.html]
[2013.drupalcamptoronto.org/sponsors/acquia/index.html]
[2013.drupalcamptoronto.org/node/29/index.html]
[2013.drupalcamptoronto.org/node/78/index.html]
[2013.drupalcamptoronto.org/sponsors/freeform-solutions/index.html]
[2013.drupalcamptoronto.org/sites/default/files/styles/medium/public/logo-freeformsolutions_0/index.png]
[2013.drupalcamptoronto.org/node/30/index.html]
[2013.drupalcamptoronto.org/sponsors/nextide/index.html]
[2013.drupalcamptoronto.org/node/add/session/index.html]
[2013.drupalcamptoronto.org/sites/default/files/js/js_f7OA7wwBAX5VgMM7dBh2IxNlG5lGe9XXyEEZTPNBFGE/index.js]
[2013.drupalcamptoronto.org/node/34/index.html]
[2013.drupalcamptoronto.org/user/276/index.html]
[2013.drupalcamptoronto.org/users/rmcle/index.html]
[2013.drupalcamptoronto.org/user/275/index.html]
[2013.drupalcamptoronto.org/users/creative-faze-inc/index.html]
[2013.drupalcamptoronto.org/users/Creative-Faze-Inc/index-2.html]
[2013.drupalcamptoronto.org/user/274/index.html]
[2013.drupalcamptoronto.org/users/mssuh21c/index.html]
[2013.drupalcamptoronto.org/user/273/index.html]
[2013.drupalcamptoronto.org/users/mike117/index.html]
[2013.drupalcamptoronto.org/users/Mike117/index-2.html]
[2013.drupalcamptoronto.org/user/272/index.html]
[2013.drupalcamptoronto.org/users/piotrekoper/index.html]
[2013.drupalcamptoronto.org/users/Piotrekoper/index-2.html]
[2013.drupalcamptoronto.org/user/271/index.html]
[2013.drupalcamptoronto.org/users/danielleharlan/index.html]
[2013.drupalcamptoronto.org/user/270/index.html]
[2013.drupalcamptoronto.org/users/istryker/index.html]
[2013.drupalcamptoronto.org/users/iStryker/index-2.html]
[2013.drupalcamptoronto.org/user/269/index.html]
[2013.drupalcamptoronto.org/users/shark/index.html]
[2013.drupalcamptoronto.org/user/268/index.html]
[2013.drupalcamptoronto.org/users/cleaver/index.html]
[2013.drupalcamptoronto.org/user/267/index.html]
[2013.drupalcamptoronto.org/users/user-advocate/index.html]
[2013.drupalcamptoronto.org/users/User-Advocate/index-2.html]
[2013.drupalcamptoronto.org/user/266/index.html]
[2013.drupalcamptoronto.org/users/oznazilli/index.html]
[2013.drupalcamptoronto.org/user/265/index.html]
[2013.drupalcamptoronto.org/users/jordanmt/index.html]
[2013.drupalcamptoronto.org/user/264/index.html]
[2013.drupalcamptoronto.org/users/alyssamc/index.html]
[2013.drupalcamptoronto.org/users/AlyssaMc/index-2.html]
[2013.drupalcamptoronto.org/user/263/index.html]
[2013.drupalcamptoronto.org/users/skaught/index.html]
[2013.drupalcamptoronto.org/users/SKAUGHT/index-2.html]
[2013.drupalcamptoronto.org/user/262/index.html]
[2013.drupalcamptoronto.org/users/angelocp/index.html]
[2013.drupalcamptoronto.org/user/261/index.html]
[2013.drupalcamptoronto.org/users/shadioetomo/index.html]
[2013.drupalcamptoronto.org/user/260/index.html]
[2013.drupalcamptoronto.org/users/timpatrick/index.html]
[2013.drupalcamptoronto.org/users/_timpatrick/index.html]
[2013.drupalcamptoronto.org/user/258/index.html]
[2013.drupalcamptoronto.org/users/abeer486/index.html]
[2013.drupalcamptoronto.org/user/257/index.html]
[2013.drupalcamptoronto.org/users/ianferguson/index.html]
[2013.drupalcamptoronto.org/users/ian/index.html]
[2013.drupalcamptoronto.org/user/255/index.html]
[2013.drupalcamptoronto.org/users/adamshubat/index.html]
[2013.drupalcamptoronto.org/users/anne/index.html]
[2013.drupalcamptoronto.org/users/celinar/index.html]
[2013.drupalcamptoronto.org/users/celina/index.r]
[2013.drupalcamptoronto.org/users/mburpee/index.html]
[2013.drupalcamptoronto.org/sites/default/files/styles/thumbnail/public/pictures/picture-252-1373482681/index.jpg]
[2013.drupalcamptoronto.org/users/lmansurova/index.html]
[2013.drupalcamptoronto.org/users/salvi/index.html]
[2013.drupalcamptoronto.org/sites/default/files/styles/thumbnail/public/pictures/picture-246-1373476629/index.jpg]
[2013.drupalcamptoronto.org/users/blainelang/index.html]
[2013.drupalcamptoronto.org/sites/default/files/styles/thumbnail/public/pictures/picture-243-1373463445/index.jpg]
[2013.drupalcamptoronto.org/users/gabriel/index.html]
[2013.drupalcamptoronto.org/users/pdmackenzie/index.html]
[2013.drupalcamptoronto.org/sites/default/files/styles/thumbnail/public/pictures/picture-241-1373405277/index.jpg]
[2013.drupalcamptoronto.org/users/cacentappssgill/index.html]
[2013.drupalcamptoronto.org/users/CAC.Ent.Apps/index.SGill]
[2013.drupalcamptoronto.org/users/ayhanbasmisirli/index.html]
[2013.drupalcamptoronto.org/users/randy/index.html]
[2013.drupalcamptoronto.org/users/_randy/index.html]
[2013.drupalcamptoronto.org/users/michael-c-cottrell/index.html]
[2013.drupalcamptoronto.org/users/Michael-C/index.-Cottrell]
[2013.drupalcamptoronto.org/users/54carlos/index.html]
[2013.drupalcamptoronto.org/users/lolas/index.html]
[2013.drupalcamptoronto.org/users/ashtonbrian03/index.html]
[2013.drupalcamptoronto.org/users/jcottrell/index.html]
[2013.drupalcamptoronto.org/users/Jcottrell/index-2.html]
[2013.drupalcamptoronto.org/users/yoshicn/index.html]
[2013.drupalcamptoronto.org/users/vdewar/index.html]
[2013.drupalcamptoronto.org/users/noman-siddiqui/index.html]
[2013.drupalcamptoronto.org/sites/default/files/styles/thumbnail/public/pictures/picture-230-1373901677/index.jpg]
[2013.drupalcamptoronto.org/users/Noman-Siddiqui/index-2.html]
[2013.drupalcamptoronto.org/users/cheryl-fraser/index.html]
[2013.drupalcamptoronto.org/users/Cheryl-Fraser/index-2.html]
[2013.drupalcamptoronto.org/attendees/index1.html]
[2013.drupalcamptoronto.org/users/ogadai/index.html]
[2013.drupalcamptoronto.org/users/adewinne/index.html]
[2013.drupalcamptoronto.org/sites/default/files/styles/thumbnail/public/pictures/picture-227-1373280776/index.jpg]
[2013.drupalcamptoronto.org/users/nora/index.html]
[2013.drupalcamptoronto.org/sites/default/files/styles/thumbnail/public/pictures/picture-226-1373250812/index.jpg]
[2013.drupalcamptoronto.org/users/Nora/index-2.html]
[2013.drupalcamptoronto.org/users/jayesonearl/index.html]
[2013.drupalcamptoronto.org/users/cindy/index.html]
[2013.drupalcamptoronto.org/users/Cindy/index-2.html]
[2013.drupalcamptoronto.org/users/sumikrish/index.html]
[2013.drupalcamptoronto.org/users/gramor66/index.html]
[2013.drupalcamptoronto.org/users/phil/index.html]
[2013.drupalcamptoronto.org/sites/default/files/styles/thumbnail/public/pictures/picture-221-1373123337/index.jpg]
[2013.drupalcamptoronto.org/users/Phil/index-2.html]
[2013.drupalcamptoronto.org/users/kathc/index.html]
[2013.drupalcamptoronto.org/users/capnjav/index.html]
[2013.drupalcamptoronto.org/sites/default/files/styles/thumbnail/public/pictures/picture-219-1373119479/index.jpg]
[2013.drupalcamptoronto.org/users/zipdadoda/index.html]
[2013.drupalcamptoronto.org/users/designfitsu/index.html]
[2013.drupalcamptoronto.org/users/christopher-milne/index.html]
[2013.drupalcamptoronto.org/sites/default/files/styles/thumbnail/public/pictures/picture-216-1373069656/index.jpg]
[2013.drupalcamptoronto.org/users/Christopher-Milne/index-2.html]
[2013.drupalcamptoronto.org/users/picard102/index.html]
[2013.drupalcamptoronto.org/users/nate/index.html]
[2013.drupalcamptoronto.org/users/dbaonguis/index.html]
[2013.drupalcamptoronto.org/users/m4olivei/index.html]
[2013.drupalcamptoronto.org/sites/default/files/styles/thumbnail/public/pictures/picture-212-1373049833/index.jpg]
[2013.drupalcamptoronto.org/users/awaring/index.html]
[2013.drupalcamptoronto.org/users/alinicham/index.html]
[2013.drupalcamptoronto.org/users/aliyah613/index.html]
[2013.drupalcamptoronto.org/attendees/index2.html]
[2013.drupalcamptoronto.org/users/ibullock/index.html]
[2013.drupalcamptoronto.org/sites/default/files/styles/thumbnail/public/pictures/picture-208-1372961877/index.png]
[2013.drupalcamptoronto.org/users/travis-echidna/index.html]
[2013.drupalcamptoronto.org/users/lbainbridge/index.html]
[2013.drupalcamptoronto.org/sites/default/files/styles/thumbnail/public/pictures/picture-206-1372961893/index.jpg]
[2013.drupalcamptoronto.org/users/waynethayer/index.html]
[2013.drupalcamptoronto.org/sites/default/files/styles/thumbnail/public/pictures/picture-205-1372961866/index.jpg]
[2013.drupalcamptoronto.org/users/xylene/index.html]
[2013.drupalcamptoronto.org/users/andymci/index.html]
[2013.drupalcamptoronto.org/sites/default/files/styles/thumbnail/public/pictures/picture-202-1373635586/index.jpg]
[2013.drupalcamptoronto.org/users/amir/index.kadivar]
[2013.drupalcamptoronto.org/users/natearcher/index.html]
[2013.drupalcamptoronto.org/users/mvolodin/index.html]
[2013.drupalcamptoronto.org/users/tstockton/index.html]
[2013.drupalcamptoronto.org/users/littlecoding/index.html]
[2013.drupalcamptoronto.org/sites/default/files/styles/thumbnail/public/pictures/picture-197-1372792387/index.jpg]
[2013.drupalcamptoronto.org/users/LittleCoding/index-2.html]
[2013.drupalcamptoronto.org/users/kpaxman/index.html]
[2013.drupalcamptoronto.org/users/jonathan-cohlmeyer/index.html]
[2013.drupalcamptoronto.org/sites/default/files/styles/thumbnail/public/pictures/picture-195-1372786374/index.png]
[2013.drupalcamptoronto.org/users/Jonathan-Cohlmeyer/index-2.html]
[2013.drupalcamptoronto.org/users/pkiff/index.html]
[2013.drupalcamptoronto.org/users/erin/index.html]
[2013.drupalcamptoronto.org/users/nickgee/index.html]
[2013.drupalcamptoronto.org/users/kolafson/index.html]
[2013.drupalcamptoronto.org/sites/default/files/styles/thumbnail/public/pictures/picture-191-1372779757/index.jpg]
[2013.drupalcamptoronto.org/users/lykyd/index.html]
[2013.drupalcamptoronto.org/users/peterwooster/index.html]
[2013.drupalcamptoronto.org/sites/default/files/styles/thumbnail/public/pictures/picture-189-1372772603/index.jpg]
[2013.drupalcamptoronto.org/users/paulheidema/index.html]
[2013.drupalcamptoronto.org/sites/default/files/styles/thumbnail/public/pictures/picture-188-1372771155/index.png]
[2013.drupalcamptoronto.org/attendees/index3.html]
[2013.drupalcamptoronto.org/users/parakin/index.html]
[2013.drupalcamptoronto.org/users/u44589/index.html]
[2013.drupalcamptoronto.org/sites/default/files/styles/thumbnail/public/pictures/picture-183-1372524353/index.png]
[2013.drupalcamptoronto.org/users/deviantintegral/index.html]
[2013.drupalcamptoronto.org/sites/default/files/styles/thumbnail/public/pictures/picture-182-1372801214/index.jpg]
[2013.drupalcamptoronto.org/sites/default/files/styles/thumbnail/public/pictures/picture-180-1372776431/index.jpg]
[2013.drupalcamptoronto.org/users/Sean-Rioux/index-2.html]
[2013.drupalcamptoronto.org/users/vladpavlovic/index.html]
[2013.drupalcamptoronto.org/users/vlad/index.pavlovic]
[2013.drupalcamptoronto.org/users/davidm/index.html]
[2013.drupalcamptoronto.org/users/pgrucza/index.html]
[2013.drupalcamptoronto.org/sites/default/files/styles/thumbnail/public/pictures/picture-176-1372442886/index.png]
[2013.drupalcamptoronto.org/users/offdark/index.html]
[2013.drupalcamptoronto.org/users/cheripper/index.html]
[2013.drupalcamptoronto.org/users/thekenshow/index.html]
[2013.drupalcamptoronto.org/sites/default/files/styles/thumbnail/public/pictures/picture-173-1372426027/index.jpg]
[2013.drupalcamptoronto.org/users/pkhlop/index.html]
[2013.drupalcamptoronto.org/users/morgo/index.html]
[2013.drupalcamptoronto.org/users/colinchan/index.html]
[2013.drupalcamptoronto.org/users/rajeshjetty/index.html]
[2013.drupalcamptoronto.org/users/jsfwd/index.html]
[2013.drupalcamptoronto.org/users/tony/index.html]
[2013.drupalcamptoronto.org/users/Tony/index-2.html]
[2013.drupalcamptoronto.org/users/adixon/index.html]
[2013.drupalcamptoronto.org/sites/default/files/styles/thumbnail/public/pictures/picture-166-1372365643/index.jpg]
[2013.drupalcamptoronto.org/users/daven/index.html]
[2013.drupalcamptoronto.org/attendees/index4.html]
[2013.drupalcamptoronto.org/users/austinw/index.html]
[2013.drupalcamptoronto.org/users/AustinW/index-2.html]
[2013.drupalcamptoronto.org/users/meekazhu/index.html]
[2013.drupalcamptoronto.org/users/michaelpezzi/index.html]
[2013.drupalcamptoronto.org/sites/default/files/styles/thumbnail/public/pictures/picture-162-1372362221/index.png]
[2013.drupalcamptoronto.org/users/michael/index.pezzi]
[2013.drupalcamptoronto.org/users/elishamedeiros/index.html]
[2013.drupalcamptoronto.org/sites/default/files/styles/thumbnail/public/pictures/picture-155-1372353131/index.jpg]
[2013.drupalcamptoronto.org/sites/default/files/styles/thumbnail/public/pictures/picture-154-1372358389/index.jpg]
[2013.drupalcamptoronto.org/users/докvap/index.html]
[2013.drupalcamptoronto.org/users/ДокVap/index.html]
[2013.drupalcamptoronto.org/users/morinluc0/index.html]
[2013.drupalcamptoronto.org/users/MorinLuc0/index-2.html]
[2013.drupalcamptoronto.org/users/brundlefly/index.html]
[2013.drupalcamptoronto.org/sites/default/files/styles/thumbnail/public/pictures/picture-145-1372336987/index.png]
[2013.drupalcamptoronto.org/users/yuki/index.html]
[2013.drupalcamptoronto.org/users/darcyfiander/index.html]
[2013.drupalcamptoronto.org/users/darcy/index.fiander]
[2013.drupalcamptoronto.org/users/afoster/index.html]
[2013.drupalcamptoronto.org/users/dandelion/index.html]
[2013.drupalcamptoronto.org/users/9netwavecom/index.html]
[2013.drupalcamptoronto.org/sites/default/files/styles/thumbnail/public/pictures/picture-116-1372265030/index.jpg]
[2013.drupalcamptoronto.org/users/9netwave/index.com]
[2013.drupalcamptoronto.org/users/yaworsk/index.html]
[2013.drupalcamptoronto.org/users/benjamin_mark/index.html]
[2013.drupalcamptoronto.org/users/toreytaf/index.html]
[2013.drupalcamptoronto.org/users/makangus/index.html]
[2013.drupalcamptoronto.org/users/Ryan-Weal/index-2.html]
[2013.drupalcamptoronto.org/attendees/index5.html]
[2013.drupalcamptoronto.org/users/andremolnar/index.html]
[2013.drupalcamptoronto.org/sites/default/files/styles/thumbnail/public/pictures/picture-104-1372214356/index.jpg]
[2013.drupalcamptoronto.org/users/henrik-bechmann/index.html]
[2013.drupalcamptoronto.org/sites/default/files/styles/thumbnail/public/pictures/picture-102-1372201172/index.jpg]
[2013.drupalcamptoronto.org/users/Henrik-Bechmann/index-2.html]
[2013.drupalcamptoronto.org/users/jndvrk/index.html]
[2013.drupalcamptoronto.org/sites/default/files/styles/thumbnail/public/pictures/picture-99-1372254346/index.jpg]
[2013.drupalcamptoronto.org/users/balleyne/index.html]
[2013.drupalcamptoronto.org/sites/default/files/styles/thumbnail/public/pictures/picture-98-1372193073/index.jpg]
[2013.drupalcamptoronto.org/users/knicklabs/index.html]
[2013.drupalcamptoronto.org/sites/default/files/styles/thumbnail/public/pictures/picture-92-1373487224/index.jpg]
[2013.drupalcamptoronto.org/users/kamylo/index.html]
[2013.drupalcamptoronto.org/users/KAMYLO/index-2.html]
[2013.drupalcamptoronto.org/sites/default/files/styles/thumbnail/public/pictures/picture-88-1372783977/index.jpg]
[2013.drupalcamptoronto.org/users/robin416/index.html]
[2013.drupalcamptoronto.org/sites/default/files/styles/thumbnail/public/pictures/picture-87-1373648099/index.png]
[2013.drupalcamptoronto.org/sites/default/files/styles/thumbnail/public/pictures/picture-86-1372172590/index.png]
[2013.drupalcamptoronto.org/users/rob-loach/index.html]
[2013.drupalcamptoronto.org/users/Rob-Loach/index-2.html]
[2013.drupalcamptoronto.org/users/victord/index.html]
[2013.drupalcamptoronto.org/sites/default/files/styles/thumbnail/public/pictures/picture-83-1372167994/index.jpg]
[2013.drupalcamptoronto.org/users/kwit7/index.html]
[2013.drupalcamptoronto.org/users/arvinsingla/index.html]
[2013.drupalcamptoronto.org/users/kbahadur/index.html]
[2013.drupalcamptoronto.org/users/yoshi/index.html]
[2013.drupalcamptoronto.org/sites/default/files/styles/thumbnail/public/pictures/picture-75-1372130627/index.png]
[2013.drupalcamptoronto.org/users/Yoshi/index-2.html]
[2013.drupalcamptoronto.org/users/adamwhite/index.html]
[2013.drupalcamptoronto.org/sites/default/files/styles/thumbnail/public/pictures/picture-74-1372166671/index.jpg]
[2013.drupalcamptoronto.org/users/vamirbekyan/index.html]
[2013.drupalcamptoronto.org/sites/default/files/styles/thumbnail/public/pictures/picture-73-1372129608/index.jpg]
[2013.drupalcamptoronto.org/attendees/index6.html]
[2013.drupalcamptoronto.org/users/rahimlmecom/index.html]
[2013.drupalcamptoronto.org/users/rahiml@me/index.com]
[2013.drupalcamptoronto.org/users/csimpson/index.html]
[2013.drupalcamptoronto.org/users/lalit774/index.html]
[2013.drupalcamptoronto.org/sites/default/files/styles/thumbnail/public/pictures/picture-68-1372124138/index.jpg]
[2013.drupalcamptoronto.org/users/andrewfn/index.html]
[2013.drupalcamptoronto.org/sites/default/files/styles/thumbnail/public/pictures/picture-67-1372122161/index.jpg]
[2013.drupalcamptoronto.org/users/davidcolburn/index.html]
[2013.drupalcamptoronto.org/sites/default/files/styles/thumbnail/public/pictures/picture-62-1372119752/index.jpg]
[2013.drupalcamptoronto.org/users/david/index.colburn]
[2013.drupalcamptoronto.org/users/hamburgers/index.html]
[2013.drupalcamptoronto.org/sites/default/files/styles/thumbnail/public/pictures/picture-61-1372120522/index.jpg]
[2013.drupalcamptoronto.org/users/darko/index.html]
[2013.drupalcamptoronto.org/users/Darko/index-2.html]
[2013.drupalcamptoronto.org/users/walkah/index.html]
[2013.drupalcamptoronto.org/sites/default/files/styles/thumbnail/public/pictures/picture-59-1372117336/index.png]
[2013.drupalcamptoronto.org/sites/default/files/styles/thumbnail/public/pictures/picture-58-1372114876/index.jpg]
[2013.drupalcamptoronto.org/sites/default/files/styles/thumbnail/public/pictures/picture-57-1372114592/index.jpg]
[2013.drupalcamptoronto.org/users/Andrew_Mallis/index.html]
[2013.drupalcamptoronto.org/users/jpw1116/index.html]
[2013.drupalcamptoronto.org/sites/default/files/styles/thumbnail/public/pictures/picture-51-1372118065/index.jpg]
[2013.drupalcamptoronto.org/sites/default/files/styles/thumbnail/public/pictures/picture-32-1368476565/index.jpg]
[2013.drupalcamptoronto.org/users/Chris-Luckhardt/index-2.html]
[2013.drupalcamptoronto.org/users/patricia/index.html]
[2013.drupalcamptoronto.org/sites/default/files/styles/thumbnail/public/pictures/picture-13-1368500411/index.jpg]
[2013.drupalcamptoronto.org/sites/default/files/styles/thumbnail/public/pictures/picture-12-1368048333/index.png]
[2013.drupalcamptoronto.org/attendees/index7.html]
[2013.drupalcamptoronto.org/attendees/index-2.html]
[2013.drupalcamptoronto.org/node/87/index.html]
[2013.drupalcamptoronto.org/sponsors/kafei-interactive/index.html]
[2013.drupalcamptoronto.org/node/32/index.html]
[2013.drupalcamptoronto.org/sites/default/files/dcto2012-dugto/index.jpg]
[2013.drupalcamptoronto.org/dug-to/index.html]
[2013.drupalcamptoronto.org/taxonomy/term/2/index.html]
[2013.drupalcamptoronto.org/taxonomy/term/2/feed/index.html]
[2013.drupalcamptoronto.org/sites/default/files/css/css_vOLI1Mf2ezM9xbQEm_fSgWLcY6rxuBdaz2Cnj_6-Zf8/index.css]
[2013.drupalcamptoronto.org/sponsorship-level/platinum/index.html]
[2013.drupalcamptoronto.org/taxonomy/term/3/index.html]
[2013.drupalcamptoronto.org/taxonomy/term/3/feed/index.html]
[2013.drupalcamptoronto.org/sponsorship-level/gold/index.html]
[2013.drupalcamptoronto.org/taxonomy/term/4/index.html]
[2013.drupalcamptoronto.org/taxonomy/term/4/feed/index.html]
[2013.drupalcamptoronto.org/sponsorship-level/silver/index.html]
[2013.drupalcamptoronto.org/node/33/index.html]
[2013.drupalcamptoronto.org/user/register/index.html]
[2013.drupalcamptoronto.org/node/116/index.html]
[2013.drupalcamptoronto.org/user/2/index.html]
[2013.drupalcamptoronto.org/node/56/index.html]
[2013.drupalcamptoronto.org/node/91/index.html]
[2013.drupalcamptoronto.org/node/98/index.html]
[2013.drupalcamptoronto.org/sessions/theming-drupal-your-first-sub-theme-workshop/index.html]
[2013.drupalcamptoronto.org/node/66/index.html]
[2013.drupalcamptoronto.org/sessions/wysis-not-alwayswygbut-it-can-be/index.html]
[2013.drupalcamptoronto.org/node/90/index.html]
[2013.drupalcamptoronto.org/sessions/community-convergence/index.html]
[2013.drupalcamptoronto.org/node/73/index.html]
[2013.drupalcamptoronto.org/sessions/agile-project-management-incorporating-tools-teams-and-fun/index.html]
[2013.drupalcamptoronto.org/node/80/index.html]
[2013.drupalcamptoronto.org/sessions/hands-on-agile-planning-estimation-game/index.html]
[2013.drupalcamptoronto.org/node/64/index.html]
[2013.drupalcamptoronto.org/sessions/keep-theming-simple-with-kalatheme-bootstrap-panelspanopoly-magic/index.html]
[2013.drupalcamptoronto.org/node/79/index.html]
[2013.drupalcamptoronto.org/sessions/power-for-the-masses-a-dev-workflow-metamodel-for-drupal-tourists-and-locals/index.html]
[2013.drupalcamptoronto.org/node/57/index.html]
[2013.drupalcamptoronto.org/node/38/index.html]
[2013.drupalcamptoronto.org/node/74/index.html]
[2013.drupalcamptoronto.org/node/115/index.html]
[2013.drupalcamptoronto.org/user/password/index.html]
[2013.drupalcamptoronto.org/profiles/cod/modules/contrib/ckeditor/images/tick/index.png]
[2013.drupalcamptoronto.org/sites/all/themes/at_dcto2013/css/fonts/ss-standard/index.svg]
[2013.drupalcamptoronto.org/sites/all/themes/at_dcto2013/css/fonts/ss-social-regular/index.svg]
[2013.drupalcamptoronto.org/sites/all/themes/at_dcto2013/css/fonts/ss-social-circle/index.svg]
[2013.drupalcamptoronto.org/node/77/index.html]
[2013.drupalcamptoronto.org/node/85/index.html]
[2013.drupalcamptoronto.org/node/event-info/index.html]
[2013.drupalcamptoronto.org/node/88/index.html]
[2013.drupalcamptoronto.org/search/node/index.html]
[2013.drupalcamptoronto.org/search/user/index.html]
[2013.drupalcamptoronto.org/node/93/index.html]
[2013.drupalcamptoronto.org/node/35/index.html]
[2013.drupalcamptoronto.org/node/contact/index.html]
[2013.drupalcamptoronto.org/node/62/index.html]
[2013.drupalcamptoronto.org/misc/ui/images/ui-bg_glass_75_e6e6e6_1x400/index.png]
[2013.drupalcamptoronto.org/sites/default/files/css/css_uWYWS_0R4tZAacNuz2rzjkfMzhNP0K2hfWRqf1hXAH4/index.css]
[2013.drupalcamptoronto.org/sites/default/files/js/js_zOqfIvo-NQ1QxpkA3U0lZni5igZhLQ1bwSyra85IssU/index.js]
[2013.drupalcamptoronto.org/node/63/index.html]
[2013.drupalcamptoronto.org/sites/default/files/js/js_Na32vlMOR3LY3PUH8Xt2ORcNTdIWYXEw8sPW-iECrrY/index.js]
[2013.drupalcamptoronto.org/user/57/index.html]
[2013.drupalcamptoronto.org/users/andrewmallis/index.html]
[2013.drupalcamptoronto.org/user/127/index.html]
[2013.drupalcamptoronto.org/users/patcon/index.html]
[2013.drupalcamptoronto.org/node/81/index.html]
[2013.drupalcamptoronto.org/node/71/index.html]
[2013.drupalcamptoronto.org/users/shanly/index.html]
[2013.drupalcamptoronto.org/users/crispin/index.html]
[2013.drupalcamptoronto.org/user/12/index.html]
[2013.drupalcamptoronto.org/node/67/index.html]
[2013.drupalcamptoronto.org/users/ryan-weal/index.html]
[2013.drupalcamptoronto.org/node/69/index.html]
[2013.drupalcamptoronto.org/user/105/index.html]
[2013.drupalcamptoronto.org/users/gboudrias/index.html]
[2013.drupalcamptoronto.org/node/84/index.html]
[2013.drupalcamptoronto.org/user/95/index.html]
[2013.drupalcamptoronto.org/users/emarchak/index.html]
[2013.drupalcamptoronto.org/user/88/index.html]
[2013.drupalcamptoronto.org/users/mparker17/index.html]
[2013.drupalcamptoronto.org/node/68/index.html]
[2013.drupalcamptoronto.org/user/86/index.html]
[2013.drupalcamptoronto.org/users/ezufelt/index.html]
[2013.drupalcamptoronto.org/user/78/index.html]
[2013.drupalcamptoronto.org/users/benjaminmark/index.html]
[2013.drupalcamptoronto.org/node/75/index.html]
[2013.drupalcamptoronto.org/user/111/index.html]
[2013.drupalcamptoronto.org/users/emmajane/index.html]
[2013.drupalcamptoronto.org/node/83/index.html]
[2013.drupalcamptoronto.org/user/183/index.html]
[2013.drupalcamptoronto.org/users/kev/index.html]
[2013.drupalcamptoronto.org/node/70/index.html]
[2013.drupalcamptoronto.org/user/58/index.html]
[2013.drupalcamptoronto.org/users/colan/index.html]
[2013.drupalcamptoronto.org/node/76/index.html]
[2013.drupalcamptoronto.org/node/72/index.html]
[2013.drupalcamptoronto.org/user/154/index.html]
[2013.drupalcamptoronto.org/users/qasim/index.html]
[2013.drupalcamptoronto.org/node/58/index.html]
[2013.drupalcamptoronto.org/user/176/index.html]
[2013.drupalcamptoronto.org/users/chris-luckhardt/index.html]
[2013.drupalcamptoronto.org/node/82/index.html]
[2013.drupalcamptoronto.org/user/32/index.html]
[2013.drupalcamptoronto.org/users/sean-rioux/index.html]
[2013.drupalcamptoronto.org/node/65/index.html]
[2013.drupalcamptoronto.org/node/86/index.html]
[2013.drupalcamptoronto.org/user/180/index.html]
[2013.drupalcamptoronto.org/users/amirkadivar/index.html]
[2013.drupalcamptoronto.org/node/92/index.html]
[2013.drupalcamptoronto.org/user/202/index.html]
[2013.drupalcamptoronto.org/users/ydahi/index.html]
[2013.drupalcamptoronto.org/node/61/index.html]
[2013.drupalcamptoronto.org/node/78/index.html]
[2013.drupalcamptoronto.org/user/276/index.html]
[2013.drupalcamptoronto.org/user/275/index.html]
[2013.drupalcamptoronto.org/user/274/index.html]
[2013.drupalcamptoronto.org/user/273/index.html]
[2013.drupalcamptoronto.org/user/272/index.html]
[2013.drupalcamptoronto.org/user/271/index.html]
[2013.drupalcamptoronto.org/user/270/index.html]
[2013.drupalcamptoronto.org/user/269/index.html]
[2013.drupalcamptoronto.org/user/268/index.html]
[2013.drupalcamptoronto.org/user/267/index.html]
[2013.drupalcamptoronto.org/user/266/index.html]
[2013.drupalcamptoronto.org/user/265/index.html]
[2013.drupalcamptoronto.org/user/264/index.html]
[2013.drupalcamptoronto.org/user/263/index.html]
[2013.drupalcamptoronto.org/user/262/index.html]
[2013.drupalcamptoronto.org/user/261/index.html]
[2013.drupalcamptoronto.org/user/260/index.html]
[2013.drupalcamptoronto.org/user/258/index.html]
[2013.drupalcamptoronto.org/user/257/index.html]
[2013.drupalcamptoronto.org/user/255/index.html]
[2013.drupalcamptoronto.org/user/158/index.html]
[2013.drupalcamptoronto.org/node/89/index.html]
[2013.drupalcamptoronto.org/users/anne/index.html]
[2013.drupalcamptoronto.org/user/254/index.html]
[2013.drupalcamptoronto.org/users/celinar/index.html]
[2013.drupalcamptoronto.org/users/celina/index.html]
[2013.drupalcamptoronto.org/user/253/index.html]
[2013.drupalcamptoronto.org/users/mburpee/index.html]
[2013.drupalcamptoronto.org/user/252/index.html]
[2013.drupalcamptoronto.org/users/lmansurova/index.html]
[2013.drupalcamptoronto.org/user/247/index.html]
[2013.drupalcamptoronto.org/users/salvi/index.html]
[2013.drupalcamptoronto.org/user/246/index.html]
[2013.drupalcamptoronto.org/users/blainelang/index.html]
[2013.drupalcamptoronto.org/user/243/index.html]
[2013.drupalcamptoronto.org/users/gabriel/index.html]
[2013.drupalcamptoronto.org/user/242/index.html]
[2013.drupalcamptoronto.org/users/pdmackenzie/index.html]
[2013.drupalcamptoronto.org/user/241/index.html]
[2013.drupalcamptoronto.org/users/cacentappssgill/index.html]
[2013.drupalcamptoronto.org/users/CAC.Ent.Apps/index.html]
[2013.drupalcamptoronto.org/user/240/index.html]
[2013.drupalcamptoronto.org/users/ayhanbasmisirli/index.html]
[2013.drupalcamptoronto.org/user/239/index.html]
[2013.drupalcamptoronto.org/users/randy/index.html]
[2013.drupalcamptoronto.org/users/_randy/index.html]
[2013.drupalcamptoronto.org/user/238/index.html]
[2013.drupalcamptoronto.org/users/michael-c-cottrell/index.html]
[2013.drupalcamptoronto.org/users/Michael-C/index.html]
[2013.drupalcamptoronto.org/user/237/index.html]
[2013.drupalcamptoronto.org/users/54carlos/index.html]
[2013.drupalcamptoronto.org/user/236/index.html]
[2013.drupalcamptoronto.org/users/lolas/index.html]
[2013.drupalcamptoronto.org/user/235/index.html]
[2013.drupalcamptoronto.org/users/ashtonbrian03/index.html]
[2013.drupalcamptoronto.org/user/234/index.html]
[2013.drupalcamptoronto.org/users/jcottrell/index.html]
[2013.drupalcamptoronto.org/users/Jcottrell/index-2.html]
[2013.drupalcamptoronto.org/user/233/index.html]
[2013.drupalcamptoronto.org/users/yoshicn/index.html]
[2013.drupalcamptoronto.org/user/232/index.html]
[2013.drupalcamptoronto.org/users/vdewar/index.html]
[2013.drupalcamptoronto.org/user/231/index.html]
[2013.drupalcamptoronto.org/users/noman-siddiqui/index.html]
[2013.drupalcamptoronto.org/users/Noman-Siddiqui/index-2.html]
[2013.drupalcamptoronto.org/user/230/index.html]
[2013.drupalcamptoronto.org/users/cheryl-fraser/index.html]
[2013.drupalcamptoronto.org/users/Cheryl-Fraser/index-2.html]
[2013.drupalcamptoronto.org/user/229/index.html]
[2013.drupalcamptoronto.org/users/ogadai/index.html]
[2013.drupalcamptoronto.org/user/228/index.html]
[2013.drupalcamptoronto.org/users/adewinne/index.html]
[2013.drupalcamptoronto.org/user/227/index.html]
[2013.drupalcamptoronto.org/users/nora/index.html]
[2013.drupalcamptoronto.org/users/Nora/index-2.html]
[2013.drupalcamptoronto.org/user/226/index.html]
[2013.drupalcamptoronto.org/users/jayesonearl/index.html]
[2013.drupalcamptoronto.org/user/225/index.html]
[2013.drupalcamptoronto.org/users/cindy/index.html]
[2013.drupalcamptoronto.org/users/Cindy/index-2.html]
[2013.drupalcamptoronto.org/user/224/index.html]
[2013.drupalcamptoronto.org/users/sumikrish/index.html]
[2013.drupalcamptoronto.org/user/223/index.html]
[2013.drupalcamptoronto.org/users/gramor66/index.html]
[2013.drupalcamptoronto.org/user/222/index.html]
[2013.drupalcamptoronto.org/users/phil/index.html]
[2013.drupalcamptoronto.org/users/Phil/index-2.html]
[2013.drupalcamptoronto.org/user/221/index.html]
[2013.drupalcamptoronto.org/users/kathc/index.html]
[2013.drupalcamptoronto.org/user/220/index.html]
[2013.drupalcamptoronto.org/users/capnjav/index.html]
[2013.drupalcamptoronto.org/user/219/index.html]
[2013.drupalcamptoronto.org/users/zipdadoda/index.html]
[2013.drupalcamptoronto.org/user/218/index.html]
[2013.drupalcamptoronto.org/users/designfitsu/index.html]
[2013.drupalcamptoronto.org/user/217/index.html]
[2013.drupalcamptoronto.org/users/christopher-milne/index.html]
[2013.drupalcamptoronto.org/users/Christopher-Milne/index-2.html]
[2013.drupalcamptoronto.org/user/216/index.html]
[2013.drupalcamptoronto.org/users/picard102/index.html]
[2013.drupalcamptoronto.org/user/215/index.html]
[2013.drupalcamptoronto.org/users/nate/index.html]
[2013.drupalcamptoronto.org/user/214/index.html]
[2013.drupalcamptoronto.org/users/dbaonguis/index.html]
[2013.drupalcamptoronto.org/user/213/index.html]
[2013.drupalcamptoronto.org/users/m4olivei/index.html]
[2013.drupalcamptoronto.org/user/212/index.html]
[2013.drupalcamptoronto.org/users/awaring/index.html]
[2013.drupalcamptoronto.org/user/211/index.html]
[2013.drupalcamptoronto.org/users/alinicham/index.html]
[2013.drupalcamptoronto.org/user/210/index.html]
[2013.drupalcamptoronto.org/users/aliyah613/index.html]
[2013.drupalcamptoronto.org/user/209/index.html]
[2013.drupalcamptoronto.org/users/ibullock/index.html]
[2013.drupalcamptoronto.org/user/208/index.html]
[2013.drupalcamptoronto.org/users/travis-echidna/index.html]
[2013.drupalcamptoronto.org/user/207/index.html]
[2013.drupalcamptoronto.org/users/lbainbridge/index.html]
[2013.drupalcamptoronto.org/user/206/index.html]
[2013.drupalcamptoronto.org/users/waynethayer/index.html]
[2013.drupalcamptoronto.org/user/205/index.html]
[2013.drupalcamptoronto.org/users/xylene/index.html]
[2013.drupalcamptoronto.org/user/204/index.html]
[2013.drupalcamptoronto.org/users/andymci/index.html]
[2013.drupalcamptoronto.org/users/amir/index.html]
[2013.drupalcamptoronto.org/user/203/index.html]
[2013.drupalcamptoronto.org/users/natearcher/index.html]
[2013.drupalcamptoronto.org/user/200/index.html]
[2013.drupalcamptoronto.org/users/mvolodin/index.html]
[2013.drupalcamptoronto.org/user/199/index.html]
[2013.drupalcamptoronto.org/users/tstockton/index.html]
[2013.drupalcamptoronto.org/user/198/index.html]
[2013.drupalcamptoronto.org/users/littlecoding/index.html]
[2013.drupalcamptoronto.org/users/LittleCoding/index-2.html]
[2013.drupalcamptoronto.org/user/197/index.html]
[2013.drupalcamptoronto.org/users/kpaxman/index.html]
[2013.drupalcamptoronto.org/user/196/index.html]
[2013.drupalcamptoronto.org/users/jonathan-cohlmeyer/index.html]
[2013.drupalcamptoronto.org/users/Jonathan-Cohlmeyer/index-2.html]
[2013.drupalcamptoronto.org/user/195/index.html]
[2013.drupalcamptoronto.org/users/pkiff/index.html]
[2013.drupalcamptoronto.org/user/194/index.html]
[2013.drupalcamptoronto.org/users/erin/index.html]
[2013.drupalcamptoronto.org/user/193/index.html]
[2013.drupalcamptoronto.org/users/nickgee/index.html]
[2013.drupalcamptoronto.org/user/192/index.html]
[2013.drupalcamptoronto.org/users/kolafson/index.html]
[2013.drupalcamptoronto.org/user/191/index.html]
[2013.drupalcamptoronto.org/users/lykyd/index.html]
[2013.drupalcamptoronto.org/user/190/index.html]
[2013.drupalcamptoronto.org/users/peterwooster/index.html]
[2013.drupalcamptoronto.org/user/189/index.html]
[2013.drupalcamptoronto.org/users/paulheidema/index.html]
[2013.drupalcamptoronto.org/user/188/index.html]
[2013.drupalcamptoronto.org/users/parakin/index.html]
[2013.drupalcamptoronto.org/user/187/index.html]
[2013.drupalcamptoronto.org/users/u44589/index.html]
[2013.drupalcamptoronto.org/user/184/index.html]
[2013.drupalcamptoronto.org/users/deviantintegral/index.html]
[2013.drupalcamptoronto.org/users/Sean-Rioux/index-2.html]
[2013.drupalcamptoronto.org/user/182/index.html]
[2013.drupalcamptoronto.org/users/vladpavlovic/index.html]
[2013.drupalcamptoronto.org/users/vlad/index.html]
[2013.drupalcamptoronto.org/user/179/index.html]
[2013.drupalcamptoronto.org/users/davidm/index.html]
[2013.drupalcamptoronto.org/user/178/index.html]
[2013.drupalcamptoronto.org/users/pgrucza/index.html]
[2013.drupalcamptoronto.org/user/177/index.html]
[2013.drupalcamptoronto.org/users/offdark/index.html]
[2013.drupalcamptoronto.org/user/175/index.html]
[2013.drupalcamptoronto.org/users/cheripper/index.html]
[2013.drupalcamptoronto.org/user/174/index.html]
[2013.drupalcamptoronto.org/users/thekenshow/index.html]
[2013.drupalcamptoronto.org/user/173/index.html]
[2013.drupalcamptoronto.org/users/pkhlop/index.html]
[2013.drupalcamptoronto.org/user/172/index.html]
[2013.drupalcamptoronto.org/users/morgo/index.html]
[2013.drupalcamptoronto.org/user/171/index.html]
[2013.drupalcamptoronto.org/users/colinchan/index.html]
[2013.drupalcamptoronto.org/user/170/index.html]
[2013.drupalcamptoronto.org/users/rajeshjetty/index.html]
[2013.drupalcamptoronto.org/user/169/index.html]
[2013.drupalcamptoronto.org/users/jsfwd/index.html]
[2013.drupalcamptoronto.org/user/168/index.html]
[2013.drupalcamptoronto.org/users/tony/index.html]
[2013.drupalcamptoronto.org/users/Tony/index-2.html]
[2013.drupalcamptoronto.org/user/167/index.html]
[2013.drupalcamptoronto.org/users/adixon/index.html]
[2013.drupalcamptoronto.org/user/166/index.html]
[2013.drupalcamptoronto.org/users/daven/index.html]
[2013.drupalcamptoronto.org/user/165/index.html]
[2013.drupalcamptoronto.org/users/austinw/index.html]
[2013.drupalcamptoronto.org/users/AustinW/index-2.html]
[2013.drupalcamptoronto.org/user/164/index.html]
[2013.drupalcamptoronto.org/users/meekazhu/index.html]
[2013.drupalcamptoronto.org/user/163/index.html]
[2013.drupalcamptoronto.org/users/michaelpezzi/index.html]
[2013.drupalcamptoronto.org/users/michael/index.html]
[2013.drupalcamptoronto.org/user/162/index.html]
[2013.drupalcamptoronto.org/users/elishamedeiros/index.html]
[2013.drupalcamptoronto.org/user/155/index.html]
[2013.drupalcamptoronto.org/users/ДокVap/index.html]
[2013.drupalcamptoronto.org/user/152/index.html]
[2013.drupalcamptoronto.org/users/morinluc0/index.html]
[2013.drupalcamptoronto.org/users/MorinLuc0/index-2.html]
[2013.drupalcamptoronto.org/user/146/index.html]
[2013.drupalcamptoronto.org/users/brundlefly/index.html]
[2013.drupalcamptoronto.org/user/145/index.html]
[2013.drupalcamptoronto.org/users/yuki/index.html]
[2013.drupalcamptoronto.org/user/138/index.html]
[2013.drupalcamptoronto.org/users/darcyfiander/index.html]
[2013.drupalcamptoronto.org/users/darcy/index.html]
[2013.drupalcamptoronto.org/user/136/index.html]
[2013.drupalcamptoronto.org/users/afoster/index.html]
[2013.drupalcamptoronto.org/user/135/index.html]
[2013.drupalcamptoronto.org/users/dandelion/index.html]
[2013.drupalcamptoronto.org/user/121/index.html]
[2013.drupalcamptoronto.org/users/9netwavecom/index.html]
[2013.drupalcamptoronto.org/users/9netwave/index.html]
[2013.drupalcamptoronto.org/user/116/index.html]
[2013.drupalcamptoronto.org/users/yaworsk/index.html]
[2013.drupalcamptoronto.org/users/benjamin_mark/index.html]
[2013.drupalcamptoronto.org/user/115/index.html]
[2013.drupalcamptoronto.org/users/toreytaf/index.html]
[2013.drupalcamptoronto.org/user/110/index.html]
[2013.drupalcamptoronto.org/users/makangus/index.html]
[2013.drupalcamptoronto.org/users/Ryan-Weal/index-2.html]
[2013.drupalcamptoronto.org/user/106/index.html]
[2013.drupalcamptoronto.org/users/andremolnar/index.html]
[2013.drupalcamptoronto.org/user/104/index.html]
[2013.drupalcamptoronto.org/users/henrik-bechmann/index.html]
[2013.drupalcamptoronto.org/users/Henrik-Bechmann/index-2.html]
[2013.drupalcamptoronto.org/user/102/index.html]
[2013.drupalcamptoronto.org/users/jndvrk/index.html]
[2013.drupalcamptoronto.org/user/99/index.html]
[2013.drupalcamptoronto.org/users/balleyne/index.html]
[2013.drupalcamptoronto.org/user/98/index.html]
[2013.drupalcamptoronto.org/users/knicklabs/index.html]
[2013.drupalcamptoronto.org/user/92/index.html]
[2013.drupalcamptoronto.org/users/kamylo/index.html]
[2013.drupalcamptoronto.org/users/KAMYLO/index-2.html]
[2013.drupalcamptoronto.org/user/89/index.html]
[2013.drupalcamptoronto.org/users/robin416/index.html]
[2013.drupalcamptoronto.org/user/87/index.html]
[2013.drupalcamptoronto.org/users/rob-loach/index.html]
[2013.drupalcamptoronto.org/users/Rob-Loach/index-2.html]
[2013.drupalcamptoronto.org/user/85/index.html]
[2013.drupalcamptoronto.org/users/victord/index.html]
[2013.drupalcamptoronto.org/user/84/index.html]
[2013.drupalcamptoronto.org/users/kwit7/index.html]
[2013.drupalcamptoronto.org/user/81/index.html]
[2013.drupalcamptoronto.org/users/arvinsingla/index.html]
[2013.drupalcamptoronto.org/user/80/index.html]
[2013.drupalcamptoronto.org/users/kbahadur/index.html]
[2013.drupalcamptoronto.org/user/76/index.html]
[2013.drupalcamptoronto.org/users/yoshi/index.html]
[2013.drupalcamptoronto.org/users/Yoshi/index-2.html]
[2013.drupalcamptoronto.org/user/75/index.html]
[2013.drupalcamptoronto.org/users/adamwhite/index.html]
[2013.drupalcamptoronto.org/user/74/index.html]
[2013.drupalcamptoronto.org/users/vamirbekyan/index.html]
[2013.drupalcamptoronto.org/user/73/index.html]
[2013.drupalcamptoronto.org/users/rahimlmecom/index.html]
[2013.drupalcamptoronto.org/users/rahiml@me/index.html]
[2013.drupalcamptoronto.org/user/71/index.html]
[2013.drupalcamptoronto.org/users/csimpson/index.html]
[2013.drupalcamptoronto.org/user/70/index.html]
[2013.drupalcamptoronto.org/users/lalit774/index.html]
[2013.drupalcamptoronto.org/user/68/index.html]
[2013.drupalcamptoronto.org/users/andrewfn/index.html]
[2013.drupalcamptoronto.org/user/67/index.html]
[2013.drupalcamptoronto.org/users/davidcolburn/index.html]
[2013.drupalcamptoronto.org/users/david/index.html]
[2013.drupalcamptoronto.org/user/62/index.html]
[2013.drupalcamptoronto.org/users/hamburgers/index.html]
[2013.drupalcamptoronto.org/user/61/index.html]
[2013.drupalcamptoronto.org/users/darko/index.html]
[2013.drupalcamptoronto.org/users/Darko/index-2.html]
[2013.drupalcamptoronto.org/user/60/index.html]
[2013.drupalcamptoronto.org/users/walkah/index.html]
[2013.drupalcamptoronto.org/users/Andrew_Mallis/index.html]
[2013.drupalcamptoronto.org/user/59/index.html]
[2013.drupalcamptoronto.org/users/jpw1116/index.html]
[2013.drupalcamptoronto.org/users/Chris-Luckhardt/index-2.html]
[2013.drupalcamptoronto.org/user/51/index.html]
[2013.drupalcamptoronto.org/users/patricia/index.html]
[2013.drupalcamptoronto.org/node/87/index.html]
[2013.drupalcamptoronto.org/taxonomy/term/2/index.html]
[2013.drupalcamptoronto.org/sites/default/files/css/css_vOLI1Mf2ezM9xbQEm_fSgWLcY6rxuBdaz2Cnj_6-Zf8/index.css]
[2013.drupalcamptoronto.org/taxonomy/term/3/index.html]
[2013.drupalcamptoronto.org/taxonomy/term/4/index.html]
[2013.drupalcamptoronto.org/node/98/index.html]
[2013.drupalcamptoronto.org/node/66/index.html]
[2013.drupalcamptoronto.org/node/90/index.html]
[2013.drupalcamptoronto.org/node/73/index.html]
[2013.drupalcamptoronto.org/node/80/index.html]
[2013.drupalcamptoronto.org/node/64/index.html]
[2013.drupalcamptoronto.org/node/79/index.html]
[2013.drupalcamptoronto.org/search/user/index.html]
[2013.drupalcamptoronto.org/user/57/index.html]
[2013.drupalcamptoronto.org/user/127/index.html]
[2013.drupalcamptoronto.org/user/13/index.html]
[2013.drupalcamptoronto.org/node/7/index.html]
[2013.drupalcamptoronto.org/users/shanly/index.html]
[2013.drupalcamptoronto.org/user/12/index.html]
[2013.drupalcamptoronto.org/user/105/index.html]
[2013.drupalcamptoronto.org/user/95/index.html]
[2013.drupalcamptoronto.org/user/88/index.html]
[2013.drupalcamptoronto.org/user/86/index.html]
[2013.drupalcamptoronto.org/user/78/index.html]
[2013.drupalcamptoronto.org/user/111/index.html]
[2013.drupalcamptoronto.org/user/183/index.html]
[2013.drupalcamptoronto.org/user/58/index.html]
[2013.drupalcamptoronto.org/user/154/index.html]
[2013.drupalcamptoronto.org/user/176/index.html]
[2013.drupalcamptoronto.org/user/32/index.html]
[2013.drupalcamptoronto.org/user/180/index.html]
[2013.drupalcamptoronto.org/user/202/index.html]
[2013.drupalcamptoronto.org/user/158/index.html]
[2013.drupalcamptoronto.org/node/89/index.html]
[2013.drupalcamptoronto.org/user/254/index.html]
[2013.drupalcamptoronto.org/user/253/index.html]
[2013.drupalcamptoronto.org/user/252/index.html]
[2013.drupalcamptoronto.org/user/247/index.html]
[2013.drupalcamptoronto.org/user/246/index.html]
[2013.drupalcamptoronto.org/user/243/index.html]
[2013.drupalcamptoronto.org/user/242/index.html]
[2013.drupalcamptoronto.org/user/241/index.html]
[2013.drupalcamptoronto.org/user/240/index.html]
[2013.drupalcamptoronto.org/user/239/index.html]
[2013.drupalcamptoronto.org/user/238/index.html]
[2013.drupalcamptoronto.org/user/237/index.html]
[2013.drupalcamptoronto.org/user/236/index.html]
[2013.drupalcamptoronto.org/user/235/index.html]
[2013.drupalcamptoronto.org/user/234/index.html]
[2013.drupalcamptoronto.org/user/233/index.html]
[2013.drupalcamptoronto.org/user/232/index.html]
[2013.drupalcamptoronto.org/user/231/index.html]
[2013.drupalcamptoronto.org/user/230/index.html]
[2013.drupalcamptoronto.org/user/229/index.html]
[2013.drupalcamptoronto.org/user/228/index.html]
[2013.drupalcamptoronto.org/user/227/index.html]
[2013.drupalcamptoronto.org/user/226/index.html]
[2013.drupalcamptoronto.org/user/225/index.html]
[2013.drupalcamptoronto.org/user/224/index.html]
[2013.drupalcamptoronto.org/user/223/index.html]
[2013.drupalcamptoronto.org/user/222/index.html]
[2013.drupalcamptoronto.org/user/221/index.html]
[2013.drupalcamptoronto.org/user/220/index.html]
[2013.drupalcamptoronto.org/user/219/index.html]
[2013.drupalcamptoronto.org/user/218/index.html]
[2013.drupalcamptoronto.org/user/217/index.html]
[2013.drupalcamptoronto.org/user/216/index.html]
[2013.drupalcamptoronto.org/user/215/index.html]
[2013.drupalcamptoronto.org/user/214/index.html]
[2013.drupalcamptoronto.org/user/213/index.html]
[2013.drupalcamptoronto.org/user/212/index.html]
[2013.drupalcamptoronto.org/user/211/index.html]
[2013.drupalcamptoronto.org/user/210/index.html]
[2013.drupalcamptoronto.org/user/209/index.html]
[2013.drupalcamptoronto.org/user/208/index.html]
[2013.drupalcamptoronto.org/user/207/index.html]
[2013.drupalcamptoronto.org/user/206/index.html]
[2013.drupalcamptoronto.org/user/205/index.html]
[2013.drupalcamptoronto.org/user/204/index.html]
[2013.drupalcamptoronto.org/user/203/index.html]
[2013.drupalcamptoronto.org/user/200/index.html]
[2013.drupalcamptoronto.org/user/199/index.html]
[2013.drupalcamptoronto.org/user/198/index.html]
[2013.drupalcamptoronto.org/user/197/index.html]
[2013.drupalcamptoronto.org/user/196/index.html]
[2013.drupalcamptoronto.org/user/195/index.html]
[2013.drupalcamptoronto.org/user/194/index.html]
[2013.drupalcamptoronto.org/user/193/index.html]
[2013.drupalcamptoronto.org/user/192/index.html]
[2013.drupalcamptoronto.org/user/191/index.html]
[2013.drupalcamptoronto.org/user/190/index.html]
[2013.drupalcamptoronto.org/user/189/index.html]
[2013.drupalcamptoronto.org/user/188/index.html]
[2013.drupalcamptoronto.org/user/187/index.html]
[2013.drupalcamptoronto.org/user/184/index.html]
[2013.drupalcamptoronto.org/user/182/index.html]
[2013.drupalcamptoronto.org/user/179/index.html]
[2013.drupalcamptoronto.org/user/178/index.html]
[2013.drupalcamptoronto.org/user/177/index.html]
[2013.drupalcamptoronto.org/user/175/index.html]
[2013.drupalcamptoronto.org/user/174/index.html]
[2013.drupalcamptoronto.org/user/173/index.html]
[2013.drupalcamptoronto.org/user/172/index.html]
[2013.drupalcamptoronto.org/user/171/index.html]
[2013.drupalcamptoronto.org/user/170/index.html]
[2013.drupalcamptoronto.org/user/169/index.html]
[2013.drupalcamptoronto.org/user/168/index.html]
[2013.drupalcamptoronto.org/user/167/index.html]
[2013.drupalcamptoronto.org/user/166/index.html]
[2013.drupalcamptoronto.org/user/165/index.html]
[2013.drupalcamptoronto.org/user/164/index.html]
[2013.drupalcamptoronto.org/user/163/index.html]
[2013.drupalcamptoronto.org/user/162/index.html]
[2013.drupalcamptoronto.org/user/155/index.html]
[2013.drupalcamptoronto.org/user/152/index.html]
[2013.drupalcamptoronto.org/user/146/index.html]
[2013.drupalcamptoronto.org/user/145/index.html]
[2013.drupalcamptoronto.org/user/138/index.html]
[2013.drupalcamptoronto.org/user/136/index.html]
[2013.drupalcamptoronto.org/user/135/index.html]
[2013.drupalcamptoronto.org/user/121/index.html]
[2013.drupalcamptoronto.org/user/116/index.html]
[2013.drupalcamptoronto.org/user/115/index.html]
[2013.drupalcamptoronto.org/user/110/index.html]
[2013.drupalcamptoronto.org/user/106/index.html]
[2013.drupalcamptoronto.org/user/104/index.html]
[2013.drupalcamptoronto.org/user/102/index.html]
[2013.drupalcamptoronto.org/user/99/index.html]
[2013.drupalcamptoronto.org/user/98/index.html]
[2013.drupalcamptoronto.org/user/92/index.html]
[2013.drupalcamptoronto.org/user/89/index.html]
[2013.drupalcamptoronto.org/user/87/index.html]
[2013.drupalcamptoronto.org/user/85/index.html]
[2013.drupalcamptoronto.org/user/84/index.html]
[2013.drupalcamptoronto.org/user/81/index.html]
[2013.drupalcamptoronto.org/user/80/index.html]
[2013.drupalcamptoronto.org/user/76/index.html]
[2013.drupalcamptoronto.org/user/75/index.html]
[2013.drupalcamptoronto.org/user/74/index.html]
[2013.drupalcamptoronto.org/user/73/index.html]
[2013.drupalcamptoronto.org/user/71/index.html]
[2013.drupalcamptoronto.org/user/70/index.html]
[2013.drupalcamptoronto.org/user/68/index.html]
[2013.drupalcamptoronto.org/user/67/index.html]
[2013.drupalcamptoronto.org/user/62/index.html]
[2013.drupalcamptoronto.org/user/61/index.html]
[2013.drupalcamptoronto.org/user/60/index.html]
[2013.drupalcamptoronto.org/user/59/index.html]
[2013.drupalcamptoronto.org/user/51/index.html]
[2013.drupalcamptoronto.org/user/13/index.html]
[2013.drupalcamptoronto.org/node/7/index.html]
[2013.drupalcamptoronto.org/user/83/index.html]
[2013.drupalcamptoronto.org/user/83/index.html]
