[2007.drupalcamptoronto.org/index/index.html]
[backblue.gif]
[fade.gif]
[index.html]
[2007.drupalcamptoronto.org/misc/favicon/index.ico]
[2007.drupalcamptoronto.org/modules/node/node/index.css]
[2007.drupalcamptoronto.org/modules/system/defaults/index.css]
[2007.drupalcamptoronto.org/modules/system/system/index.css]
[2007.drupalcamptoronto.org/modules/user/user/index.css]
[2007.drupalcamptoronto.org/sites/2007.drupalcamptoronto.org/modules/cck/content/index.css]
[2007.drupalcamptoronto.org/sites/2007.drupalcamptoronto.org/modules/date/date/index.css]
[2007.drupalcamptoronto.org/modules/comment/comment/index.css]
[2007.drupalcamptoronto.org/themes/garland/style/index.css]
[2007.drupalcamptoronto.org/themes/garland/print/index.css]
[2007.drupalcamptoronto.org/themes/garland/logo/index.png]
[2007.drupalcamptoronto.org/attendees/index.html]
[2007.drupalcamptoronto.org/announcements/index.html]
[2007.drupalcamptoronto.org/schedule/index.html]
[2007.drupalcamptoronto.org/sponsors/index.html]
[2007.drupalcamptoronto.org/contact/index.html]
[2007.drupalcamptoronto.org/tracker/index.html]
[2007.drupalcamptoronto.org/node/211/index.html]
[2007.drupalcamptoronto.org/user/192/index.html]
[2007.drupalcamptoronto.org/node/208/index.html]
[2007.drupalcamptoronto.org/user/161/index.html]
[2007.drupalcamptoronto.org/node/207/index.html]
[2007.drupalcamptoronto.org/user/190/index.html]
[2007.drupalcamptoronto.org/node/204/index.html]
[2007.drupalcamptoronto.org/user/87/index.html]
[2007.drupalcamptoronto.org/node/200/index.html]
[2007.drupalcamptoronto.org/user/53/index.html]
[2007.drupalcamptoronto.org/node/199/index.html]
[2007.drupalcamptoronto.org/user/169/index.html]
[2007.drupalcamptoronto.org/node/198/index.html]
[2007.drupalcamptoronto.org/user/36/index.html]
[2007.drupalcamptoronto.org/node/197/index.html]
[2007.drupalcamptoronto.org/user/180/index.html]
[2007.drupalcamptoronto.org/node/196/index.html]
[2007.drupalcamptoronto.org/user/179/index.html]
[2007.drupalcamptoronto.org/node/195/index.html]
[2007.drupalcamptoronto.org/user/178/index.html]
[2007.drupalcamptoronto.org/registration/index.html]
[2007.drupalcamptoronto.org/sites/drupalcamptoronto.org/files/drupalcamptoronto_logo2/index.gif]
[2007.drupalcamptoronto.org/node/add/registration/index.html]
[2007.drupalcamptoronto.org/node/add/session/index.html]
[2007.drupalcamptoronto.org/index/index.html]
[2007.drupalcamptoronto.org/modules/node/node/index.css]
[2007.drupalcamptoronto.org/modules/system/defaults/index.css]
[2007.drupalcamptoronto.org/sessions/index.html]
[2007.drupalcamptoronto.org/misc/menu-expanded/index.png]
[2007.drupalcamptoronto.org/misc/menu-collapsed/index.png]
[2007.drupalcamptoronto.org/misc/menu-leaf/index.png]
[2007.drupalcamptoronto.org/misc/throbber/index.gif]
[2007.drupalcamptoronto.org/misc/grippie/index.png]
[2007.drupalcamptoronto.org/modules/system/system/index.css]
[2007.drupalcamptoronto.org/misc/progress/index.gif]
[2007.drupalcamptoronto.org/modules/user/user/index.css]
[2007.drupalcamptoronto.org/sites/2007.drupalcamptoronto.org/modules/cck/content/index.css]
[2007.drupalcamptoronto.org/sites/2007.drupalcamptoronto.org/modules/date/date/index.css]
[2007.drupalcamptoronto.org/modules/comment/comment/index.css]
[2007.drupalcamptoronto.org/themes/garland/images/menu-leaf/index.gif]
[2007.drupalcamptoronto.org/themes/garland/images/menu-expanded/index.gif]
[2007.drupalcamptoronto.org/themes/garland/images/menu-collapsed/index.gif]
[2007.drupalcamptoronto.org/themes/garland/images/bg-navigation/index.png]
[2007.drupalcamptoronto.org/themes/garland/images/body/index.png]
[2007.drupalcamptoronto.org/themes/garland/images/bg-content/index.png]
[2007.drupalcamptoronto.org/themes/garland/images/bg-content-right/index.png]
[2007.drupalcamptoronto.org/themes/garland/images/bg-content-left/index.png]
[2007.drupalcamptoronto.org/themes/garland/images/bg-navigation-item/index.png]
[2007.drupalcamptoronto.org/themes/garland/images/bg-navigation-item-hover/index.png]
[2007.drupalcamptoronto.org/themes/garland/images/bg-tab/index.png]
[2007.drupalcamptoronto.org/themes/garland/images/gradient-inner/index.png]
[2007.drupalcamptoronto.org/themes/garland/images/bg-bar-white/index.png]
[2007.drupalcamptoronto.org/themes/garland/style/index.css]
[2007.drupalcamptoronto.org/themes/garland/print/index.css]
[2007.drupalcamptoronto.org/themes/garland/images/bg-bar/index.png]
[2007.drupalcamptoronto.org/attendees/feed/index.html]
[2007.drupalcamptoronto.org/attendees/index-3.html]
[2007.drupalcamptoronto.org/attendees/index-2.html]
[2007.drupalcamptoronto.org/misc/arrow-desc/index.png]
[2007.drupalcamptoronto.org/attendees/index-4.html]
[2007.drupalcamptoronto.org/attendees/index-5.html]
[2007.drupalcamptoronto.org/node/100/index.html]
[2007.drupalcamptoronto.org/user/83/index.html]
[2007.drupalcamptoronto.org/node/128/index.html]
[2007.drupalcamptoronto.org/user/117/index.html]
[2007.drupalcamptoronto.org/node/15/index.html]
[2007.drupalcamptoronto.org/user/14/index.html]
[2007.drupalcamptoronto.org/node/159/index.html]
[2007.drupalcamptoronto.org/user/143/index.html]
[2007.drupalcamptoronto.org/node/55/index.html]
[2007.drupalcamptoronto.org/user/48/index.html]
[2007.drupalcamptoronto.org/node/30/index.html]
[2007.drupalcamptoronto.org/user/26/index.html]
[2007.drupalcamptoronto.org/node/108/index.html]
[2007.drupalcamptoronto.org/user/91/index.html]
[2007.drupalcamptoronto.org/node/26/index.html]
[2007.drupalcamptoronto.org/user/22/index.html]
[2007.drupalcamptoronto.org/node/33/index.html]
[2007.drupalcamptoronto.org/user/27/index.html]
[2007.drupalcamptoronto.org/node/140/index.html]
[2007.drupalcamptoronto.org/user/125/index.html]
[2007.drupalcamptoronto.org/node/99/index.html]
[2007.drupalcamptoronto.org/user/82/index.html]
[2007.drupalcamptoronto.org/node/59/index.html]
[2007.drupalcamptoronto.org/user/51/index.html]
[2007.drupalcamptoronto.org/node/169/index.html]
[2007.drupalcamptoronto.org/user/152/index.html]
[2007.drupalcamptoronto.org/node/122/index.html]
[2007.drupalcamptoronto.org/user/108/index.html]
[2007.drupalcamptoronto.org/node/96/index.html]
[2007.drupalcamptoronto.org/user/81/index.html]
[2007.drupalcamptoronto.org/node/27/index.html]
[2007.drupalcamptoronto.org/user/23/index.html]
[2007.drupalcamptoronto.org/node/167/index.html]
[2007.drupalcamptoronto.org/user/150/index.html]
[2007.drupalcamptoronto.org/node/73/index.html]
[2007.drupalcamptoronto.org/user/67/index.html]
[2007.drupalcamptoronto.org/node/21/index.html]
[2007.drupalcamptoronto.org/user/19/index.html]
[2007.drupalcamptoronto.org/node/148/index.html]
[2007.drupalcamptoronto.org/user/133/index.html]
[2007.drupalcamptoronto.org/node/53/index.html]
[2007.drupalcamptoronto.org/user/46/index.html]
[2007.drupalcamptoronto.org/node/44/index.html]
[2007.drupalcamptoronto.org/user/38/index.html]
[2007.drupalcamptoronto.org/node/120/index.html]
[2007.drupalcamptoronto.org/user/104/index.html]
[2007.drupalcamptoronto.org/node/155/index.html]
[2007.drupalcamptoronto.org/user/140/index.html]
[2007.drupalcamptoronto.org/node/166/index.html]
[2007.drupalcamptoronto.org/user/149/index.html]
[2007.drupalcamptoronto.org/node/104/index.html]
[2007.drupalcamptoronto.org/user/88/index.html]
[2007.drupalcamptoronto.org/node/24/index.html]
[2007.drupalcamptoronto.org/user/4/index.html]
[2007.drupalcamptoronto.org/node/146/index.html]
[2007.drupalcamptoronto.org/user/129/index.html]
[2007.drupalcamptoronto.org/node/170/index.html]
[2007.drupalcamptoronto.org/user/153/index.html]
[2007.drupalcamptoronto.org/node/127/index.html]
[2007.drupalcamptoronto.org/user/115/index.html]
[2007.drupalcamptoronto.org/node/187/index.html]
[2007.drupalcamptoronto.org/user/170/index.html]
[2007.drupalcamptoronto.org/node/47/index.html]
[2007.drupalcamptoronto.org/user/42/index.html]
[2007.drupalcamptoronto.org/node/64/index.html]
[2007.drupalcamptoronto.org/user/58/index.html]
[2007.drupalcamptoronto.org/node/143/index.html]
[2007.drupalcamptoronto.org/user/128/index.html]
[2007.drupalcamptoronto.org/node/11/index.html]
[2007.drupalcamptoronto.org/user/3/index.html]
[2007.drupalcamptoronto.org/node/65/index.html]
[2007.drupalcamptoronto.org/user/60/index.html]
[2007.drupalcamptoronto.org/node/129/index.html]
[2007.drupalcamptoronto.org/user/118/index.html]
[2007.drupalcamptoronto.org/node/130/index.html]
[2007.drupalcamptoronto.org/user/119/index.html]
[2007.drupalcamptoronto.org/node/147/index.html]
[2007.drupalcamptoronto.org/user/116/index.html]
[2007.drupalcamptoronto.org/node/71/index.html]
[2007.drupalcamptoronto.org/user/65/index.html]
[2007.drupalcamptoronto.org/node/84/index.html]
[2007.drupalcamptoronto.org/user/73/index.html]
[2007.drupalcamptoronto.org/node/168/index.html]
[2007.drupalcamptoronto.org/user/151/index.html]
[2007.drupalcamptoronto.org/node/145/index.html]
[2007.drupalcamptoronto.org/user/131/index.html]
[2007.drupalcamptoronto.org/node/102/index.html]
[2007.drupalcamptoronto.org/user/85/index.html]
[2007.drupalcamptoronto.org/node/13/index.html]
[2007.drupalcamptoronto.org/user/11/index.html]
[2007.drupalcamptoronto.org/attendees/index1.html]
[2007.drupalcamptoronto.org/attendees/index2.html]
[2007.drupalcamptoronto.org/attendees/index.html]
[2007.drupalcamptoronto.org/misc/feed/index.png]
[2007.drupalcamptoronto.org/announcements/feed/index.html]
[2007.drupalcamptoronto.org/node/222/index.html]
[2007.drupalcamptoronto.org/user/6/index.html]
[2007.drupalcamptoronto.org/node/212/index.html]
[2007.drupalcamptoronto.org/node/203/index.html]
[2007.drupalcamptoronto.org/user/45/index.html]
[2007.drupalcamptoronto.org/node/201/index.html]
[2007.drupalcamptoronto.org/node/189/index.html]
[2007.drupalcamptoronto.org/node/134/index.html]
[2007.drupalcamptoronto.org/announcements/index.html]
[2007.drupalcamptoronto.org/user/2/index.html]
[2007.drupalcamptoronto.org/sites/2007.drupalcamptoronto.org/modules/panels/layouts/twocol/index.css]
[2007.drupalcamptoronto.org/schedules/2007-05-11/index.html]
[2007.drupalcamptoronto.org/node/6/index.html]
[2007.drupalcamptoronto.org/node/10/index.html]
[2007.drupalcamptoronto.org/user/9/index.html]
[2007.drupalcamptoronto.org/node/109/index.html]
[2007.drupalcamptoronto.org/user/18/index.html]
[2007.drupalcamptoronto.org/node/31/index.html]
[2007.drupalcamptoronto.org/node/174/index.html]
[2007.drupalcamptoronto.org/node/68/index.html]
[2007.drupalcamptoronto.org/user/63/index.html]
[2007.drupalcamptoronto.org/node/138/index.html]
[2007.drupalcamptoronto.org/node/150/index.html]
[2007.drupalcamptoronto.org/node/32/index.html]
[2007.drupalcamptoronto.org/node/223/index.html]
[2007.drupalcamptoronto.org/user/52/index.html]
[2007.drupalcamptoronto.org/schedules/2007-05-12/index.html]
[2007.drupalcamptoronto.org/node/66/index.html]
[2007.drupalcamptoronto.org/node/135/index.html]
[2007.drupalcamptoronto.org/node/90/index.html]
[2007.drupalcamptoronto.org/user/75/index.html]
[2007.drupalcamptoronto.org/civicrm/index.html]
[2007.drupalcamptoronto.org/node/136/index.html]
[2007.drupalcamptoronto.org/node/217/index.html]
[2007.drupalcamptoronto.org/node/58/index.html]
[2007.drupalcamptoronto.org/node/35/index.html]
[2007.drupalcamptoronto.org/node/98/index.html]
[2007.drupalcamptoronto.org/user/8/index.html]
[2007.drupalcamptoronto.org/node/23/index.html]
[2007.drupalcamptoronto.org/node/193/index.html]
[2007.drupalcamptoronto.org/node/221/index.html]
[2007.drupalcamptoronto.org/schedule/index.html]
[2007.drupalcamptoronto.org/sponsors/index.html]
[2007.drupalcamptoronto.org/user/12/index.html]
[2007.drupalcamptoronto.org/misc/drupal/index.js]
[2007.drupalcamptoronto.org/misc/jquery/index.js]
[2007.drupalcamptoronto.org/contact/index.html]
[2007.drupalcamptoronto.org/misc/textarea/index.js]
[2007.drupalcamptoronto.org/modules/tracker/tracker/index.css]
[2007.drupalcamptoronto.org/node/113/index.html]
[2007.drupalcamptoronto.org/user/97/index.html]
[2007.drupalcamptoronto.org/node/81/index.html]
[2007.drupalcamptoronto.org/user/71/index.html]
[2007.drupalcamptoronto.org/node/40/index.html]
[2007.drupalcamptoronto.org/user/33/index.html]
[2007.drupalcamptoronto.org/node/224/index.html]
[2007.drupalcamptoronto.org/user/1/index.html]
[2007.drupalcamptoronto.org/node/97/index.html]
[2007.drupalcamptoronto.org/node/175/index.html]
[2007.drupalcamptoronto.org/user/158/index.html]
[2007.drupalcamptoronto.org/tracker/index1.html]
[2007.drupalcamptoronto.org/tracker/index2.html]
[2007.drupalcamptoronto.org/tracker/index3.html]
[2007.drupalcamptoronto.org/tracker/index4.html]
[2007.drupalcamptoronto.org/tracker/index5.html]
[2007.drupalcamptoronto.org/tracker/index6.html]
[2007.drupalcamptoronto.org/tracker/index7.html]
[2007.drupalcamptoronto.org/tracker/index.html]
[2007.drupalcamptoronto.org/tracker/index8.html]
[2007.drupalcamptoronto.org/user/index.html]
[2007.drupalcamptoronto.org/user/192/index.html]
[2007.drupalcamptoronto.org/user/192/track/index.html]
[2007.drupalcamptoronto.org/user/161/index.html]
[2007.drupalcamptoronto.org/user/161/track/index.html]
[2007.drupalcamptoronto.org/user/190/index.html]
[2007.drupalcamptoronto.org/user/190/track/index.html]
[2007.drupalcamptoronto.org/user/87/index.html]
[2007.drupalcamptoronto.org/user/87/track/index.html]
[2007.drupalcamptoronto.org/user/53/index.html]
[2007.drupalcamptoronto.org/user/53/track/index.html]
[2007.drupalcamptoronto.org/user/169/index.html]
[2007.drupalcamptoronto.org/user/169/track/index.html]
[2007.drupalcamptoronto.org/user/36/index.html]
[2007.drupalcamptoronto.org/user/36/track/index.html]
[2007.drupalcamptoronto.org/user/180/index.html]
[2007.drupalcamptoronto.org/user/180/track/index.html]
[2007.drupalcamptoronto.org/user/179/index.html]
[2007.drupalcamptoronto.org/user/179/track/index.html]
[2007.drupalcamptoronto.org/user/178/index.html]
[2007.drupalcamptoronto.org/user/178/track/index.html]
[2007.drupalcamptoronto.org/user/45/contact/index.html]
[2007.drupalcamptoronto.org/registration/index.html]
[2007.drupalcamptoronto.org/sites/drupalcamptoronto.org/files/drupalcamptoronto_logo2/index.html]
[2007.drupalcamptoronto.org/node/add/registration/index.html]
[2007.drupalcamptoronto.org/node/add/session/index.html]
[2007.drupalcamptoronto.org/sessions/index.html]
[2007.drupalcamptoronto.org/sessions/feed/index.html]
[2007.drupalcamptoronto.org/attendees/index-6.html]
[2007.drupalcamptoronto.org/attendees/index-7.html]
[2007.drupalcamptoronto.org/node/137/index.html]
[2007.drupalcamptoronto.org/user/122/index.html]
[2007.drupalcamptoronto.org/node/153/index.html]
[2007.drupalcamptoronto.org/user/138/index.html]
[2007.drupalcamptoronto.org/node/110/index.html]
[2007.drupalcamptoronto.org/user/92/index.html]
[2007.drupalcamptoronto.org/node/158/index.html]
[2007.drupalcamptoronto.org/user/5/index.html]
[2007.drupalcamptoronto.org/node/80/index.html]
[2007.drupalcamptoronto.org/user/70/index.html]
[2007.drupalcamptoronto.org/node/19/index.html]
[2007.drupalcamptoronto.org/user/17/index.html]
[2007.drupalcamptoronto.org/node/8/index.html]
[2007.drupalcamptoronto.org/node/116/index.html]
[2007.drupalcamptoronto.org/user/100/index.html]
[2007.drupalcamptoronto.org/node/139/index.html]
[2007.drupalcamptoronto.org/user/123/index.html]
[2007.drupalcamptoronto.org/node/49/index.html]
[2007.drupalcamptoronto.org/user/43/index.html]
[2007.drupalcamptoronto.org/node/43/index.html]
[2007.drupalcamptoronto.org/user/37/index.html]
[2007.drupalcamptoronto.org/node/154/index.html]
[2007.drupalcamptoronto.org/user/139/index.html]
[2007.drupalcamptoronto.org/node/52/index.html]
[2007.drupalcamptoronto.org/node/190/index.html]
[2007.drupalcamptoronto.org/user/173/index.html]
[2007.drupalcamptoronto.org/node/183/index.html]
[2007.drupalcamptoronto.org/user/166/index.html]
[2007.drupalcamptoronto.org/node/7/index.html]
[2007.drupalcamptoronto.org/node/91/index.html]
[2007.drupalcamptoronto.org/user/76/index.html]
[2007.drupalcamptoronto.org/node/157.110/index.delayed]
[2007.drupalcamptoronto.org/user/142/index.html]
[2007.drupalcamptoronto.org/node/85/index.html]
[2007.drupalcamptoronto.org/user/62/index.html]
[2007.drupalcamptoronto.org/node/94/index.html]
[2007.drupalcamptoronto.org/user/79/index.html]
[2007.drupalcamptoronto.org/node/141/index.html]
[2007.drupalcamptoronto.org/user/126/index.html]
[2007.drupalcamptoronto.org/node/165/index.html]
[2007.drupalcamptoronto.org/user/148/index.html]
[2007.drupalcamptoronto.org/node/9/index.html]
[2007.drupalcamptoronto.org/node/152/index.html]
[2007.drupalcamptoronto.org/user/137/index.html]
[2007.drupalcamptoronto.org/node/103/index.html]
[2007.drupalcamptoronto.org/user/86/index.html]
[2007.drupalcamptoronto.org/attendees/index1-2.html]
[2007.drupalcamptoronto.org/attendees/index-2.html]
[2007.drupalcamptoronto.org/attendees/index2-2.html]
[2007.drupalcamptoronto.org/misc/arrow-asc/index.png]
[2007.drupalcamptoronto.org/node/160/index.html]
[2007.drupalcamptoronto.org/user/144/index.html]
[2007.drupalcamptoronto.org/node/16/index.html]
[2007.drupalcamptoronto.org/user/15/index.html]
[2007.drupalcamptoronto.org/node/101/index.html]
[2007.drupalcamptoronto.org/user/84/index.html]
[2007.drupalcamptoronto.org/node/162/index.html]
[2007.drupalcamptoronto.org/user/145/index.html]
[2007.drupalcamptoronto.org/node/67/index.html]
[2007.drupalcamptoronto.org/user/61/index.html]
[2007.drupalcamptoronto.org/node/4/index.html]
[2007.drupalcamptoronto.org/node/18/index.html]
[2007.drupalcamptoronto.org/user/16/index.html]
[2007.drupalcamptoronto.org/node/131/index.html]
[2007.drupalcamptoronto.org/user/120/index.html]
[2007.drupalcamptoronto.org/node/22/index.html]
[2007.drupalcamptoronto.org/user/20/index.html]
[2007.drupalcamptoronto.org/node/178/index.html]
[2007.drupalcamptoronto.org/user/162/index.html]
[2007.drupalcamptoronto.org/node/48/index.html]
[2007.drupalcamptoronto.org/user/41/index.html]
[2007.drupalcamptoronto.org/node/60/index.html]
[2007.drupalcamptoronto.org/node/171/index.html]
[2007.drupalcamptoronto.org/user/155/index.html]
[2007.drupalcamptoronto.org/node/57/index.html]
[2007.drupalcamptoronto.org/user/50/index.html]
[2007.drupalcamptoronto.org/node/92/index.html]
[2007.drupalcamptoronto.org/user/77/index.html]
[2007.drupalcamptoronto.org/node/14/index.html]
[2007.drupalcamptoronto.org/node/144/index.html]
[2007.drupalcamptoronto.org/user/130/index.html]
[2007.drupalcamptoronto.org/node/39/index.html]
[2007.drupalcamptoronto.org/user/32/index.html]
[2007.drupalcamptoronto.org/node/117/index.html]
[2007.drupalcamptoronto.org/user/101/index.html]
[2007.drupalcamptoronto.org/node/188/index.html]
[2007.drupalcamptoronto.org/user/171/index.html]
[2007.drupalcamptoronto.org/node/52/index.html]
[2007.drupalcamptoronto.org/node/83/index.html]
[2007.drupalcamptoronto.org/user/72/index.html]
[2007.drupalcamptoronto.org/node/54/index.html]
[2007.drupalcamptoronto.org/user/47/index.html]
[2007.drupalcamptoronto.org/node/50/index.html]
[2007.drupalcamptoronto.org/user/44/index.html]
[2007.drupalcamptoronto.org/node/124/index.html]
[2007.drupalcamptoronto.org/user/111/index.html]
[2007.drupalcamptoronto.org/node/142/index.html]
[2007.drupalcamptoronto.org/user/127/index.html]
[2007.drupalcamptoronto.org/node/56/index.html]
[2007.drupalcamptoronto.org/user/49/index.html]
[2007.drupalcamptoronto.org/node/25/index.html]
[2007.drupalcamptoronto.org/user/21/index.html]
[2007.drupalcamptoronto.org/node/156/index.html]
[2007.drupalcamptoronto.org/user/141/index.html]
[2007.drupalcamptoronto.org/node/95/index.html]
[2007.drupalcamptoronto.org/user/80/index.html]
[2007.drupalcamptoronto.org/node/182/index.html]
[2007.drupalcamptoronto.org/user/165/index.html]
[2007.drupalcamptoronto.org/node/164/index.html]
[2007.drupalcamptoronto.org/user/147/index.html]
[2007.drupalcamptoronto.org/node/126/index.html]
[2007.drupalcamptoronto.org/user/114/index.html]
[2007.drupalcamptoronto.org/node/37/index.html]
[2007.drupalcamptoronto.org/user/31/index.html]
[2007.drupalcamptoronto.org/node/61/index.html]
[2007.drupalcamptoronto.org/user/54/index.html]
[2007.drupalcamptoronto.org/node/28/index.html]
[2007.drupalcamptoronto.org/user/24/index.html]
[2007.drupalcamptoronto.org/attendees/index1-3.html]
[2007.drupalcamptoronto.org/attendees/index-3.html]
[2007.drupalcamptoronto.org/attendees/index2-3.html]
[2007.drupalcamptoronto.org/attendees/index-8.html]
[2007.drupalcamptoronto.org/node/42/index.html]
[2007.drupalcamptoronto.org/user/35/index.html]
[2007.drupalcamptoronto.org/node/46/index.html]
[2007.drupalcamptoronto.org/user/39/index.html]
[2007.drupalcamptoronto.org/node/112/index.html]
[2007.drupalcamptoronto.org/user/96/index.html]
[2007.drupalcamptoronto.org/node/123/index.html]
[2007.drupalcamptoronto.org/user/110/index.html]
[2007.drupalcamptoronto.org/node/163/index.html]
[2007.drupalcamptoronto.org/user/146/index.html]
[2007.drupalcamptoronto.org/node/192/index.html]
[2007.drupalcamptoronto.org/user/175/index.html]
[2007.drupalcamptoronto.org/node/69/index.html]
[2007.drupalcamptoronto.org/user/64/index.html]
[2007.drupalcamptoronto.org/node/9/index.html]
[2007.drupalcamptoronto.org/node/4/index.html]
[2007.drupalcamptoronto.org/node/119/index.html]
[2007.drupalcamptoronto.org/user/103/index.html]
[2007.drupalcamptoronto.org/attendees/index1-4.html]
[2007.drupalcamptoronto.org/attendees/index-4.html]
[2007.drupalcamptoronto.org/attendees/index2-4.html]
[2007.drupalcamptoronto.org/attendees/index-9.html]
[2007.drupalcamptoronto.org/node/194/index.html]
[2007.drupalcamptoronto.org/user/177/index.html]
[2007.drupalcamptoronto.org/node/149/index.html]
[2007.drupalcamptoronto.org/user/134/index.html]
[2007.drupalcamptoronto.org/node/176/index.html]
[2007.drupalcamptoronto.org/user/159/index.html]
[2007.drupalcamptoronto.org/node/186/index.html]
[2007.drupalcamptoronto.org/user/168/index.html]
[2007.drupalcamptoronto.org/node/38/index.html]
[2007.drupalcamptoronto.org/user/30/index.html]
[2007.drupalcamptoronto.org/attendees/index1-5.html]
[2007.drupalcamptoronto.org/attendees/index-5.html]
[2007.drupalcamptoronto.org/attendees/index2-5.html]
[2007.drupalcamptoronto.org/user/83/index.html]
[2007.drupalcamptoronto.org/user/83/track/index.html]
[2007.drupalcamptoronto.org/user/117/index.html]
[2007.drupalcamptoronto.org/user/117/track/index.html]
[2007.drupalcamptoronto.org/user/14/index.html]
[2007.drupalcamptoronto.org/user/14/track/index.html]
[2007.drupalcamptoronto.org/user/143/index.html]
[2007.drupalcamptoronto.org/user/143/track/index.html]
[2007.drupalcamptoronto.org/user/48/index.html]
[2007.drupalcamptoronto.org/user/48/track/index.html]
[2007.drupalcamptoronto.org/user/26/index.html]
[2007.drupalcamptoronto.org/user/26/track/index.html]
[2007.drupalcamptoronto.org/user/91/index.html]
[2007.drupalcamptoronto.org/user/91/track/index.html]
[2007.drupalcamptoronto.org/user/22/index.html]
[2007.drupalcamptoronto.org/user/22/track/index.html]
[2007.drupalcamptoronto.org/user/27/index.html]
[2007.drupalcamptoronto.org/user/27/track/index.html]
[2007.drupalcamptoronto.org/user/125/index.html]
[2007.drupalcamptoronto.org/user/125/track/index.html]
[2007.drupalcamptoronto.org/user/82/index.html]
[2007.drupalcamptoronto.org/user/82/track/index.html]
[2007.drupalcamptoronto.org/user/51/index.html]
[2007.drupalcamptoronto.org/user/51/track/index.html]
[2007.drupalcamptoronto.org/user/152/index.html]
[2007.drupalcamptoronto.org/user/152/track/index.html]
[2007.drupalcamptoronto.org/user/108/index.html]
[2007.drupalcamptoronto.org/user/108/track/index.html]
[2007.drupalcamptoronto.org/user/81/index.html]
[2007.drupalcamptoronto.org/user/81/track/index.html]
[2007.drupalcamptoronto.org/user/23/index.html]
[2007.drupalcamptoronto.org/user/23/track/index.html]
[2007.drupalcamptoronto.org/user/150/index.html]
[2007.drupalcamptoronto.org/user/150/track/index.html]
[2007.drupalcamptoronto.org/user/67/index.html]
[2007.drupalcamptoronto.org/user/67/track/index.html]
[2007.drupalcamptoronto.org/user/19/index.html]
[2007.drupalcamptoronto.org/user/19/track/index.html]
[2007.drupalcamptoronto.org/user/133/index.html]
[2007.drupalcamptoronto.org/user/133/track/index.html]
[2007.drupalcamptoronto.org/user/46/index.html]
[2007.drupalcamptoronto.org/user/46/track/index.html]
[2007.drupalcamptoronto.org/user/38/index.html]
[2007.drupalcamptoronto.org/user/38/track/index.html]
[2007.drupalcamptoronto.org/user/104/index.html]
[2007.drupalcamptoronto.org/user/104/track/index.html]
[2007.drupalcamptoronto.org/user/140/index.html]
[2007.drupalcamptoronto.org/user/140/track/index.html]
[2007.drupalcamptoronto.org/user/149/index.html]
[2007.drupalcamptoronto.org/user/149/track/index.html]
[2007.drupalcamptoronto.org/user/88/index.html]
[2007.drupalcamptoronto.org/user/88/track/index.html]
[2007.drupalcamptoronto.org/user/4/index.html]
[2007.drupalcamptoronto.org/user/4/track/index.html]
[2007.drupalcamptoronto.org/user/129/index.html]
[2007.drupalcamptoronto.org/user/129/track/index.html]
[2007.drupalcamptoronto.org/user/153/index.html]
[2007.drupalcamptoronto.org/user/153/track/index.html]
[2007.drupalcamptoronto.org/user/115/index.html]
[2007.drupalcamptoronto.org/user/115/track/index.html]
[2007.drupalcamptoronto.org/user/170/index.html]
[2007.drupalcamptoronto.org/user/170/track/index.html]
[2007.drupalcamptoronto.org/user/42/index.html]
[2007.drupalcamptoronto.org/user/42/track/index.html]
[2007.drupalcamptoronto.org/user/58/index.html]
[2007.drupalcamptoronto.org/user/58/track/index.html]
[2007.drupalcamptoronto.org/user/128/track/index.html]
[2007.drupalcamptoronto.org/user/128/index.html]
[2007.drupalcamptoronto.org/user/3/index.html]
[2007.drupalcamptoronto.org/user/3/track/index.html]
[2007.drupalcamptoronto.org/user/60/index.html]
[2007.drupalcamptoronto.org/user/60/track/index.html]
[2007.drupalcamptoronto.org/user/118/index.html]
[2007.drupalcamptoronto.org/user/118/track/index.html]
[2007.drupalcamptoronto.org/user/119/index.html]
[2007.drupalcamptoronto.org/user/119/track/index.html]
[2007.drupalcamptoronto.org/user/116/index.html]
[2007.drupalcamptoronto.org/user/116/track/index.html]
[2007.drupalcamptoronto.org/user/65/index.html]
[2007.drupalcamptoronto.org/user/65/track/index.html]
[2007.drupalcamptoronto.org/user/73/index.html]
[2007.drupalcamptoronto.org/user/73/track/index.html]
[2007.drupalcamptoronto.org/user/151/index.html]
[2007.drupalcamptoronto.org/user/151/track/index.html]
[2007.drupalcamptoronto.org/user/131/index.html]
[2007.drupalcamptoronto.org/user/131/track/index.html]
[2007.drupalcamptoronto.org/user/85/index.html]
[2007.drupalcamptoronto.org/user/85/track/index.html]
[2007.drupalcamptoronto.org/user/11/index.html]
[2007.drupalcamptoronto.org/user/11/track/index.html]
[2007.drupalcamptoronto.org/node/72/index.html]
[2007.drupalcamptoronto.org/user/66/index.html]
[2007.drupalcamptoronto.org/node/121/index.html]
[2007.drupalcamptoronto.org/user/105/index.html]
[2007.drupalcamptoronto.org/node/7/index.html]
[2007.drupalcamptoronto.org/node/161/index.html]
[2007.drupalcamptoronto.org/user/135/index.html]
[2007.drupalcamptoronto.org/node/9/index.html]
[2007.drupalcamptoronto.org/node/34/index.html]
[2007.drupalcamptoronto.org/user/28/index.html]
[2007.drupalcamptoronto.org/node/181/index.html]
[2007.drupalcamptoronto.org/user/164/index.html]
[2007.drupalcamptoronto.org/node/79/index.html]
[2007.drupalcamptoronto.org/user/69/index.html]
[2007.drupalcamptoronto.org/node/87/index.html]
[2007.drupalcamptoronto.org/node/125/index.html]
[2007.drupalcamptoronto.org/user/112/index.html]
[2007.drupalcamptoronto.org/node/151/index.html]
[2007.drupalcamptoronto.org/user/136/index.html]
[2007.drupalcamptoronto.org/node/70/index.html]
[2007.drupalcamptoronto.org/node/20/index.html]
[2007.drupalcamptoronto.org/node/8/index.html]
[2007.drupalcamptoronto.org/node/93/index.html]
[2007.drupalcamptoronto.org/user/78/index.html]
[2007.drupalcamptoronto.org/node/41/index.html]
[2007.drupalcamptoronto.org/attendees/index1.html]
[2007.drupalcamptoronto.org/user/34/index.html]
[2007.drupalcamptoronto.org/node/52/index.html]
[2007.drupalcamptoronto.org/node/14/index.html]
[2007.drupalcamptoronto.org/node/60/index.html]
[2007.drupalcamptoronto.org/node/4/index.html]
[2007.drupalcamptoronto.org/attendees/index2.html]
[2007.drupalcamptoronto.org/node/222/index.html]
[2007.drupalcamptoronto.org/user/6/track/index.html]
[2007.drupalcamptoronto.org/user/6/index.html]
[2007.drupalcamptoronto.org/node/212/index.html]
[2007.drupalcamptoronto.org/node/203/index.html]
[2007.drupalcamptoronto.org/user/45/track/index.html]
[2007.drupalcamptoronto.org/user/45/index.html]
[2007.drupalcamptoronto.org/node/201/index.html]
[2007.drupalcamptoronto.org/node/189/index.html]
[2007.drupalcamptoronto.org/node/134/index.html]
[2007.drupalcamptoronto.org/user/2/track/index.html]
[2007.drupalcamptoronto.org/user/2/index.html]
[2007.drupalcamptoronto.org/sites/2007.drupalcamptoronto.org/modules/panels/layouts/twocol/index.css]
[2007.drupalcamptoronto.org/schedules/2007-05-11/index.html]
[2007.drupalcamptoronto.org/sites/2007.drupalcamptoronto.org/files/sites/drupalcamptoronto.org/files/drupalcamptorontoII-welcome/index.pdf]
[2007.drupalcamptoronto.org/taxonomy/term/4/index.html]
[2007.drupalcamptoronto.org/taxonomy/term/1/index.html]
[2007.drupalcamptoronto.org/taxonomy/term/2/index.html]
[2007.drupalcamptoronto.org/taxonomy/term/6/index.html]
[2007.drupalcamptoronto.org/taxonomy/term/3/index.html]
[2007.drupalcamptoronto.org/taxonomy/term/5/index.html]
[2007.drupalcamptoronto.org/node/4/index.html]
[2007.drupalcamptoronto.org/node/6/index.html]
[2007.drupalcamptoronto.org/user/99/index.html]
[2007.drupalcamptoronto.org/sites/drupalcamptoronto.org/files/dct2-mass-site-management.1e1/index.delayed]
[2007.drupalcamptoronto.org/sites/2007.drupalcamptoronto.org/files/sites/drupalcamptoronto.org/files/dct2-mass-site-management/index.tgz]
[2007.drupalcamptoronto.org/taxonomy/term/11/index.html]
[2007.drupalcamptoronto.org/taxonomy/term/13/index.html]
[2007.drupalcamptoronto.org/taxonomy/term/12/index.html]
[2007.drupalcamptoronto.org/node/9/index.html]
[2007.drupalcamptoronto.org/node/10/index.html]
[2007.drupalcamptoronto.org/user/9/index.html]
[2007.drupalcamptoronto.org/user/9/track/index.html]
[2007.drupalcamptoronto.org/taxonomy/term/92/index.html]
[2007.drupalcamptoronto.org/taxonomy/term/91/index.html]
[2007.drupalcamptoronto.org/node/20/index.html]
[2007.drupalcamptoronto.org/node/109/index.html]
[2007.drupalcamptoronto.org/user/18/index.html]
[2007.drupalcamptoronto.org/user/18/track/index.html]
[2007.drupalcamptoronto.org/taxonomy/term/30/index.html]
[2007.drupalcamptoronto.org/taxonomy/term/32/index.html]
[2007.drupalcamptoronto.org/taxonomy/term/34/index.html]
[2007.drupalcamptoronto.org/taxonomy/term/33/index.html]
[2007.drupalcamptoronto.org/node/31/index.html]
[2007.drupalcamptoronto.org/taxonomy/term/31/index.html]
[2007.drupalcamptoronto.org/taxonomy/term/56/index.html]
[2007.drupalcamptoronto.org/taxonomy/term/134/index.html]
[2007.drupalcamptoronto.org/node/174/index.html]
[2007.drupalcamptoronto.org/taxonomy/term/133/index.html]
[2007.drupalcamptoronto.org/taxonomy/term/61/index.html]
[2007.drupalcamptoronto.org/taxonomy/term/63/index.html]
[2007.drupalcamptoronto.org/taxonomy/term/62/index.html]
[2007.drupalcamptoronto.org/taxonomy/term/64/index.html]
[2007.drupalcamptoronto.org/node/70/index.html]
[2007.drupalcamptoronto.org/user/235/index.html]
[2007.drupalcamptoronto.org/user/216/index.html]
[2007.drupalcamptoronto.org/node/68/index.html]
[2007.drupalcamptoronto.org/user/210/index.html]
[2007.drupalcamptoronto.org/user/63/index.html]
[2007.drupalcamptoronto.org/user/63/track/index.html]
[2007.drupalcamptoronto.org/sites/2007.drupalcamptoronto.org/files/sites/drupalcamptoronto.org/files/drupalcamptoronto-openid/index.pdf]
[2007.drupalcamptoronto.org/taxonomy/term/106/index.html]
[2007.drupalcamptoronto.org/taxonomy/term/103/index.html]
[2007.drupalcamptoronto.org/taxonomy/term/104/index.html]
[2007.drupalcamptoronto.org/taxonomy/term/105/index.html]
[2007.drupalcamptoronto.org/node/4/index.html]
[2007.drupalcamptoronto.org/node/138/index.html]
[2007.drupalcamptoronto.org/taxonomy/term/116/index.html]
[2007.drupalcamptoronto.org/taxonomy/term/117/index.html]
[2007.drupalcamptoronto.org/taxonomy/term/118/index.html]
[2007.drupalcamptoronto.org/node/150/index.html]
[2007.drupalcamptoronto.org/taxonomy/term/115/index.html]
[2007.drupalcamptoronto.org/taxonomy/term/37/index.html]
[2007.drupalcamptoronto.org/taxonomy/term/36/index.html]
[2007.drupalcamptoronto.org/node/32/index.html]
[2007.drupalcamptoronto.org/taxonomy/term/35/index.html]
[2007.drupalcamptoronto.org/taxonomy/term/156/index.html]
[2007.drupalcamptoronto.org/taxonomy/term/158/index.html]
[2007.drupalcamptoronto.org/taxonomy/term/157/index.html]
[2007.drupalcamptoronto.org/taxonomy/term/159/index.html]
[2007.drupalcamptoronto.org/node/60/index.html]
[2007.drupalcamptoronto.org/node/223/index.html]
[2007.drupalcamptoronto.org/user/52/index.html]
[2007.drupalcamptoronto.org/schedules/2007-05-12/index.html]
[2007.drupalcamptoronto.org/user/52/track/index.html]
[2007.drupalcamptoronto.org/taxonomy/term/59/index.html]
[2007.drupalcamptoronto.org/taxonomy/term/60/index.html]
[2007.drupalcamptoronto.org/node/66/index.html]
[2007.drupalcamptoronto.org/sites/2007.drupalcamptoronto.org/files/sites/drupalcamptoronto.org/files/drupalcamptoronto-intro/index.pdf]
[2007.drupalcamptoronto.org/taxonomy/term/48/index.html]
[2007.drupalcamptoronto.org/taxonomy/term/102/index.html]
[2007.drupalcamptoronto.org/taxonomy/term/101/index.html]
[2007.drupalcamptoronto.org/node/4/index.html]
[2007.drupalcamptoronto.org/node/135/index.html]
[2007.drupalcamptoronto.org/taxonomy/term/68/index.html]
[2007.drupalcamptoronto.org/node/87/index.html]
[2007.drupalcamptoronto.org/node/90/index.html]
[2007.drupalcamptoronto.org/user/75/track/index.html]
[2007.drupalcamptoronto.org/user/75/index.html]
[2007.drupalcamptoronto.org/taxonomy/term/132/index.html]
[2007.drupalcamptoronto.org/civicrm/index.html]
[2007.drupalcamptoronto.org/node/4/index.html]
[2007.drupalcamptoronto.org/node/136/index.html]
[2007.drupalcamptoronto.org/taxonomy/term/154/index.html]
[2007.drupalcamptoronto.org/taxonomy/term/151/index.html]
[2007.drupalcamptoronto.org/taxonomy/term/152/index.html]
[2007.drupalcamptoronto.org/taxonomy/term/23/index.html]
[2007.drupalcamptoronto.org/taxonomy/term/153/index.html]
[2007.drupalcamptoronto.org/node/217/index.html]
[2007.drupalcamptoronto.org/taxonomy/term/150/index.html]
[2007.drupalcamptoronto.org/taxonomy/term/53/index.html]
[2007.drupalcamptoronto.org/taxonomy/term/52/index.html]
[2007.drupalcamptoronto.org/taxonomy/term/24/index.html]
[2007.drupalcamptoronto.org/taxonomy/term/10/index.html]
[2007.drupalcamptoronto.org/node/7/index.html]
[2007.drupalcamptoronto.org/node/58/index.html]
[2007.drupalcamptoronto.org/node/35/index.html]
[2007.drupalcamptoronto.org/taxonomy/term/79/index.html]
[2007.drupalcamptoronto.org/taxonomy/term/78/index.html]
[2007.drupalcamptoronto.org/node/8/index.html]
[2007.drupalcamptoronto.org/node/98/index.html]
[2007.drupalcamptoronto.org/user/8/index.html]
[2007.drupalcamptoronto.org/user/8/track/index.html]
[2007.drupalcamptoronto.org/taxonomy/term/25/index.html]
[2007.drupalcamptoronto.org/taxonomy/term/29/index.html]
[2007.drupalcamptoronto.org/taxonomy/term/26/index.html]
[2007.drupalcamptoronto.org/taxonomy/term/28/index.html]
[2007.drupalcamptoronto.org/node/23/index.html]
[2007.drupalcamptoronto.org/taxonomy/term/27/index.html]
[2007.drupalcamptoronto.org/taxonomy/term/136/index.html]
[2007.drupalcamptoronto.org/node/7/index.html]
[2007.drupalcamptoronto.org/node/193/index.html]
[2007.drupalcamptoronto.org/taxonomy/term/160/index.html]
[2007.drupalcamptoronto.org/node/14/index.html]
[2007.drupalcamptoronto.org/node/221/index.html]
[2007.drupalcamptoronto.org/user/12/index.html]
[2007.drupalcamptoronto.org/modules/tracker/tracker/index.css]
[2007.drupalcamptoronto.org/user/12/track/index.html]
[2007.drupalcamptoronto.org/user/97/index.html]
[2007.drupalcamptoronto.org/user/97/track/index.html]
[2007.drupalcamptoronto.org/user/71/index.html]
[2007.drupalcamptoronto.org/user/71/track/index.html]
[2007.drupalcamptoronto.org/user/33/index.html]
[2007.drupalcamptoronto.org/node/224/index.html]
[2007.drupalcamptoronto.org/user/33/track/index.html]
[2007.drupalcamptoronto.org/user/1/index.html]
[2007.drupalcamptoronto.org/user/1/track/index.html]
[2007.drupalcamptoronto.org/taxonomy/term/75/index.html]
[2007.drupalcamptoronto.org/taxonomy/term/77/index.html]
[2007.drupalcamptoronto.org/node/97/index.html]
[2007.drupalcamptoronto.org/taxonomy/term/76/index.html]
[2007.drupalcamptoronto.org/user/158/index.html]
[2007.drupalcamptoronto.org/user/158/track/index.html]
[2007.drupalcamptoronto.org/node/220/index.html]
[2007.drupalcamptoronto.org/node/219/index.html]
[2007.drupalcamptoronto.org/tracker/index1.html]
[2007.drupalcamptoronto.org/node/218/index.html]
[2007.drupalcamptoronto.org/speedgeek/index.html]
[2007.drupalcamptoronto.org/node/3/index.html]
[2007.drupalcamptoronto.org/node/132/index.html]
[2007.drupalcamptoronto.org/node/210/index.html]
[2007.drupalcamptoronto.org/welcome/index.html]
[2007.drupalcamptoronto.org/node/209/index.html]
[2007.drupalcamptoronto.org/node/180/index.html]
[2007.drupalcamptoronto.org/node/185/index.html]
[2007.drupalcamptoronto.org/tracker/index2.html]
[2007.drupalcamptoronto.org/node/206/index.html]
[2007.drupalcamptoronto.org/node/52/index.html]
[2007.drupalcamptoronto.org/node/7/index.html]
[2007.drupalcamptoronto.org/tracker/index3.html]
[2007.drupalcamptoronto.org/tracker/index4.html]
[2007.drupalcamptoronto.org/node/118/index.html]
[2007.drupalcamptoronto.org/node/8/index.html]
[2007.drupalcamptoronto.org/node/20/index.html]
[2007.drupalcamptoronto.org/tshirts/index.html]
[2007.drupalcamptoronto.org/node/4/index.html]
[2007.drupalcamptoronto.org/tracker/index5.html]
[2007.drupalcamptoronto.org/node/111/index.html]
[2007.drupalcamptoronto.org/node/107/index.html]
[2007.drupalcamptoronto.org/node/106/index.html]
[2007.drupalcamptoronto.org/node/89/index.html]
[2007.drupalcamptoronto.org/node/88/index.html]
[2007.drupalcamptoronto.org/node/87/index.html]
[2007.drupalcamptoronto.org/node/86/index.html]
[2007.drupalcamptoronto.org/node/82/index.html]
[2007.drupalcamptoronto.org/tracker/index6.html]
[2007.drupalcamptoronto.org/node/74/index.html]
[2007.drupalcamptoronto.org/node/77/index.html]
[2007.drupalcamptoronto.org/node/76/index.html]
[2007.drupalcamptoronto.org/node/75/index.html]
[2007.drupalcamptoronto.org/node/70/index.html]
[2007.drupalcamptoronto.org/node/60/index.html]
[2007.drupalcamptoronto.org/node/51/index.html]
[2007.drupalcamptoronto.org/node/14/index.html]
[2007.drupalcamptoronto.org/tracker/index7.html]
[2007.drupalcamptoronto.org/node/9/index.html]
[2007.drupalcamptoronto.org/tracker/index8.html]
[2007.drupalcamptoronto.org/node/5/index.html]
[2007.drupalcamptoronto.org/user/password/index.html]
[2007.drupalcamptoronto.org/user/index.html]
[2007.drupalcamptoronto.org/user/help/index.html]
[2007.drupalcamptoronto.org/user/192/track/index.html]
[2007.drupalcamptoronto.org/user/161/track/index.html]
[2007.drupalcamptoronto.org/user/190/track/index.html]
[2007.drupalcamptoronto.org/user/87/track/index.html]
[2007.drupalcamptoronto.org/user/53/track/index.html]
[2007.drupalcamptoronto.org/user/169/track/index.html]
[2007.drupalcamptoronto.org/user/36/track/index.html]
[2007.drupalcamptoronto.org/user/180/track/index.html]
[2007.drupalcamptoronto.org/user/179/track/index.html]
[2007.drupalcamptoronto.org/user/178/track/index.html]
[2007.drupalcamptoronto.org/user/45/contact/index.html]
[2007.drupalcamptoronto.org/node/60/index.html]
[2007.drupalcamptoronto.org/node/87/index.html]
[2007.drupalcamptoronto.org/node/70/index.html]
[2007.drupalcamptoronto.org/node/20/index.html]
[2007.drupalcamptoronto.org/node/14/index.html]
[2007.drupalcamptoronto.org/attendees/index1-6.html]
[2007.drupalcamptoronto.org/attendees/index-6.html]
[2007.drupalcamptoronto.org/attendees/index2-6.html]
[2007.drupalcamptoronto.org/attendees/index1-7.html]
[2007.drupalcamptoronto.org/attendees/index-7.html]
[2007.drupalcamptoronto.org/attendees/index2-7.html]
[2007.drupalcamptoronto.org/user/122/track/index.html]
[2007.drupalcamptoronto.org/user/122/index.html]
[2007.drupalcamptoronto.org/user/138/track/index.html]
[2007.drupalcamptoronto.org/user/138/index.html]
[2007.drupalcamptoronto.org/user/92/index.html]
[2007.drupalcamptoronto.org/user/92/track/index.html]
[2007.drupalcamptoronto.org/user/5/track/index.html]
[2007.drupalcamptoronto.org/user/5/index.html]
[2007.drupalcamptoronto.org/user/70/track/index.html]
[2007.drupalcamptoronto.org/user/70/index.html]
[2007.drupalcamptoronto.org/user/17/track/index.html]
[2007.drupalcamptoronto.org/user/17/index.html]
[2007.drupalcamptoronto.org/user/100/track/index.html]
[2007.drupalcamptoronto.org/user/100/index.html]
[2007.drupalcamptoronto.org/user/123/index.html]
[2007.drupalcamptoronto.org/user/123/track/index.html]
[2007.drupalcamptoronto.org/user/43/index.html]
[2007.drupalcamptoronto.org/user/43/track/index.html]
[2007.drupalcamptoronto.org/user/37/track/index.html]
[2007.drupalcamptoronto.org/user/37/index.html]
[2007.drupalcamptoronto.org/user/139/index.html]
[2007.drupalcamptoronto.org/user/139/track/index.html]
[2007.drupalcamptoronto.org/user/173/track/index.html]
[2007.drupalcamptoronto.org/user/173/index.html]
[2007.drupalcamptoronto.org/user/166/track/index.html]
[2007.drupalcamptoronto.org/user/166/index.html]
[2007.drupalcamptoronto.org/user/76/track/index.html]
[2007.drupalcamptoronto.org/user/76/index.html]
[2007.drupalcamptoronto.org/user/142/track/index.html]
[2007.drupalcamptoronto.org/user/142/index.html]
[2007.drupalcamptoronto.org/user/62/index.html]
[2007.drupalcamptoronto.org/user/62/track/index.html]
[2007.drupalcamptoronto.org/user/79/track/index.html]
[2007.drupalcamptoronto.org/user/79/index.html]
[2007.drupalcamptoronto.org/user/126/index.html]
[2007.drupalcamptoronto.org/user/126/track/index.html]
[2007.drupalcamptoronto.org/user/148/index.html]
[2007.drupalcamptoronto.org/user/148/track/index.html]
[2007.drupalcamptoronto.org/user/137/index.html]
[2007.drupalcamptoronto.org/user/137/track/index.html]
[2007.drupalcamptoronto.org/user/86/track/index.html]
[2007.drupalcamptoronto.org/user/86/index.html]
[2007.drupalcamptoronto.org/node/4/index.html]
[2007.drupalcamptoronto.org/attendees/index1-2.html]
[2007.drupalcamptoronto.org/node/14/index.html]
[2007.drupalcamptoronto.org/node/20/index.html]
[2007.drupalcamptoronto.org/node/70/index.html]
[2007.drupalcamptoronto.org/node/87/index.html]
[2007.drupalcamptoronto.org/node/60/index.html]
[2007.drupalcamptoronto.org/attendees/index2-2.html]
[2007.drupalcamptoronto.org/user/144/track/index.html]
[2007.drupalcamptoronto.org/user/144/index.html]
[2007.drupalcamptoronto.org/user/15/track/index.html]
[2007.drupalcamptoronto.org/user/15/index.html]
[2007.drupalcamptoronto.org/user/84/index.html]
[2007.drupalcamptoronto.org/user/84/track/index.html]
[2007.drupalcamptoronto.org/user/145/index.html]
[2007.drupalcamptoronto.org/user/145/track/index.html]
[2007.drupalcamptoronto.org/user/61/track/index.html]
[2007.drupalcamptoronto.org/user/61/index.html]
[2007.drupalcamptoronto.org/user/16/index.html]
[2007.drupalcamptoronto.org/user/16/track/index.html]
[2007.drupalcamptoronto.org/user/120/index.html]
[2007.drupalcamptoronto.org/user/120/track/index.html]
[2007.drupalcamptoronto.org/user/20/track/index.html]
[2007.drupalcamptoronto.org/user/20/index.html]
[2007.drupalcamptoronto.org/user/162/index.html]
[2007.drupalcamptoronto.org/user/162/track/index.html]
[2007.drupalcamptoronto.org/user/41/track/index.html]
[2007.drupalcamptoronto.org/user/41/index.html]
[2007.drupalcamptoronto.org/user/155/index.html]
[2007.drupalcamptoronto.org/user/155/track/index.html]
[2007.drupalcamptoronto.org/user/50/track/index.html]
[2007.drupalcamptoronto.org/user/50/index.html]
[2007.drupalcamptoronto.org/user/77/index.html]
[2007.drupalcamptoronto.org/user/77/track/index.html]
[2007.drupalcamptoronto.org/user/130/track/index.html]
[2007.drupalcamptoronto.org/user/130/index.html]
[2007.drupalcamptoronto.org/user/32/index.html]
[2007.drupalcamptoronto.org/user/32/track/index.html]
[2007.drupalcamptoronto.org/user/101/index.html]
[2007.drupalcamptoronto.org/user/101/track/index.html]
[2007.drupalcamptoronto.org/user/171/index.html]
[2007.drupalcamptoronto.org/user/171/track/index.html]
[2007.drupalcamptoronto.org/user/72/track/index.html]
[2007.drupalcamptoronto.org/user/72/index.html]
[2007.drupalcamptoronto.org/user/47/track/index.html]
[2007.drupalcamptoronto.org/user/47/index.html]
[2007.drupalcamptoronto.org/user/44/index.html]
[2007.drupalcamptoronto.org/user/44/track/index.html]
[2007.drupalcamptoronto.org/user/111/index.html]
[2007.drupalcamptoronto.org/user/111/track/index.html]
[2007.drupalcamptoronto.org/user/127/index.html]
[2007.drupalcamptoronto.org/user/127/track/index.html]
[2007.drupalcamptoronto.org/user/49/index.html]
[2007.drupalcamptoronto.org/user/49/track/index.html]
[2007.drupalcamptoronto.org/user/21/index.html]
[2007.drupalcamptoronto.org/user/21/track/index.html]
[2007.drupalcamptoronto.org/user/141/index.html]
[2007.drupalcamptoronto.org/user/141/track/index.html]
[2007.drupalcamptoronto.org/user/80/index.html]
[2007.drupalcamptoronto.org/user/80/track/index.html]
[2007.drupalcamptoronto.org/user/165/index.html]
[2007.drupalcamptoronto.org/user/165/track/index.html]
[2007.drupalcamptoronto.org/user/147/track/index.html]
[2007.drupalcamptoronto.org/user/147/index.html]
[2007.drupalcamptoronto.org/user/114/index.html]
[2007.drupalcamptoronto.org/user/114/track/index.html]
[2007.drupalcamptoronto.org/user/31/index.html]
[2007.drupalcamptoronto.org/user/31/track/index.html]
[2007.drupalcamptoronto.org/user/54/index.html]
[2007.drupalcamptoronto.org/user/54/track/index.html]
[2007.drupalcamptoronto.org/user/24/track/index.html]
[2007.drupalcamptoronto.org/user/24/index.html]
[2007.drupalcamptoronto.org/node/8/index.html]
[2007.drupalcamptoronto.org/node/20/index.html]
[2007.drupalcamptoronto.org/node/70/index.html]
[2007.drupalcamptoronto.org/node/87/index.html]
[2007.drupalcamptoronto.org/node/9/index.html]
[2007.drupalcamptoronto.org/node/7/index.html]
[2007.drupalcamptoronto.org/attendees/index1-3.html]
[2007.drupalcamptoronto.org/attendees/index2-3.html]
[2007.drupalcamptoronto.org/node/8/index.html]
[2007.drupalcamptoronto.org/node/20/index.html]
[2007.drupalcamptoronto.org/node/7/index.html]
[2007.drupalcamptoronto.org/node/52/index.html]
[2007.drupalcamptoronto.org/attendees/index1-8.html]
[2007.drupalcamptoronto.org/attendees/index-8.html]
[2007.drupalcamptoronto.org/attendees/index2-8.html]
[2007.drupalcamptoronto.org/user/35/index.html]
[2007.drupalcamptoronto.org/user/35/track/index.html]
[2007.drupalcamptoronto.org/user/39/index.html]
[2007.drupalcamptoronto.org/user/39/track/index.html]
[2007.drupalcamptoronto.org/user/96/index.html]
[2007.drupalcamptoronto.org/user/96/track/index.html]
[2007.drupalcamptoronto.org/user/110/index.html]
[2007.drupalcamptoronto.org/user/110/track/index.html]
[2007.drupalcamptoronto.org/user/146/index.html]
[2007.drupalcamptoronto.org/user/146/track/index.html]
[2007.drupalcamptoronto.org/user/175/track/index.html]
[2007.drupalcamptoronto.org/user/175/index.html]
[2007.drupalcamptoronto.org/user/64/track/index.html]
[2007.drupalcamptoronto.org/user/64/index.html]
[2007.drupalcamptoronto.org/user/103/index.html]
[2007.drupalcamptoronto.org/user/103/track/index.html]
[2007.drupalcamptoronto.org/node/14/index.html]
[2007.drupalcamptoronto.org/node/70/index.html]
[2007.drupalcamptoronto.org/node/60/index.html]
[2007.drupalcamptoronto.org/node/87/index.html]
[2007.drupalcamptoronto.org/attendees/index1-4.html]
[2007.drupalcamptoronto.org/node/52/index.html]
[2007.drupalcamptoronto.org/node/7/index.html]
[2007.drupalcamptoronto.org/node/20/index.html]
[2007.drupalcamptoronto.org/node/8/index.html]
[2007.drupalcamptoronto.org/attendees/index2-4.html]
[2007.drupalcamptoronto.org/node/4/index.html]
[2007.drupalcamptoronto.org/node/8/index.html]
[2007.drupalcamptoronto.org/node/14/index.html]
[2007.drupalcamptoronto.org/node/70/index.html]
[2007.drupalcamptoronto.org/node/60/index.html]
[2007.drupalcamptoronto.org/node/87/index.html]
[2007.drupalcamptoronto.org/node/7/index.html]
[2007.drupalcamptoronto.org/node/9/index.html]
[2007.drupalcamptoronto.org/node/20/index.html]
[2007.drupalcamptoronto.org/attendees/index1-9.html]
[2007.drupalcamptoronto.org/attendees/index2-9.html]
[2007.drupalcamptoronto.org/attendees/index-9.html]
[2007.drupalcamptoronto.org/user/177/index.html]
[2007.drupalcamptoronto.org/user/177/track/index.html]
[2007.drupalcamptoronto.org/user/134/index.html]
[2007.drupalcamptoronto.org/user/134/track/index.html]
[2007.drupalcamptoronto.org/user/159/track/index.html]
[2007.drupalcamptoronto.org/user/159/index.html]
[2007.drupalcamptoronto.org/user/168/index.html]
[2007.drupalcamptoronto.org/user/168/track/index.html]
[2007.drupalcamptoronto.org/user/30/index.html]
[2007.drupalcamptoronto.org/user/30/track/index.html]
[2007.drupalcamptoronto.org/node/7/index.html]
[2007.drupalcamptoronto.org/node/9/index.html]
[2007.drupalcamptoronto.org/node/20/index.html]
[2007.drupalcamptoronto.org/node/52/index.html]
[2007.drupalcamptoronto.org/attendees/index1-5.html]
[2007.drupalcamptoronto.org/node/60/index.html]
[2007.drupalcamptoronto.org/node/87/index.html]
[2007.drupalcamptoronto.org/node/4/index.html]
[2007.drupalcamptoronto.org/node/8/index.html]
[2007.drupalcamptoronto.org/node/14/index.html]
[2007.drupalcamptoronto.org/node/70/index.html]
[2007.drupalcamptoronto.org/attendees/index2-5.html]
[2007.drupalcamptoronto.org/user/83/track/index.html]
[2007.drupalcamptoronto.org/user/117/track/index.html]
[2007.drupalcamptoronto.org/user/14/track/index.html]
[2007.drupalcamptoronto.org/user/143/track/index.html]
[2007.drupalcamptoronto.org/user/48/track/index.html]
[2007.drupalcamptoronto.org/user/26/track/index.html]
[2007.drupalcamptoronto.org/user/91/track/index.html]
[2007.drupalcamptoronto.org/user/22/track/index.html]
[2007.drupalcamptoronto.org/user/27/track/index.html]
[2007.drupalcamptoronto.org/user/125/track/index.html]
[2007.drupalcamptoronto.org/user/82/track/index.html]
[2007.drupalcamptoronto.org/user/51/track/index.html]
[2007.drupalcamptoronto.org/user/152/track/index.html]
[2007.drupalcamptoronto.org/user/108/track/index.html]
[2007.drupalcamptoronto.org/user/81/track/index.html]
[2007.drupalcamptoronto.org/user/23/track/index.html]
[2007.drupalcamptoronto.org/user/150/track/index.html]
[2007.drupalcamptoronto.org/user/67/track/index.html]
[2007.drupalcamptoronto.org/user/19/track/index.html]
[2007.drupalcamptoronto.org/user/133/track/index.html]
[2007.drupalcamptoronto.org/user/46/track/index.html]
[2007.drupalcamptoronto.org/user/38/track/index.html]
[2007.drupalcamptoronto.org/user/104/track/index.html]
[2007.drupalcamptoronto.org/user/140/track/index.html]
[2007.drupalcamptoronto.org/user/149/track/index.html]
[2007.drupalcamptoronto.org/user/88/track/index.html]
[2007.drupalcamptoronto.org/user/4/track/index.html]
[2007.drupalcamptoronto.org/user/129/track/index.html]
[2007.drupalcamptoronto.org/user/153/track/index.html]
[2007.drupalcamptoronto.org/user/115/track/index.html]
[2007.drupalcamptoronto.org/user/170/track/index.html]
[2007.drupalcamptoronto.org/user/42/track/index.html]
[2007.drupalcamptoronto.org/user/58/track/index.html]
[2007.drupalcamptoronto.org/user/128/track/index.html]
[2007.drupalcamptoronto.org/user/3/track/index.html]
[2007.drupalcamptoronto.org/user/60/track/index.html]
[2007.drupalcamptoronto.org/user/118/track/index.html]
[2007.drupalcamptoronto.org/user/119/track/index.html]
[2007.drupalcamptoronto.org/user/116/track/index.html]
[2007.drupalcamptoronto.org/user/65/track/index.html]
[2007.drupalcamptoronto.org/user/73/track/index.html]
[2007.drupalcamptoronto.org/user/151/track/index.html]
[2007.drupalcamptoronto.org/user/131/track/index.html]
[2007.drupalcamptoronto.org/user/85/track/index.html]
[2007.drupalcamptoronto.org/user/11/track/index.html]
[2007.drupalcamptoronto.org/user/66/index.html]
[2007.drupalcamptoronto.org/user/66/track/index.html]
[2007.drupalcamptoronto.org/user/105/index.html]
[2007.drupalcamptoronto.org/user/105/track/index.html]
[2007.drupalcamptoronto.org/user/135/index.html]
[2007.drupalcamptoronto.org/user/135/track/index.html]
[2007.drupalcamptoronto.org/user/28/index.html]
[2007.drupalcamptoronto.org/user/28/track/index.html]
[2007.drupalcamptoronto.org/user/164/track/index.html]
[2007.drupalcamptoronto.org/user/164/index.html]
[2007.drupalcamptoronto.org/user/69/index.html]
[2007.drupalcamptoronto.org/user/69/track/index.html]
[2007.drupalcamptoronto.org/user/112/index.html]
[2007.drupalcamptoronto.org/user/112/track/index.html]
[2007.drupalcamptoronto.org/user/136/track/index.html]
[2007.drupalcamptoronto.org/user/136/index.html]
[2007.drupalcamptoronto.org/user/78/index.html]
[2007.drupalcamptoronto.org/user/78/track/index.html]
[2007.drupalcamptoronto.org/user/34/index.html]
[2007.drupalcamptoronto.org/user/34/track/index.html]
[2007.drupalcamptoronto.org/node/7/index.html]
[2007.drupalcamptoronto.org/user/6/track/index.html]
[2007.drupalcamptoronto.org/node/52/index.html]
[2007.drupalcamptoronto.org/user/45/track/index.html]
[2007.drupalcamptoronto.org/node/4/index.html]
[2007.drupalcamptoronto.org/user/2/track/index.html]
[2007.drupalcamptoronto.org/sites/2007.drupalcamptoronto.org/files/sites/drupalcamptoronto.org/files/drupalcamptorontoII-welcome/index.html]
[2007.drupalcamptoronto.org/taxonomy/term/4/0/feed/index.html]
[2007.drupalcamptoronto.org/node/14/index.html]
[2007.drupalcamptoronto.org/node/7/index.html]
[2007.drupalcamptoronto.org/node/4/index.html]
[2007.drupalcamptoronto.org/node/20/index.html]
[2007.drupalcamptoronto.org/node/87/index.html]
[2007.drupalcamptoronto.org/node/7/index.html]
[2007.drupalcamptoronto.org/taxonomy/term/4/index1.html]
[2007.drupalcamptoronto.org/taxonomy/term/4/index.html]
[2007.drupalcamptoronto.org/taxonomy/term/1/0/feed/index.html]
[2007.drupalcamptoronto.org/node/14/index.html]
[2007.drupalcamptoronto.org/node/87/index.html]
[2007.drupalcamptoronto.org/node/7/index.html]
[2007.drupalcamptoronto.org/node/9/index.html]
[2007.drupalcamptoronto.org/node/4/index.html]
[2007.drupalcamptoronto.org/taxonomy/term/1/index.html]
[2007.drupalcamptoronto.org/taxonomy/term/2/0/feed/index.html]
[2007.drupalcamptoronto.org/node/14/index.html]
[2007.drupalcamptoronto.org/node/7/index.html]
[2007.drupalcamptoronto.org/node/4/index.html]
[2007.drupalcamptoronto.org/node/4/index.html]
[2007.drupalcamptoronto.org/node/20/index.html]
[2007.drupalcamptoronto.org/node/8/index.html]
[2007.drupalcamptoronto.org/node/87/index.html]
[2007.drupalcamptoronto.org/node/70/index.html]
[2007.drupalcamptoronto.org/taxonomy/term/2/index.html]
[2007.drupalcamptoronto.org/taxonomy/term/2/index1.html]
[2007.drupalcamptoronto.org/taxonomy/term/6/0/feed/index.html]
[2007.drupalcamptoronto.org/taxonomy/term/40/index.html]
[2007.drupalcamptoronto.org/taxonomy/term/55/index.html]
[2007.drupalcamptoronto.org/taxonomy/term/57/index.html]
[2007.drupalcamptoronto.org/taxonomy/term/58/index.html]
[2007.drupalcamptoronto.org/taxonomy/term/51/index.html]
[2007.drupalcamptoronto.org/taxonomy/term/50/index.html]
[2007.drupalcamptoronto.org/taxonomy/term/45/index.html]
[2007.drupalcamptoronto.org/taxonomy/term/20/index.html]
[2007.drupalcamptoronto.org/taxonomy/term/49/index.html]
[2007.drupalcamptoronto.org/taxonomy/term/43/index.html]
[2007.drupalcamptoronto.org/taxonomy/term/44/index.html]
[2007.drupalcamptoronto.org/taxonomy/term/47/index.html]
[2007.drupalcamptoronto.org/taxonomy/term/46/index.html]
[2007.drupalcamptoronto.org/taxonomy/term/41/index.html]
[2007.drupalcamptoronto.org/taxonomy/term/42/index.html]
[2007.drupalcamptoronto.org/node/4/index.html]
[2007.drupalcamptoronto.org/taxonomy/term/6/index.html]
[2007.drupalcamptoronto.org/taxonomy/term/3/0/feed/index.html]
[2007.drupalcamptoronto.org/node/14/index.html]
[2007.drupalcamptoronto.org/node/4/index.html]
[2007.drupalcamptoronto.org/node/4/index.html]
[2007.drupalcamptoronto.org/node/87/index.html]
[2007.drupalcamptoronto.org/taxonomy/term/3/index.html]
[2007.drupalcamptoronto.org/taxonomy/term/3/index1.html]
[2007.drupalcamptoronto.org/taxonomy/term/5/0/feed/index.html]
[2007.drupalcamptoronto.org/node/60/index.html]
[2007.drupalcamptoronto.org/node/4/index.html]
[2007.drupalcamptoronto.org/node/87/index.html]
[2007.drupalcamptoronto.org/node/4/index.html]
[2007.drupalcamptoronto.org/taxonomy/term/5/index.html]
[2007.drupalcamptoronto.org/user/99/index.html]
[2007.drupalcamptoronto.org/sites/drupalcamptoronto.org/files/dct2-mass-site-management/index.html]
[2007.drupalcamptoronto.org/sites/2007.drupalcamptoronto.org/files/sites/drupalcamptoronto.org/files/dct2-mass-site-management/index.html]
[2007.drupalcamptoronto.org/user/99/track/index.html]
[2007.drupalcamptoronto.org/taxonomy/term/11/0/feed/index.html]
[2007.drupalcamptoronto.org/node/9/index.html]
[2007.drupalcamptoronto.org/taxonomy/term/11/index.html]
[2007.drupalcamptoronto.org/taxonomy/term/13/0/feed/index.html]
[2007.drupalcamptoronto.org/node/9/index.html]
[2007.drupalcamptoronto.org/taxonomy/term/13/index.html]
[2007.drupalcamptoronto.org/taxonomy/term/12/0/feed/index.html]
[2007.drupalcamptoronto.org/node/9/index.html]
[2007.drupalcamptoronto.org/taxonomy/term/12/index.html]
[2007.drupalcamptoronto.org/node/9/index.html]
[2007.drupalcamptoronto.org/user/9/track/index.html]
[2007.drupalcamptoronto.org/taxonomy/term/92/0/feed/index.html]
[2007.drupalcamptoronto.org/node/20/index.html]
[2007.drupalcamptoronto.org/taxonomy/term/92/index.html]
[2007.drupalcamptoronto.org/taxonomy/term/91/0/feed/index.html]
[2007.drupalcamptoronto.org/node/20/index.html]
[2007.drupalcamptoronto.org/taxonomy/term/91/index.html]
[2007.drupalcamptoronto.org/node/20/index.html]
[2007.drupalcamptoronto.org/user/18/track/index.html]
[2007.drupalcamptoronto.org/taxonomy/term/30/0/feed/index.html]
[2007.drupalcamptoronto.org/taxonomy/term/148/index.html]
[2007.drupalcamptoronto.org/taxonomy/term/111/index.html]
[2007.drupalcamptoronto.org/taxonomy/term/30/index.html]
[2007.drupalcamptoronto.org/taxonomy/term/149/index.html]
[2007.drupalcamptoronto.org/taxonomy/term/32/index.html]
[2007.drupalcamptoronto.org/taxonomy/term/32/0/feed/index.html]
[2007.drupalcamptoronto.org/taxonomy/term/34/0/feed/index.html]
[2007.drupalcamptoronto.org/node/7/index.html]
[2007.drupalcamptoronto.org/taxonomy/term/34/index.html]
[2007.drupalcamptoronto.org/taxonomy/term/33/index.html]
[2007.drupalcamptoronto.org/taxonomy/term/33/0/feed/index.html]
[2007.drupalcamptoronto.org/taxonomy/term/31/0/feed/index.html]
[2007.drupalcamptoronto.org/node/8/index.html]
[2007.drupalcamptoronto.org/taxonomy/term/31/index.html]
[2007.drupalcamptoronto.org/taxonomy/term/56/index.html]
[2007.drupalcamptoronto.org/taxonomy/term/56/0/feed/index.html]
[2007.drupalcamptoronto.org/taxonomy/term/134/index.html]
[2007.drupalcamptoronto.org/taxonomy/term/134/0/feed/index.html]
[2007.drupalcamptoronto.org/taxonomy/term/133/index.html]
[2007.drupalcamptoronto.org/taxonomy/term/133/0/feed/index.html]
[2007.drupalcamptoronto.org/taxonomy/term/61/0/feed/index.html]
[2007.drupalcamptoronto.org/node/70/index.html]
[2007.drupalcamptoronto.org/taxonomy/term/61/index.html]
[2007.drupalcamptoronto.org/taxonomy/term/63/0/feed/index.html]
[2007.drupalcamptoronto.org/node/70/index.html]
[2007.drupalcamptoronto.org/taxonomy/term/63/index.html]
[2007.drupalcamptoronto.org/taxonomy/term/62/0/feed/index.html]
[2007.drupalcamptoronto.org/node/70/index.html]
[2007.drupalcamptoronto.org/taxonomy/term/62/index.html]
[2007.drupalcamptoronto.org/taxonomy/term/64/0/feed/index.html]
[2007.drupalcamptoronto.org/node/70/index.html]
[2007.drupalcamptoronto.org/taxonomy/term/64/index.html]
[2007.drupalcamptoronto.org/user/235/index.html]
[2007.drupalcamptoronto.org/user/235/track/index.html]
[2007.drupalcamptoronto.org/user/216/index.html]
[2007.drupalcamptoronto.org/user/216/track/index.html]
[2007.drupalcamptoronto.org/user/210/index.html]
[2007.drupalcamptoronto.org/user/210/track/index.html]
[2007.drupalcamptoronto.org/node/70/index.html]
[2007.drupalcamptoronto.org/user/63/track/index.html]
[2007.drupalcamptoronto.org/sites/2007.drupalcamptoronto.org/files/sites/drupalcamptoronto.org/files/drupalcamptoronto-openid/index.html]
[2007.drupalcamptoronto.org/taxonomy/term/106/0/feed/index.html]
[2007.drupalcamptoronto.org/node/4/index.html]
[2007.drupalcamptoronto.org/taxonomy/term/106/index.html]
[2007.drupalcamptoronto.org/taxonomy/term/103/0/feed/index.html]
[2007.drupalcamptoronto.org/node/4/index.html]
[2007.drupalcamptoronto.org/taxonomy/term/103/index.html]
[2007.drupalcamptoronto.org/taxonomy/term/104/0/feed/index.html]
[2007.drupalcamptoronto.org/node/4/index.html]
[2007.drupalcamptoronto.org/taxonomy/term/104/index.html]
[2007.drupalcamptoronto.org/taxonomy/term/105/0/feed/index.html]
[2007.drupalcamptoronto.org/node/4/index.html]
[2007.drupalcamptoronto.org/taxonomy/term/105/index.html]
[2007.drupalcamptoronto.org/taxonomy/term/116/index.html]
[2007.drupalcamptoronto.org/taxonomy/term/116/0/feed/index.html]
[2007.drupalcamptoronto.org/taxonomy/term/117/index.html]
[2007.drupalcamptoronto.org/taxonomy/term/117/0/feed/index.html]
[2007.drupalcamptoronto.org/taxonomy/term/118/index.html]
[2007.drupalcamptoronto.org/taxonomy/term/118/0/feed/index.html]
[2007.drupalcamptoronto.org/taxonomy/term/115/0/feed/index.html]
[2007.drupalcamptoronto.org/taxonomy/term/139/index.html]
[2007.drupalcamptoronto.org/taxonomy/term/138/index.html]
[2007.drupalcamptoronto.org/taxonomy/term/93/index.html]
[2007.drupalcamptoronto.org/taxonomy/term/81/index.html]
[2007.drupalcamptoronto.org/taxonomy/term/65/index.html]
[2007.drupalcamptoronto.org/taxonomy/term/115/index.html]
[2007.drupalcamptoronto.org/taxonomy/term/140/index.html]
[2007.drupalcamptoronto.org/taxonomy/term/37/index.html]
[2007.drupalcamptoronto.org/taxonomy/term/37/0/feed/index.html]
[2007.drupalcamptoronto.org/taxonomy/term/36/0/feed/index.html]
[2007.drupalcamptoronto.org/node/7/index.html]
[2007.drupalcamptoronto.org/taxonomy/term/36/index.html]
[2007.drupalcamptoronto.org/taxonomy/term/35/index.html]
[2007.drupalcamptoronto.org/taxonomy/term/35/0/feed/index.html]
[2007.drupalcamptoronto.org/taxonomy/term/156/0/feed/index.html]
[2007.drupalcamptoronto.org/node/60/index.html]
[2007.drupalcamptoronto.org/taxonomy/term/156/index.html]
[2007.drupalcamptoronto.org/taxonomy/term/158/0/feed/index.html]
[2007.drupalcamptoronto.org/node/60/index.html]
[2007.drupalcamptoronto.org/taxonomy/term/158/index.html]
[2007.drupalcamptoronto.org/taxonomy/term/157/0/feed/index.html]
[2007.drupalcamptoronto.org/node/60/index.html]
[2007.drupalcamptoronto.org/taxonomy/term/157/index.html]
[2007.drupalcamptoronto.org/taxonomy/term/159/0/feed/index.html]
[2007.drupalcamptoronto.org/node/60/index.html]
[2007.drupalcamptoronto.org/taxonomy/term/159/index.html]
[2007.drupalcamptoronto.org/node/60/index.html]
[2007.drupalcamptoronto.org/user/52/track/index.html]
[2007.drupalcamptoronto.org/taxonomy/term/59/index.html]
[2007.drupalcamptoronto.org/taxonomy/term/59/0/feed/index.html]
[2007.drupalcamptoronto.org/taxonomy/term/60/index.html]
[2007.drupalcamptoronto.org/sites/2007.drupalcamptoronto.org/files/sites/drupalcamptoronto.org/files/drupalcamptoronto-intro/index.html]
[2007.drupalcamptoronto.org/taxonomy/term/60/0/feed/index.html]
[2007.drupalcamptoronto.org/taxonomy/term/48/0/feed/index.html]
[2007.drupalcamptoronto.org/node/4/index.html]
[2007.drupalcamptoronto.org/node/7/index.html]
[2007.drupalcamptoronto.org/taxonomy/term/48/index.html]
[2007.drupalcamptoronto.org/taxonomy/term/102/0/feed/index.html]
[2007.drupalcamptoronto.org/node/4/index.html]
[2007.drupalcamptoronto.org/taxonomy/term/102/index.html]
[2007.drupalcamptoronto.org/taxonomy/term/101/0/feed/index.html]
[2007.drupalcamptoronto.org/node/4/index.html]
[2007.drupalcamptoronto.org/taxonomy/term/101/index.html]
[2007.drupalcamptoronto.org/taxonomy/term/68/0/feed/index.html]
[2007.drupalcamptoronto.org/node/87/index.html]
[2007.drupalcamptoronto.org/taxonomy/term/68/index.html]
[2007.drupalcamptoronto.org/node/87/index.html]
[2007.drupalcamptoronto.org/user/75/track/index.html]
[2007.drupalcamptoronto.org/taxonomy/term/132/index.html]
[2007.drupalcamptoronto.org/taxonomy/term/132/0/feed/index.html]
[2007.drupalcamptoronto.org/taxonomy/term/154/index.html]
[2007.drupalcamptoronto.org/taxonomy/term/154/0/feed/index.html]
[2007.drupalcamptoronto.org/taxonomy/term/151/index.html]
[2007.drupalcamptoronto.org/taxonomy/term/151/0/feed/index.html]
[2007.drupalcamptoronto.org/taxonomy/term/152/index.html]
[2007.drupalcamptoronto.org/taxonomy/term/152/0/feed/index.html]
[2007.drupalcamptoronto.org/taxonomy/term/23/0/feed/index.html]
[2007.drupalcamptoronto.org/node/7/index.html]
[2007.drupalcamptoronto.org/taxonomy/term/23/index.html]
[2007.drupalcamptoronto.org/taxonomy/term/153/index.html]
[2007.drupalcamptoronto.org/taxonomy/term/153/0/feed/index.html]
[2007.drupalcamptoronto.org/taxonomy/term/150/index.html]
[2007.drupalcamptoronto.org/taxonomy/term/150/0/feed/index.html]
[2007.drupalcamptoronto.org/taxonomy/term/53/0/feed/index.html]
[2007.drupalcamptoronto.org/node/7/index.html]
[2007.drupalcamptoronto.org/taxonomy/term/53/index.html]
[2007.drupalcamptoronto.org/taxonomy/term/52/0/feed/index.html]
[2007.drupalcamptoronto.org/node/7/index.html]
[2007.drupalcamptoronto.org/taxonomy/term/52/index.html]
[2007.drupalcamptoronto.org/taxonomy/term/24/0/feed/index.html]
[2007.drupalcamptoronto.org/node/8/index.html]
[2007.drupalcamptoronto.org/node/7/index.html]
[2007.drupalcamptoronto.org/taxonomy/term/24/index.html]
[2007.drupalcamptoronto.org/taxonomy/term/10/0/feed/index.html]
[2007.drupalcamptoronto.org/node/7/index.html]
[2007.drupalcamptoronto.org/node/9/index.html]
[2007.drupalcamptoronto.org/taxonomy/term/7/index.html]
[2007.drupalcamptoronto.org/taxonomy/term/9/index.html]
[2007.drupalcamptoronto.org/taxonomy/term/10/index.html]
[2007.drupalcamptoronto.org/taxonomy/term/8/index.html]
[2007.drupalcamptoronto.org/taxonomy/term/79/0/feed/index.html]
[2007.drupalcamptoronto.org/node/8/index.html]
[2007.drupalcamptoronto.org/taxonomy/term/79/index.html]
[2007.drupalcamptoronto.org/taxonomy/term/78/0/feed/index.html]
[2007.drupalcamptoronto.org/node/8/index.html]
[2007.drupalcamptoronto.org/taxonomy/term/78/index.html]
[2007.drupalcamptoronto.org/node/8/index.html]
[2007.drupalcamptoronto.org/user/8/track/index.html]
[2007.drupalcamptoronto.org/taxonomy/term/25/index.html]
[2007.drupalcamptoronto.org/taxonomy/term/25/0/feed/index.html]
[2007.drupalcamptoronto.org/taxonomy/term/29/index.html]
[2007.drupalcamptoronto.org/taxonomy/term/29/0/feed/index.html]
[2007.drupalcamptoronto.org/taxonomy/term/26/index.html]
[2007.drupalcamptoronto.org/taxonomy/term/26/0/feed/index.html]
[2007.drupalcamptoronto.org/taxonomy/term/28/index.html]
[2007.drupalcamptoronto.org/taxonomy/term/28/0/feed/index.html]
[2007.drupalcamptoronto.org/taxonomy/term/27/index.html]
[2007.drupalcamptoronto.org/taxonomy/term/27/0/feed/index.html]
[2007.drupalcamptoronto.org/taxonomy/term/136/0/feed/index.html]
[2007.drupalcamptoronto.org/node/7.390/index.delayed]
[2007.drupalcamptoronto.org/taxonomy/term/136/index.html]
[2007.drupalcamptoronto.org/taxonomy/term/160/0/feed/index.html]
[2007.drupalcamptoronto.org/node/14/index.html]
[2007.drupalcamptoronto.org/taxonomy/term/160/index.html]
[2007.drupalcamptoronto.org/node/14/index.html]
[2007.drupalcamptoronto.org/user/12/track/index.html]
[2007.drupalcamptoronto.org/user/97/track/index.html]
[2007.drupalcamptoronto.org/user/71/track/index.html]
[2007.drupalcamptoronto.org/user/33/track/index.html]
[2007.drupalcamptoronto.org/user/1/track/index.html]
[2007.drupalcamptoronto.org/taxonomy/term/75/index.html]
[2007.drupalcamptoronto.org/taxonomy/term/75/0/feed/index.html]
[2007.drupalcamptoronto.org/taxonomy/term/77/index.html]
[2007.drupalcamptoronto.org/taxonomy/term/77/0/feed/index.html]
[2007.drupalcamptoronto.org/taxonomy/term/76/index.html]
[2007.drupalcamptoronto.org/user/158/track/index.html]
[2007.drupalcamptoronto.org/node/220/index.html]
[2007.drupalcamptoronto.org/node/219/index.html]
[2007.drupalcamptoronto.org/node/218/index.html]
[2007.drupalcamptoronto.org/speedgeek/index.html]
[2007.drupalcamptoronto.org/node/3/index.html]
[2007.drupalcamptoronto.org/node/132/index.html]
[2007.drupalcamptoronto.org/node/210/index.html]
[2007.drupalcamptoronto.org/welcome/index.html]
[2007.drupalcamptoronto.org/node/209/index.html]
[2007.drupalcamptoronto.org/node/180/index.html]
[2007.drupalcamptoronto.org/node/185/index.html]
[2007.drupalcamptoronto.org/node/206/index.html]
[2007.drupalcamptoronto.org/node/118/index.html]
[2007.drupalcamptoronto.org/tshirts/index.html]
[2007.drupalcamptoronto.org/node/111/index.html]
[2007.drupalcamptoronto.org/node/107/index.html]
[2007.drupalcamptoronto.org/node/106/index.html]
[2007.drupalcamptoronto.org/node/89/index.html]
[2007.drupalcamptoronto.org/node/88/index.html]
[2007.drupalcamptoronto.org/node/86/index.html]
[2007.drupalcamptoronto.org/node/82/index.html]
[2007.drupalcamptoronto.org/node/74/index.html]
[2007.drupalcamptoronto.org/node/77/index.html]
[2007.drupalcamptoronto.org/node/76/index.html]
[2007.drupalcamptoronto.org/node/75/index.html]
[2007.drupalcamptoronto.org/node/51/index.html]
[2007.drupalcamptoronto.org/taxonomy/term/76/0/feed/index.html]
[2007.drupalcamptoronto.org/user/register/index.html]
[2007.drupalcamptoronto.org/node/5/index.html]
[2007.drupalcamptoronto.org/user/password/index.html]
[2007.drupalcamptoronto.org/user/help/index.html]
[2007.drupalcamptoronto.org/node/4/index.html]
[2007.drupalcamptoronto.org/attendees/index1-6.html]
[2007.drupalcamptoronto.org/node/9/index.html]
[2007.drupalcamptoronto.org/node/52/index.html]
[2007.drupalcamptoronto.org/node/8/index.html]
[2007.drupalcamptoronto.org/attendees/index2-6.html]
[2007.drupalcamptoronto.org/node/9/index.html]
[2007.drupalcamptoronto.org/node/87/index.html]
[2007.drupalcamptoronto.org/node/70/index.html]
[2007.drupalcamptoronto.org/node/20/index.html]
[2007.drupalcamptoronto.org/node/8/index.html]
[2007.drupalcamptoronto.org/attendees/index1-7.html]
[2007.drupalcamptoronto.org/node/52/index.html]
[2007.drupalcamptoronto.org/node/14/index.html]
[2007.drupalcamptoronto.org/node/60/index.html]
[2007.drupalcamptoronto.org/node/4/index.html]
[2007.drupalcamptoronto.org/attendees/index2-7.html]
[2007.drupalcamptoronto.org/user/122/track/index.html]
[2007.drupalcamptoronto.org/user/138/track/index.html]
[2007.drupalcamptoronto.org/user/92/track/index.html]
[2007.drupalcamptoronto.org/user/5/track/index.html]
[2007.drupalcamptoronto.org/user/70/track/index.html]
[2007.drupalcamptoronto.org/user/17/track/index.html]
[2007.drupalcamptoronto.org/user/100/track/index.html]
[2007.drupalcamptoronto.org/user/123/track/index.html]
[2007.drupalcamptoronto.org/user/43/track/index.html]
[2007.drupalcamptoronto.org/user/37/track/index.html]
[2007.drupalcamptoronto.org/user/139/track/index.html]
[2007.drupalcamptoronto.org/user/173/track/index.html]
[2007.drupalcamptoronto.org/user/166/track/index.html]
[2007.drupalcamptoronto.org/user/76/track/index.html]
[2007.drupalcamptoronto.org/user/142/track/index.html]
[2007.drupalcamptoronto.org/user/62/track/index.html]
[2007.drupalcamptoronto.org/user/79/track/index.html]
[2007.drupalcamptoronto.org/user/126/track/index.html]
[2007.drupalcamptoronto.org/user/148/track/index.html]
[2007.drupalcamptoronto.org/user/137/track/index.html]
[2007.drupalcamptoronto.org/user/86/track/index.html]
[2007.drupalcamptoronto.org/user/144/track/index.html]
[2007.drupalcamptoronto.org/user/15/track/index.html]
[2007.drupalcamptoronto.org/user/84/track/index.html]
[2007.drupalcamptoronto.org/user/145/track/index.html]
[2007.drupalcamptoronto.org/user/61/track/index.html]
[2007.drupalcamptoronto.org/user/16/track/index.html]
[2007.drupalcamptoronto.org/user/120/track/index.html]
[2007.drupalcamptoronto.org/user/20/track/index.html]
[2007.drupalcamptoronto.org/user/162/track/index.html]
[2007.drupalcamptoronto.org/user/41/track/index.html]
[2007.drupalcamptoronto.org/user/155/track/index.html]
[2007.drupalcamptoronto.org/user/50/track/index.html]
[2007.drupalcamptoronto.org/user/77/track/index.html]
[2007.drupalcamptoronto.org/user/130/track/index.html]
[2007.drupalcamptoronto.org/user/32/track/index.html]
[2007.drupalcamptoronto.org/user/101/track/index.html]
[2007.drupalcamptoronto.org/user/171/track/index.html]
[2007.drupalcamptoronto.org/user/72/track/index.html]
[2007.drupalcamptoronto.org/user/47/track/index.html]
[2007.drupalcamptoronto.org/user/44/track/index.html]
[2007.drupalcamptoronto.org/user/111/track/index.html]
[2007.drupalcamptoronto.org/user/127/track/index.html]
[2007.drupalcamptoronto.org/user/49/track/index.html]
[2007.drupalcamptoronto.org/user/21/track/index.html]
[2007.drupalcamptoronto.org/user/141/track/index.html]
[2007.drupalcamptoronto.org/user/80/track/index.html]
[2007.drupalcamptoronto.org/user/165/track/index.html]
[2007.drupalcamptoronto.org/user/147/track/index.html]
[2007.drupalcamptoronto.org/user/114/track/index.html]
[2007.drupalcamptoronto.org/user/31/track/index.html]
[2007.drupalcamptoronto.org/user/54/track/index.html]
[2007.drupalcamptoronto.org/user/24/track/index.html]
[2007.drupalcamptoronto.org/node/87/index.html]
[2007.drupalcamptoronto.org/node/60/index.html]
[2007.drupalcamptoronto.org/node/70/index.html]
[2007.drupalcamptoronto.org/node/14/index.html]
[2007.drupalcamptoronto.org/node/4/index.html]
[2007.drupalcamptoronto.org/attendees/index1-8.html]
[2007.drupalcamptoronto.org/node/9/index.html]
[2007.drupalcamptoronto.org/attendees/index2-8.html]
[2007.drupalcamptoronto.org/user/35/track/index.html]
[2007.drupalcamptoronto.org/user/39/track/index.html]
[2007.drupalcamptoronto.org/user/96/track/index.html]
[2007.drupalcamptoronto.org/user/110/track/index.html]
[2007.drupalcamptoronto.org/user/146/track/index.html]
[2007.drupalcamptoronto.org/user/175/track/index.html]
[2007.drupalcamptoronto.org/user/64/track/index.html]
[2007.drupalcamptoronto.org/user/103/track/index.html]
[2007.drupalcamptoronto.org/node/52/index.html]
[2007.drupalcamptoronto.org/attendees/index1-9.html]
[2007.drupalcamptoronto.org/attendees/index2-9.html]
[2007.drupalcamptoronto.org/user/177/track/index.html]
[2007.drupalcamptoronto.org/user/134/track/index.html]
[2007.drupalcamptoronto.org/user/159/track/index.html]
[2007.drupalcamptoronto.org/user/168/track/index.html]
[2007.drupalcamptoronto.org/user/30/track/index.html]
[2007.drupalcamptoronto.org/user/66/track/index.html]
[2007.drupalcamptoronto.org/user/105/track/index.html]
[2007.drupalcamptoronto.org/user/135/track/index.html]
[2007.drupalcamptoronto.org/user/28/track/index.html]
[2007.drupalcamptoronto.org/user/164/track/index.html]
[2007.drupalcamptoronto.org/user/69/track/index.html]
[2007.drupalcamptoronto.org/user/112/track/index.html]
[2007.drupalcamptoronto.org/user/136/track/index.html]
[2007.drupalcamptoronto.org/user/78/track/index.html]
[2007.drupalcamptoronto.org/user/34/track/index.html]
[2007.drupalcamptoronto.org/node/9/index.html]
[2007.drupalcamptoronto.org/node/4/index.html]
[2007.drupalcamptoronto.org/taxonomy/term/4/index1.html]
[2007.drupalcamptoronto.org/node/9/index.html]
[2007.drupalcamptoronto.org/node/4/index.html]
[2007.drupalcamptoronto.org/taxonomy/term/2/index1.html]
[2007.drupalcamptoronto.org/taxonomy/term/40/0/feed/index.html]
[2007.drupalcamptoronto.org/taxonomy/term/38/index.html]
[2007.drupalcamptoronto.org/taxonomy/term/40/index.html]
[2007.drupalcamptoronto.org/taxonomy/term/39/index.html]
[2007.drupalcamptoronto.org/taxonomy/term/55/index.html]
[2007.drupalcamptoronto.org/taxonomy/term/55/0/feed/index.html]
[2007.drupalcamptoronto.org/taxonomy/term/57/index.html]
[2007.drupalcamptoronto.org/taxonomy/term/57/0/feed/index.html]
[2007.drupalcamptoronto.org/taxonomy/term/58/index.html]
[2007.drupalcamptoronto.org/taxonomy/term/58/0/feed/index.html]
[2007.drupalcamptoronto.org/taxonomy/term/51/index.html]
[2007.drupalcamptoronto.org/taxonomy/term/51/0/feed/index.html]
[2007.drupalcamptoronto.org/taxonomy/term/50/index.html]
[2007.drupalcamptoronto.org/taxonomy/term/50/0/feed/index.html]
[2007.drupalcamptoronto.org/taxonomy/term/45/index.html]
[2007.drupalcamptoronto.org/taxonomy/term/45/0/feed/index.html]
[2007.drupalcamptoronto.org/taxonomy/term/20/0/feed/index.html]
[2007.drupalcamptoronto.org/taxonomy/term/69/index.html]
[2007.drupalcamptoronto.org/taxonomy/term/21/index.html]
[2007.drupalcamptoronto.org/taxonomy/term/22/index.html]
[2007.drupalcamptoronto.org/taxonomy/term/20/index.html]
[2007.drupalcamptoronto.org/taxonomy/term/19/index.html]
[2007.drupalcamptoronto.org/taxonomy/term/49/index.html]
[2007.drupalcamptoronto.org/taxonomy/term/49/0/feed/index.html]
[2007.drupalcamptoronto.org/taxonomy/term/43/index.html]
[2007.drupalcamptoronto.org/taxonomy/term/43/0/feed/index.html]
[2007.drupalcamptoronto.org/taxonomy/term/44/index.html]
[2007.drupalcamptoronto.org/taxonomy/term/44/0/feed/index.html]
[2007.drupalcamptoronto.org/taxonomy/term/47/index.html]
[2007.drupalcamptoronto.org/taxonomy/term/47/0/feed/index.html]
[2007.drupalcamptoronto.org/taxonomy/term/46/index.html]
[2007.drupalcamptoronto.org/taxonomy/term/46/0/feed/index.html]
[2007.drupalcamptoronto.org/taxonomy/term/41/index.html]
[2007.drupalcamptoronto.org/taxonomy/term/41/0/feed/index.html]
[2007.drupalcamptoronto.org/taxonomy/term/42/index.html]
[2007.drupalcamptoronto.org/taxonomy/term/42/0/feed/index.html]
[2007.drupalcamptoronto.org/node/4/index.html]
[2007.drupalcamptoronto.org/taxonomy/term/3/index1.html]
[2007.drupalcamptoronto.org/user/99/track/index.html]
[2007.drupalcamptoronto.org/taxonomy/term/148/index.html]
[2007.drupalcamptoronto.org/taxonomy/term/148/0/feed/index.html]
[2007.drupalcamptoronto.org/taxonomy/term/111/0/feed/index.html]
[2007.drupalcamptoronto.org/taxonomy/term/107/index.html]
[2007.drupalcamptoronto.org/taxonomy/term/109/index.html]
[2007.drupalcamptoronto.org/taxonomy/term/111/index.html]
[2007.drupalcamptoronto.org/taxonomy/term/110/index.html]
[2007.drupalcamptoronto.org/taxonomy/term/149/index.html]
[2007.drupalcamptoronto.org/user/235/track/index.html]
[2007.drupalcamptoronto.org/user/216/track/index.html]
[2007.drupalcamptoronto.org/user/210/track/index.html]
[2007.drupalcamptoronto.org/taxonomy/term/149/0/feed/index.html]
[2007.drupalcamptoronto.org/taxonomy/term/139/0/feed/index.html]
[2007.drupalcamptoronto.org/taxonomy/term/139/index.html]
[2007.drupalcamptoronto.org/taxonomy/term/138/index.html]
[2007.drupalcamptoronto.org/taxonomy/term/138/0/feed/index.html]
[2007.drupalcamptoronto.org/taxonomy/term/93/0/feed/index.html]
[2007.drupalcamptoronto.org/taxonomy/term/93/index.html]
[2007.drupalcamptoronto.org/taxonomy/term/130/index.html]
[2007.drupalcamptoronto.org/taxonomy/term/81/0/feed/index.html]
[2007.drupalcamptoronto.org/taxonomy/term/80/index.html]
[2007.drupalcamptoronto.org/taxonomy/term/81/index.html]
[2007.drupalcamptoronto.org/taxonomy/term/65/0/feed/index.html]
[2007.drupalcamptoronto.org/taxonomy/term/100/index.html]
[2007.drupalcamptoronto.org/taxonomy/term/95/index.html]
[2007.drupalcamptoronto.org/node/70/index.html]
[2007.drupalcamptoronto.org/taxonomy/term/65/index.html]
[2007.drupalcamptoronto.org/taxonomy/term/140/index.html]
[2007.drupalcamptoronto.org/taxonomy/term/140/0/feed/index.html]
[2007.drupalcamptoronto.org/taxonomy/term/7/0/feed/index.html]
[2007.drupalcamptoronto.org/node/9/index.html]
[2007.drupalcamptoronto.org/taxonomy/term/7/index.html]
[2007.drupalcamptoronto.org/taxonomy/term/9/0/feed/index.html]
[2007.drupalcamptoronto.org/node/9/index.html]
[2007.drupalcamptoronto.org/taxonomy/term/9/index.html]
[2007.drupalcamptoronto.org/taxonomy/term/8/0/feed/index.html]
[2007.drupalcamptoronto.org/node/9/index.html]
[2007.drupalcamptoronto.org/taxonomy/term/8/index.html]
[2007.drupalcamptoronto.org/user/register/index.html]
[2007.drupalcamptoronto.org/taxonomy/term/38/index.html]
[2007.drupalcamptoronto.org/taxonomy/term/38/0/feed/index.html]
[2007.drupalcamptoronto.org/taxonomy/term/39/index.html]
[2007.drupalcamptoronto.org/taxonomy/term/39/0/feed/index.html]
[2007.drupalcamptoronto.org/taxonomy/term/69/index.html]
[2007.drupalcamptoronto.org/taxonomy/term/69/0/feed/index.html]
[2007.drupalcamptoronto.org/taxonomy/term/21/index.html]
[2007.drupalcamptoronto.org/taxonomy/term/21/0/feed/index.html]
[2007.drupalcamptoronto.org/taxonomy/term/22/index.html]
[2007.drupalcamptoronto.org/taxonomy/term/22/0/feed/index.html]
[2007.drupalcamptoronto.org/taxonomy/term/19/index.html]
[2007.drupalcamptoronto.org/taxonomy/term/19/0/feed/index.html]
[2007.drupalcamptoronto.org/taxonomy/term/107/index.html]
[2007.drupalcamptoronto.org/taxonomy/term/107/0/feed/index.html]
[2007.drupalcamptoronto.org/taxonomy/term/109/index.html]
[2007.drupalcamptoronto.org/taxonomy/term/109/0/feed/index.html]
[2007.drupalcamptoronto.org/taxonomy/term/110/index.html]
[2007.drupalcamptoronto.org/taxonomy/term/110/0/feed/index.html]
[2007.drupalcamptoronto.org/taxonomy/term/130/index.html]
[2007.drupalcamptoronto.org/taxonomy/term/130/0/feed/index.html]
[2007.drupalcamptoronto.org/taxonomy/term/80/index.html]
[2007.drupalcamptoronto.org/taxonomy/term/80/0/feed/index.html]
[2007.drupalcamptoronto.org/taxonomy/term/100/index.html]
[2007.drupalcamptoronto.org/taxonomy/term/100/0/feed/index.html]
[2007.drupalcamptoronto.org/taxonomy/term/95/index.html]
[2007.drupalcamptoronto.org/taxonomy/term/95/0/feed/index.html]
