[2008.drupalcamptoronto.org/index/index.html]
[backblue.gif]
[fade.gif]
[index.html]
[2008.drupalcamptoronto.org/sites/2008.drupalcamptoronto.org/themes/zen/zen_dcto/print/index.css]
[2008.drupalcamptoronto.org/rss/index.xml]
[2008.drupalcamptoronto.org/sites/2008.drupalcamptoronto.org/themes/zen/zen_dcto/favicon/index.ico]
[2008.drupalcamptoronto.org/sites/2008.drupalcamptoronto.org/modules/fivestar/css/fivestar/index.css]
[2008.drupalcamptoronto.org/modules/node/node/index.css]
[2008.drupalcamptoronto.org/modules/system/defaults/index.css]
[2008.drupalcamptoronto.org/modules/system/system/index.css]
[2008.drupalcamptoronto.org/modules/user/user/index.css]
[2008.drupalcamptoronto.org/sites/2008.drupalcamptoronto.org/modules/cck/content/index.css]
[2008.drupalcamptoronto.org/sites/2008.drupalcamptoronto.org/modules/date/date/index.css]
[2008.drupalcamptoronto.org/sites/2008.drupalcamptoronto.org/themes/zen/zen_dcto/style/index.css]
[2008.drupalcamptoronto.org/sites/2008.drupalcamptoronto.org/themes/zen/tabs/index.css]
[2008.drupalcamptoronto.org/sites/2008.drupalcamptoronto.org/themes/zen/zen_dcto/html-elements/index.css]
[2008.drupalcamptoronto.org/sites/2008.drupalcamptoronto.org/themes/zen/zen_dcto/layout-garland/index.css]
[2008.drupalcamptoronto.org/sites/2008.drupalcamptoronto.org/themes/zen/zen_dcto/icons/index.css]
[2008.drupalcamptoronto.org/sites/2008.drupalcamptoronto.org/themes/zen/zen_dcto/zen-dcto/index.css]
[2008.drupalcamptoronto.org/sites/2008.drupalcamptoronto.org/themes/zen/block-editing/index.css]
[2008.drupalcamptoronto.org/misc/drupal/index.js]
[2008.drupalcamptoronto.org/misc/jquery/index.js]
[2008.drupalcamptoronto.org/sites/2008.drupalcamptoronto.org/modules/fivestar/js/fivestar/index.js]
[2008.drupalcamptoronto.org/sites/2008.drupalcamptoronto.org/files/zen_dcto_logo/index.png]
[2008.drupalcamptoronto.org/announcements/index.html]
[2008.drupalcamptoronto.org/attendees/index.html]
[2008.drupalcamptoronto.org/forum/index.html]
[2008.drupalcamptoronto.org/sessions/index.html]
[2008.drupalcamptoronto.org/sponsors/index.html]
[2008.drupalcamptoronto.org/contact/index.html]
[2008.drupalcamptoronto.org/sites/2008.drupalcamptoronto.org/files/openconcept_logo_tall_200x161/index.jpg]
[2008.drupalcamptoronto.org/content/fieldfirstname-formatted-fieldlastname-formatted/index.html]
[2008.drupalcamptoronto.org/users/dugto/index.html]
[2008.drupalcamptoronto.org/content/jeff-kramp/index.html]
[2008.drupalcamptoronto.org/users/jeffk/index.html]
[2008.drupalcamptoronto.org/content/hh-dd/index.html]
[2008.drupalcamptoronto.org/users/harsh/index.html]
[2008.drupalcamptoronto.org/content/kaustubh-gadekar/index.html]
[2008.drupalcamptoronto.org/users/kaustubh/index.html]
[2008.drupalcamptoronto.org/content/rajat-gupta/index.html]
[2008.drupalcamptoronto.org/users/rrmaniar28/index.html]
[2008.drupalcamptoronto.org/content/abdullah-bakhach/index.html]
[2008.drupalcamptoronto.org/users/abbood/index.html]
[2008.drupalcamptoronto.org/content/jayson-ng/index.html]
[2008.drupalcamptoronto.org/users/jayson/index.html]
[2008.drupalcamptoronto.org/content/edith-ying/index.html]
[2008.drupalcamptoronto.org/users/edith/index.html]
[2008.drupalcamptoronto.org/content/ben-vinegar/index.html]
[2008.drupalcamptoronto.org/users/benvinegar/index.html]
[2008.drupalcamptoronto.org/content/richard-budman/index.html]
[2008.drupalcamptoronto.org/users/richard-budman/index.html]
[2008.drupalcamptoronto.org/drupal-camp-toronto-2010-october-15-16/index.html]
[2008.drupalcamptoronto.org/content/welcome-drupalcamptoronto-2008/index.html]
[2008.drupalcamptoronto.org/sites/2008.drupalcamptoronto.org/files/drupalcamp2008/index.png]
[2008.drupalcamptoronto.org/node/add/registration/index.html]
[2008.drupalcamptoronto.org/node/add/session/index.html]
[2008.drupalcamptoronto.org/content/why-you-want-sponsor-drupal-camp/index.html]
[2008.drupalcamptoronto.org/announcements/2008/05/24/winner-active-state-prize-pack/index.html]
[2008.drupalcamptoronto.org/users/andremolnar/index.html]
[2008.drupalcamptoronto.org/sites/2008.drupalcamptoronto.org/files/pictures/picture-25/index.jpg]
[2008.drupalcamptoronto.org/announcements/2008/05/24/fis-looking-drupal-developers/index.html]
[2008.drupalcamptoronto.org/announcements/2008/05/20/schedule-and-program/index.html]
[2008.drupalcamptoronto.org/users/adixon/index.html]
[2008.drupalcamptoronto.org/sites/2008.drupalcamptoronto.org/files/pictures/picture-10/index.jpg]
[2008.drupalcamptoronto.org/announcements/2008/05/08/attend-drupal-camp-toronto-a-chance-win-active-state-prize-package/index.html]
[2008.drupalcamptoronto.org/announcements/2008/05/01/like-jquery-come-meet-john-resig/index.html]
[2008.drupalcamptoronto.org/users/walkah/index.html]
[2008.drupalcamptoronto.org/sites/2008.drupalcamptoronto.org/files/pictures/picture-2/index.png]
[2008.drupalcamptoronto.org/announcements/2008/04/25/registration-now-open/index.html]
[2008.drupalcamptoronto.org/user/register/index.html]
[2008.drupalcamptoronto.org/misc/feed/index.png]
[2008.drupalcamptoronto.org/content/jquery-slides/index.html]
[2008.drupalcamptoronto.org/content/commuting-montreal/index.html]
[2008.drupalcamptoronto.org/content/drupal-developers-wanted/index.html]
[2008.drupalcamptoronto.org/content/whottjoirty/index.html]
[2008.drupalcamptoronto.org/index/index.html]
[2008.drupalcamptoronto.org/sites/2008.drupalcamptoronto.org/themes/zen/zen_dcto/print/index.css]
[2008.drupalcamptoronto.org/content/whats-final-schedulesessions/index.html]
[2008.drupalcamptoronto.org/sites/2008.drupalcamptoronto.org/modules/fivestar/widgets/default/star/index.gif]
[2008.drupalcamptoronto.org/sites/2008.drupalcamptoronto.org/modules/fivestar/css/fivestar/index.css]
[2008.drupalcamptoronto.org/modules/node/node/index.css]
[2008.drupalcamptoronto.org/modules/system/defaults/index.css]
[2008.drupalcamptoronto.org/sites/2008.drupalcamptoronto.org/modules/fivestar/widgets/default/delete/index.gif]
[2008.drupalcamptoronto.org/misc/menu-expanded/index.png]
[2008.drupalcamptoronto.org/misc/menu-collapsed/index.png]
[2008.drupalcamptoronto.org/misc/menu-leaf/index.png]
[2008.drupalcamptoronto.org/misc/throbber/index.gif]
[2008.drupalcamptoronto.org/misc/grippie/index.png]
[2008.drupalcamptoronto.org/misc/progress/index.gif]
[2008.drupalcamptoronto.org/modules/system/system/index.css]
[2008.drupalcamptoronto.org/modules/user/user/index.css]
[2008.drupalcamptoronto.org/sites/2008.drupalcamptoronto.org/modules/cck/content/index.css]
[2008.drupalcamptoronto.org/sites/2008.drupalcamptoronto.org/modules/date/date/index.css]
[2008.drupalcamptoronto.org/sites/2008.drupalcamptoronto.org/themes/zen/zen_dcto/style/index.css]
[2008.drupalcamptoronto.org/sites/2008.drupalcamptoronto.org/themes/zen/images/tab-bar/index.png]
[2008.drupalcamptoronto.org/sites/2008.drupalcamptoronto.org/themes/zen/images/tab-left/index.png]
[2008.drupalcamptoronto.org/sites/2008.drupalcamptoronto.org/themes/zen/images/tab-right/index.png]
[2008.drupalcamptoronto.org/sites/2008.drupalcamptoronto.org/themes/zen/images/tab-secondary-bg/index.png]
[2008.drupalcamptoronto.org/sites/2008.drupalcamptoronto.org/themes/zen/tabs/index.css]
[2008.drupalcamptoronto.org/sites/2008.drupalcamptoronto.org/themes/zen/zen_dcto/html-elements/index.css]
[2008.drupalcamptoronto.org/sites/2008.drupalcamptoronto.org/themes/zen/zen_dcto/layout-garland/index.css]
[2008.drupalcamptoronto.org/sites/2008.drupalcamptoronto.org/themes/zen/images/tab-secondary/index.png]
[2008.drupalcamptoronto.org/sites/2008.drupalcamptoronto.org/themes/zen/zen_dcto/images/menu-leaf/index.png]
[2008.drupalcamptoronto.org/sites/2008.drupalcamptoronto.org/themes/zen/zen_dcto/images/menu-collapsed/index.png]
[2008.drupalcamptoronto.org/sites/2008.drupalcamptoronto.org/themes/zen/zen_dcto/images/menu-expanded/index.png]
[2008.drupalcamptoronto.org/sites/2008.drupalcamptoronto.org/themes/zen/zen_dcto/images/bullet/index.png]
[2008.drupalcamptoronto.org/sites/2008.drupalcamptoronto.org/themes/zen/zen_dcto/images/page/index.png]
[2008.drupalcamptoronto.org/sites/2008.drupalcamptoronto.org/themes/zen/zen_dcto/images/blog/index.png]
[2008.drupalcamptoronto.org/sites/2008.drupalcamptoronto.org/themes/zen/zen_dcto/images/user/index.png]
[2008.drupalcamptoronto.org/sites/2008.drupalcamptoronto.org/themes/zen/zen_dcto/images/dialog-information/index.png]
[2008.drupalcamptoronto.org/sites/2008.drupalcamptoronto.org/themes/zen/zen_dcto/images/dialog-warning/index.png]
[2008.drupalcamptoronto.org/sites/2008.drupalcamptoronto.org/themes/zen/zen_dcto/images/links/index.png]
[2008.drupalcamptoronto.org/sites/2008.drupalcamptoronto.org/themes/zen/zen_dcto/icons/index.css]
[2008.drupalcamptoronto.org/sites/2008.drupalcamptoronto.org/themes/zen/zen_dcto/images/cog/index.png]
[2008.drupalcamptoronto.org/sites/2008.drupalcamptoronto.org/themes/zen/zen_dcto/zen-dcto/index.css]
[2008.drupalcamptoronto.org/sites/2008.drupalcamptoronto.org/themes/zen/block-editing/index.css]
[2008.drupalcamptoronto.org/sites/2008.drupalcamptoronto.org/themes/zen/zen_dcto/images/background/index.png]
[2008.drupalcamptoronto.org/announcements/feed/index.html]
[2008.drupalcamptoronto.org/sites/2008.drupalcamptoronto.org/files/happy-worker-logo-web/index.png]
[2008.drupalcamptoronto.org/announcements/2008/05/14/registrants-update-your-profiles/index.html]
[2008.drupalcamptoronto.org/announcements/index.html]
[2008.drupalcamptoronto.org/user/index.html]
[2008.drupalcamptoronto.org/attendees/feed/index.html]
[2008.drupalcamptoronto.org/sites/2008.drupalcamptoronto.org/files/Freeform_Solutions_Logo_Drupalcamp/index.png]
[2008.drupalcamptoronto.org/attendees/index-2.html]
[2008.drupalcamptoronto.org/attendees/index-3.html]
[2008.drupalcamptoronto.org/attendees/index-4.html]
[2008.drupalcamptoronto.org/attendees/index-5.html]
[2008.drupalcamptoronto.org/attendees/index-6.html]
[2008.drupalcamptoronto.org/attendees/index-7.html]
[2008.drupalcamptoronto.org/misc/arrow-asc/index.png]
[2008.drupalcamptoronto.org/sites/2008.drupalcamptoronto.org/files/pictures/picture-176/index.jpg]
[2008.drupalcamptoronto.org/users/ramriot/index.html]
[2008.drupalcamptoronto.org/sites/2008.drupalcamptoronto.org/files/pictures/picture-175/index.jpg]
[2008.drupalcamptoronto.org/content/gary-marriott/index.html]
[2008.drupalcamptoronto.org/content/brandt-ziegler/index.html]
[2008.drupalcamptoronto.org/users/brandt/index.html]
[2008.drupalcamptoronto.org/content/stephen-scholtz/index.html]
[2008.drupalcamptoronto.org/users/djshagz/index.html]
[2008.drupalcamptoronto.org/content/geoff-holden/index.html]
[2008.drupalcamptoronto.org/users/brightloudnoise/index.html]
[2008.drupalcamptoronto.org/content/peter-st-onge/index.html]
[2008.drupalcamptoronto.org/users/pete/index.html]
[2008.drupalcamptoronto.org/content/alex-dvornyak/index.html]
[2008.drupalcamptoronto.org/users/alexd/index.html]
[2008.drupalcamptoronto.org/content/nick-gajewski/index.html]
[2008.drupalcamptoronto.org/users/mikolaj/index.html]
[2008.drupalcamptoronto.org/content/jeremy-jim-broad/index.html]
[2008.drupalcamptoronto.org/users/jimbroad/index.html]
[2008.drupalcamptoronto.org/content/jonathan-poots/index.html]
[2008.drupalcamptoronto.org/users/johnp/index.html]
[2008.drupalcamptoronto.org/content/marcus-bowden/index.html]
[2008.drupalcamptoronto.org/users/marcusb/index.html]
[2008.drupalcamptoronto.org/content/christopher-harte/index.html]
[2008.drupalcamptoronto.org/users/christopherj/index.html]
[2008.drupalcamptoronto.org/content/neil-bhakta/index.html]
[2008.drupalcamptoronto.org/users/neil477/index.html]
[2008.drupalcamptoronto.org/content/jonathan-litwack/index.html]
[2008.drupalcamptoronto.org/users/benfoldsfivebassistyahoocom/index.html]
[2008.drupalcamptoronto.org/users/andrewfn/index.html]
[2008.drupalcamptoronto.org/sites/2008.drupalcamptoronto.org/files/pictures/picture-54/index.jpg]
[2008.drupalcamptoronto.org/content/andrew-fountain/index.html]
[2008.drupalcamptoronto.org/content/richard-blain/index.html]
[2008.drupalcamptoronto.org/users/mrblain/index.html]
[2008.drupalcamptoronto.org/content/paul-chvostek/index.html]
[2008.drupalcamptoronto.org/users/ghoti/index.html]
[2008.drupalcamptoronto.org/content/michael-goldsmith/index.html]
[2008.drupalcamptoronto.org/users/ixlr8/index.html]
[2008.drupalcamptoronto.org/content/arthur-cormack/index.html]
[2008.drupalcamptoronto.org/users/arthurcormack/index.html]
[2008.drupalcamptoronto.org/content/jane-zhang/index.html]
[2008.drupalcamptoronto.org/users/jzhang99/index.html]
[2008.drupalcamptoronto.org/content/tasha-caswell/index.html]
[2008.drupalcamptoronto.org/users/tashacaswell/index.html]
[2008.drupalcamptoronto.org/content/matthew-corway/index.html]
[2008.drupalcamptoronto.org/users/matthewcorway/index.html]
[2008.drupalcamptoronto.org/content/william-ng/index.html]
[2008.drupalcamptoronto.org/users/williamng/index.html]
[2008.drupalcamptoronto.org/content/joshua-hamilton/index.html]
[2008.drupalcamptoronto.org/users/joshua/index.html]
[2008.drupalcamptoronto.org/content/joeddy-mathurin/index.html]
[2008.drupalcamptoronto.org/users/hypertex/index.html]
[2008.drupalcamptoronto.org/content/taras-mankovski/index.html]
[2008.drupalcamptoronto.org/users/taras/index.html]
[2008.drupalcamptoronto.org/content/eric-homanchuk/index.html]
[2008.drupalcamptoronto.org/users/dadaent/index.html]
[2008.drupalcamptoronto.org/content/sameer-valimohamed/index.html]
[2008.drupalcamptoronto.org/users/sameer/index.html]
[2008.drupalcamptoronto.org/content/pearl-chen/index.html]
[2008.drupalcamptoronto.org/users/pearl/index.html]
[2008.drupalcamptoronto.org/users/robbiejackson/index.html]
[2008.drupalcamptoronto.org/sites/2008.drupalcamptoronto.org/files/pictures/picture-148/index.gif]
[2008.drupalcamptoronto.org/content/robbie-jackson/index.html]
[2008.drupalcamptoronto.org/content/lee-hunter/index.html]
[2008.drupalcamptoronto.org/users/leehunter/index.html]
[2008.drupalcamptoronto.org/content/r-vege.af/index.delayed]
[2008.drupalcamptoronto.org/users/vege/index.html]
[2008.drupalcamptoronto.org/content/bernie-monette/index.html]
[2008.drupalcamptoronto.org/users/bernie2112/index.html]
[2008.drupalcamptoronto.org/content/amed-rend/index.html]
[2008.drupalcamptoronto.org/users/amed/index.html]
[2008.drupalcamptoronto.org/content/liza-kindred/index.html]
[2008.drupalcamptoronto.org/users/lizak/index.html]
[2008.drupalcamptoronto.org/content/michael-pereira/index.html]
[2008.drupalcamptoronto.org/users/mpereira/index.html]
[2008.drupalcamptoronto.org/content/charlotte-grant/index.html]
[2008.drupalcamptoronto.org/users/charlotte/index.html]
[2008.drupalcamptoronto.org/content/bryan-poetz/index.html]
[2008.drupalcamptoronto.org/users/tobypanzer/index.html]
[2008.drupalcamptoronto.org/content/michael-krakowiak/index.html]
[2008.drupalcamptoronto.org/users/mkrakowiak/index.html]
[2008.drupalcamptoronto.org/content/philip-kiff/index.html]
[2008.drupalcamptoronto.org/users/pkiff/index.html]
[2008.drupalcamptoronto.org/content/jonathan-lane/index.html]
[2008.drupalcamptoronto.org/users/jmlane/index.html]
[2008.drupalcamptoronto.org/attendees/index1.html]
[2008.drupalcamptoronto.org/attendees/index2.html]
[2008.drupalcamptoronto.org/attendees/index.html]
[2008.drupalcamptoronto.org/attendees/index3.html]
[2008.drupalcamptoronto.org/modules/forum/forum/index.css]
[2008.drupalcamptoronto.org/sites/2008.drupalcamptoronto.org/files/ticklespace-logo-160/index.jpg]
[2008.drupalcamptoronto.org/user/login/index.html]
[2008.drupalcamptoronto.org/forum/index.html]
[2008.drupalcamptoronto.org/forum/1/index.html]
[2008.drupalcamptoronto.org/sessions/feed/index.html]
[2008.drupalcamptoronto.org/sites/2008.drupalcamptoronto.org/files/trellon_logo/index.png]
[2008.drupalcamptoronto.org/user/10/contact/index.html]
[2008.drupalcamptoronto.org/sessions/index-2.html]
[2008.drupalcamptoronto.org/sessions/index-3.html]
[2008.drupalcamptoronto.org/sessions/index-4.html]
[2008.drupalcamptoronto.org/sessions/index-5.html]
[2008.drupalcamptoronto.org/sessions/index-6.html]
[2008.drupalcamptoronto.org/sessions/index-7.html]
[2008.drupalcamptoronto.org/sessions/index-8.html]
[2008.drupalcamptoronto.org/content/theming-fundamentals/index.html]
[2008.drupalcamptoronto.org/users/surgemartin/index.html]
[2008.drupalcamptoronto.org/content/drupal-a-diet-keeping-your-site-lean-and-light/index.html]
[2008.drupalcamptoronto.org/users/newmanhunter/index.html]
[2008.drupalcamptoronto.org/content/build-your-own-social-network-with-drupal/index.html]
[2008.drupalcamptoronto.org/users/amanuel/index.html]
[2008.drupalcamptoronto.org/content/building-a-medium-size-website-with-drupal-3-case-studies/index.html]
[2008.drupalcamptoronto.org/content/what’s-right-image-solution-my-site/index.html]
[2008.drupalcamptoronto.org/users/jsfwd/index.html]
[2008.drupalcamptoronto.org/content/moving-how-port-your-content-drupal/index.html]
[2008.drupalcamptoronto.org/users/emmajane/index.html]
[2008.drupalcamptoronto.org/content/managing-your-drupal-project-with-svn-trac/index.html]
[2008.drupalcamptoronto.org/users/colan/index.html]
[2008.drupalcamptoronto.org/content/drupal-flash-and-web-services/index.html]
[2008.drupalcamptoronto.org/users/neal-pollock/index.html]
[2008.drupalcamptoronto.org/content/drupal-fun-and-profit-how-make-a-career-open-source/index.html]
[2008.drupalcamptoronto.org/users/kbahey/index.html]
[2008.drupalcamptoronto.org/content/multilingual-sites/index.html]
[2008.drupalcamptoronto.org/users/drozzy/index.html]
[2008.drupalcamptoronto.org/content/non-profit-drupalling-a-view-inside/index.html]
[2008.drupalcamptoronto.org/content/workshop-thinking-outside-code/index.html]
[2008.drupalcamptoronto.org/content/from-2500-ten-a-beginners-guide-module-selection/index.html]
[2008.drupalcamptoronto.org/users/richard-weait/index.html]
[2008.drupalcamptoronto.org/content/drupal-usability-looking-drupal-ui-a-subject-oriented-perspective/index.html]
[2008.drupalcamptoronto.org/users/useradvocate/index.html]
[2008.drupalcamptoronto.org/content/bof-drupal-scalability-and-performance-large-web-sites/index.html]
[2008.drupalcamptoronto.org/content/wrestling-octopus-using-pageroute-and-nodereference-manage-complex-node-relationships/index.html]
[2008.drupalcamptoronto.org/content/case-study-mozilla-extension-hosting-with-drupal-activestate/index.html]
[2008.drupalcamptoronto.org/users/jeffg/index.html]
[2008.drupalcamptoronto.org/content/moderating-content-drupal/index.html]
[2008.drupalcamptoronto.org/users/btmash/index.html]
[2008.drupalcamptoronto.org/content/crafty-drupal/index.html]
[2008.drupalcamptoronto.org/content/bof-search-modules-drupal/index.html]
[2008.drupalcamptoronto.org/content/online-advocacy-whats-it-whats-out-there-whats-working-what-needs-work-saturday-may-24th/index.html]
[2008.drupalcamptoronto.org/users/erics/index.html]
[2008.drupalcamptoronto.org/content/automated-testing-with-simpletest/index.html]
[2008.drupalcamptoronto.org/users/incidentist/index.html]
[2008.drupalcamptoronto.org/content/using-actions-and-triggers-drupal-6/index.html]
[2008.drupalcamptoronto.org/users/dtarc/index.html]
[2008.drupalcamptoronto.org/content/building-database-applications-drupal-cms/index.html]
[2008.drupalcamptoronto.org/users/jegelstaff/index.html]
[2008.drupalcamptoronto.org/content/drupy-drupal-implemented-python/index.html]
[2008.drupalcamptoronto.org/sessions/index.html]
[2008.drupalcamptoronto.org/users/cilkay/index.html]
[2008.drupalcamptoronto.org/sites/2008.drupalcamptoronto.org/modules/views_bonus/views_bonus/index.css]
[2008.drupalcamptoronto.org/sites/2008.drupalcamptoronto.org/files/TUAGlogo/index.png]
[2008.drupalcamptoronto.org/sites/2008.drupalcamptoronto.org/files/2bits_logo/index.png]
[2008.drupalcamptoronto.org/sites/2008.drupalcamptoronto.org/files/becirclelogo/index.gif]
[2008.drupalcamptoronto.org/sites/2008.drupalcamptoronto.org/files/f5sitedesign-150w/index.png]
[2008.drupalcamptoronto.org/sites/2008.drupalcamptoronto.org/files/freshbooks-logo-1/index.png]
[2008.drupalcamptoronto.org/sites/2008.drupalcamptoronto.org/files/google/index.png]
[2008.drupalcamptoronto.org/sites/2008.drupalcamptoronto.org/files/JMA_LOGO_new/index.png]
[2008.drupalcamptoronto.org/sites/2008.drupalcamptoronto.org/files/lullabot/index.png]
[2008.drupalcamptoronto.org/sites/2008.drupalcamptoronto.org/files/olf-150/index.png]
[2008.drupalcamptoronto.org/sites/2008.drupalcamptoronto.org/files/ActiveStateLogo/index.gif]
[2008.drupalcamptoronto.org/sites/2008.drupalcamptoronto.org/files/civicactions2/index.png]
[2008.drupalcamptoronto.org/sites/2008.drupalcamptoronto.org/files/csi_logo/index.png]
[2008.drupalcamptoronto.org/sites/2008.drupalcamptoronto.org/files/fis-logo-06/index.jpg]
[2008.drupalcamptoronto.org/sponsors/index.html]
[2008.drupalcamptoronto.org/sites/2008.drupalcamptoronto.org/files/substance_logo_sm/index.gif]
[2008.drupalcamptoronto.org/misc/textarea/index.js]
[2008.drupalcamptoronto.org/contact/index.html]
[2008.drupalcamptoronto.org/users/dugto/index.html]
[2008.drupalcamptoronto.org/users/jeffk/index.html]
[2008.drupalcamptoronto.org/users/harsh/index.html]
[2008.drupalcamptoronto.org/users/kaustubh/index.html]
[2008.drupalcamptoronto.org/users/rrmaniar28/index.html]
[2008.drupalcamptoronto.org/users/abbood/index.html]
[2008.drupalcamptoronto.org/users/jayson/index.html]
[2008.drupalcamptoronto.org/users/edith/index.html]
[2008.drupalcamptoronto.org/users/benvinegar/index.html]
[2008.drupalcamptoronto.org/users/richard-budman/index.html]
[2008.drupalcamptoronto.org/modules/comment/comment/index.css]
[2008.drupalcamptoronto.org/drupal-camp-toronto-2010-october-15-16/index.html]
[2008.drupalcamptoronto.org/content/welcome-drupalcamptoronto-2008/index.html]
[2008.drupalcamptoronto.org/node/add/registration/index.html]
[2008.drupalcamptoronto.org/node/add/session/index.html]
[2008.drupalcamptoronto.org/content/why-you-want-sponsor-drupal-camp/index.html]
[2008.drupalcamptoronto.org/announcements/2008/05/24/winner-active-state-prize-pack/index.html]
[2008.drupalcamptoronto.org/users/andremolnar/index.html]
[2008.drupalcamptoronto.org/announcements/2008/05/24/fis-looking-drupal-developers/index.html]
[2008.drupalcamptoronto.org/announcements/2008/05/20/schedule-and-program/index.html]
[2008.drupalcamptoronto.org/users/adixon/index.html]
[2008.drupalcamptoronto.org/announcements/2008/05/08/attend-drupal-camp-toronto-a-chance-win-active-state-prize-package/index.html]
[2008.drupalcamptoronto.org/announcements/2008/05/01/like-jquery-come-meet-john-resig/index.html]
[2008.drupalcamptoronto.org/users/walkah/index.html]
[2008.drupalcamptoronto.org/users/gabriel/index.html]
[2008.drupalcamptoronto.org/content/alan-dixon/index.html]
[2008.drupalcamptoronto.org/announcements/2008/04/25/registration-now-open/index.html]
[2008.drupalcamptoronto.org/user/register/index.html]
[2008.drupalcamptoronto.org/content/jquery-slides/index.html]
[2008.drupalcamptoronto.org/content/commuting-montreal/index.html]
[2008.drupalcamptoronto.org/users/caroline/index.html]
[2008.drupalcamptoronto.org/content/drupal-developers-wanted/index.html]
[2008.drupalcamptoronto.org/content/whottjoirty/index.html]
[2008.drupalcamptoronto.org/users/maclean/index.html]
[2008.drupalcamptoronto.org/content/whats-final-schedulesessions/index.html]
[2008.drupalcamptoronto.org/announcements/2008/05/14/registrants-update-your-profiles/index.html]
[2008.drupalcamptoronto.org/content/drupal-6-social-networking/index.html]
[2008.drupalcamptoronto.org/sites/all/modules/openid/openid/index.css]
[2008.drupalcamptoronto.org/sites/all/modules/openid/openid/index.js]
[2008.drupalcamptoronto.org/user/password/index.html]
[2008.drupalcamptoronto.org/%23/index.html]
[2008.drupalcamptoronto.org/user/index.html]
[2008.drupalcamptoronto.org/attendees/index-8.html]
[2008.drupalcamptoronto.org/misc/arrow-desc/index.png]
[2008.drupalcamptoronto.org/content/aidan-foster/index.html]
[2008.drupalcamptoronto.org/users/fosterinteractive/index.html]
[2008.drupalcamptoronto.org/content/alan-dixon/index.html]
[2008.drupalcamptoronto.org/content/alex-de-winne/index.html]
[2008.drupalcamptoronto.org/users/adewinne/index.html]
[2008.drupalcamptoronto.org/content/amanuel-tewolde/index.html]
[2008.drupalcamptoronto.org/node/40/index.html]
[2008.drupalcamptoronto.org/users/andrewmallis/index.html]
[2008.drupalcamptoronto.org/sites/2008.drupalcamptoronto.org/files/pictures/picture-8/index.jpg]
[2008.drupalcamptoronto.org/content/andrew-mallis/index.html]
[2008.drupalcamptoronto.org/content/andrew-berry/index.html]
[2008.drupalcamptoronto.org/users/deviantintegral/index.html]
[2008.drupalcamptoronto.org/content/andrew-fountain/index.html]
[2008.drupalcamptoronto.org/sites/2008.drupalcamptoronto.org/files/pictures/picture-59/index.jpg]
[2008.drupalcamptoronto.org/content/andriy-drozdyuk/index.html]
[2008.drupalcamptoronto.org/content/andy-austin/index.html]
[2008.drupalcamptoronto.org/users/aaustin/index.html]
[2008.drupalcamptoronto.org/content/arlee-williamson/index.html]
[2008.drupalcamptoronto.org/users/eelra/index.html]
[2008.drupalcamptoronto.org/content/arvin-singla/index.html]
[2008.drupalcamptoronto.org/users/tkamen/index.html]
[2008.drupalcamptoronto.org/sites/2008.drupalcamptoronto.org/files/pictures/picture-4/index.png]
[2008.drupalcamptoronto.org/content/ashok-modi/index.html]
[2008.drupalcamptoronto.org/content/bill-gillard/index.html]
[2008.drupalcamptoronto.org/users/bgillard/index.html]
[2008.drupalcamptoronto.org/users/briandelicata/index.html]
[2008.drupalcamptoronto.org/sites/2008.drupalcamptoronto.org/files/pictures/picture-50/index.jpg]
[2008.drupalcamptoronto.org/content/brian-delicata/index.html]
[2008.drupalcamptoronto.org/content/brian-sharpe/index.html]
[2008.drupalcamptoronto.org/users/ridefree/index.html]
[2008.drupalcamptoronto.org/content/carole-st-laurent/index.html]
[2008.drupalcamptoronto.org/users/carole/index.html]
[2008.drupalcamptoronto.org/users/motionblur/index.html]
[2008.drupalcamptoronto.org/sites/2008.drupalcamptoronto.org/files/pictures/picture-56/index.jpg]
[2008.drupalcamptoronto.org/content/chris-luckhardt/index.html]
[2008.drupalcamptoronto.org/users/chrismccreery/index.html]
[2008.drupalcamptoronto.org/sites/2008.drupalcamptoronto.org/files/pictures/picture-126/index.jpg]
[2008.drupalcamptoronto.org/content/chris-mccreery/index.html]
[2008.drupalcamptoronto.org/content/clifford-ilkay/index.html]
[2008.drupalcamptoronto.org/sites/2008.drupalcamptoronto.org/files/pictures/picture-88/index.jpg]
[2008.drupalcamptoronto.org/content/colan-schwartz/index.html]
[2008.drupalcamptoronto.org/content/colin-davidson/index.html]
[2008.drupalcamptoronto.org/users/colindavidson/index.html]
[2008.drupalcamptoronto.org/content/craig-garrett/index.html]
[2008.drupalcamptoronto.org/users/clgarret/index.html]
[2008.drupalcamptoronto.org/content/crispin-bailey/index.html]
[2008.drupalcamptoronto.org/users/crispin/index.html]
[2008.drupalcamptoronto.org/content/dan-kurtz/index.html]
[2008.drupalcamptoronto.org/content/dan-howard/index.html]
[2008.drupalcamptoronto.org/users/dan-howard/index.html]
[2008.drupalcamptoronto.org/content/daniel-armstrong/index.html]
[2008.drupalcamptoronto.org/users/daniel/index.html]
[2008.drupalcamptoronto.org/content/daniel-zivkovic/index.html]
[2008.drupalcamptoronto.org/users/dzivkovi/index.html]
[2008.drupalcamptoronto.org/content/daniel-liadsky/index.html]
[2008.drupalcamptoronto.org/users/leinado/index.html]
[2008.drupalcamptoronto.org/users/goldentoque/index.html]
[2008.drupalcamptoronto.org/sites/2008.drupalcamptoronto.org/files/pictures/picture-20/index.jpg]
[2008.drupalcamptoronto.org/content/darren-mak/index.html]
[2008.drupalcamptoronto.org/content/darren-bruster/index.html]
[2008.drupalcamptoronto.org/users/tcs/index.html]
[2008.drupalcamptoronto.org/sites/2008.drupalcamptoronto.org/files/pictures/picture-68/index.jpg]
[2008.drupalcamptoronto.org/content/dave-tarc/index.html]
[2008.drupalcamptoronto.org/content/dave-kisly/index.html]
[2008.drupalcamptoronto.org/users/davek/index.html]
[2008.drupalcamptoronto.org/content/derek-arnold/index.html]
[2008.drupalcamptoronto.org/users/darnold/index.html]
[2008.drupalcamptoronto.org/users/derek/index.html]
[2008.drupalcamptoronto.org/sites/2008.drupalcamptoronto.org/files/pictures/picture-80/index.jpg]
[2008.drupalcamptoronto.org/content/derek-laventure/index.html]
[2008.drupalcamptoronto.org/sites/2008.drupalcamptoronto.org/files/pictures/picture-3/index.jpg]
[2008.drupalcamptoronto.org/content/emmajane-hogbin/index.html]
[2008.drupalcamptoronto.org/sites/2008.drupalcamptoronto.org/files/pictures/picture-95/index.jpg]
[2008.drupalcamptoronto.org/content/eric-squair/index.html]
[2008.drupalcamptoronto.org/attendees/index1-2.html]
[2008.drupalcamptoronto.org/attendees/index2-2.html]
[2008.drupalcamptoronto.org/attendees/index-2.html]
[2008.drupalcamptoronto.org/attendees/index3-2.html]
[2008.drupalcamptoronto.org/attendees/index-9.html]
[2008.drupalcamptoronto.org/users/kevenages/index.html]
[2008.drupalcamptoronto.org/sites/2008.drupalcamptoronto.org/files/pictures/picture-86/index.jpg]
[2008.drupalcamptoronto.org/content/keven-ages/index.html]
[2008.drupalcamptoronto.org/content/kendall-anderson/index.html]
[2008.drupalcamptoronto.org/users/kendall/index.html]
[2008.drupalcamptoronto.org/sites/2008.drupalcamptoronto.org/files/pictures/picture-16/index.jpg]
[2008.drupalcamptoronto.org/content/martin-anderson-clutz/index.html]
[2008.drupalcamptoronto.org/sites/2008.drupalcamptoronto.org/files/pictures/picture-9/index.jpg]
[2008.drupalcamptoronto.org/content/khalid-baheyeldin/index.html]
[2008.drupalcamptoronto.org/content/wafaa-bass/index.html]
[2008.drupalcamptoronto.org/users/wafaa/index.html]
[2008.drupalcamptoronto.org/sites/2008.drupalcamptoronto.org/files/pictures/picture-51/index.jpg]
[2008.drupalcamptoronto.org/content/michael-baynger/index.html]
[2008.drupalcamptoronto.org/users/duckman/index.html]
[2008.drupalcamptoronto.org/sites/2008.drupalcamptoronto.org/files/pictures/picture-17/index.jpg]
[2008.drupalcamptoronto.org/content/matt-brett/index.html]
[2008.drupalcamptoronto.org/content/tristen-brown/index.html]
[2008.drupalcamptoronto.org/users/tristen/index.html]
[2008.drupalcamptoronto.org/users/mburpee/index.html]
[2008.drupalcamptoronto.org/sites/2008.drupalcamptoronto.org/files/pictures/picture-94/index.jpg]
[2008.drupalcamptoronto.org/content/matthew-burpee/index.html]
[2008.drupalcamptoronto.org/content/lisa-caines-ogini/index.html]
[2008.drupalcamptoronto.org/users/lcaines/index.html]
[2008.drupalcamptoronto.org/content/sandra-cameron/index.html]
[2008.drupalcamptoronto.org/users/sandy/index.html]
[2008.drupalcamptoronto.org/content/jamon-camisso/index.html]
[2008.drupalcamptoronto.org/users/jamon-camisso/index.html]
[2008.drupalcamptoronto.org/content/joyce-chan/index.html]
[2008.drupalcamptoronto.org/users/joyceschan/index.html]
[2008.drupalcamptoronto.org/content/floyd-chan/index.html]
[2008.drupalcamptoronto.org/users/floyd-chan/index.html]
[2008.drupalcamptoronto.org/content/reg-charney/index.html]
[2008.drupalcamptoronto.org/users/rcharney/index.html]
[2008.drupalcamptoronto.org/users/chensihai/index.html]
[2008.drupalcamptoronto.org/sites/2008.drupalcamptoronto.org/files/pictures/picture-13/index.jpg]
[2008.drupalcamptoronto.org/content/simon-chen/index.html]
[2008.drupalcamptoronto.org/content/kamran-chowdhury/index.html]
[2008.drupalcamptoronto.org/users/balanceisone/index.html]
[2008.drupalcamptoronto.org/users/schun/index.html]
[2008.drupalcamptoronto.org/sites/2008.drupalcamptoronto.org/files/pictures/picture-49/index.jpg]
[2008.drupalcamptoronto.org/content/sarah-chun/index.html]
[2008.drupalcamptoronto.org/content/flood-del-col/index.html]
[2008.drupalcamptoronto.org/users/flood/index.html]
[2008.drupalcamptoronto.org/content/brian-delicata/index.html]
[2008.drupalcamptoronto.org/content/alan-dixon/index.html]
[2008.drupalcamptoronto.org/content/andriy-drozdyuk/index.html]
[2008.drupalcamptoronto.org/content/mat-dwyer/index.html]
[2008.drupalcamptoronto.org/users/mat-dwyer/index.html]
[2008.drupalcamptoronto.org/content/julian-egelstaff/index.html]
[2008.drupalcamptoronto.org/content/mark-ercil/index.html]
[2008.drupalcamptoronto.org/users/markercil/index.html]
[2008.drupalcamptoronto.org/content/andrew-fountain/index.html]
[2008.drupalcamptoronto.org/attendees/index1-3.html]
[2008.drupalcamptoronto.org/attendees/index2-3.html]
[2008.drupalcamptoronto.org/attendees/index-3.html]
[2008.drupalcamptoronto.org/attendees/index3-3.html]
[2008.drupalcamptoronto.org/attendees/index-10.html]
[2008.drupalcamptoronto.org/content/andrew-mallis/index.html]
[2008.drupalcamptoronto.org/content/alan-dixon/index.html]
[2008.drupalcamptoronto.org/content/simon-chen/index.html]
[2008.drupalcamptoronto.org/content/jennifer-smith/index.html]
[2008.drupalcamptoronto.org/users/jsmith/index.html]
[2008.drupalcamptoronto.org/users/jessehirsh/index.html]
[2008.drupalcamptoronto.org/sites/2008.drupalcamptoronto.org/files/pictures/picture-19/index.jpg]
[2008.drupalcamptoronto.org/content/jesse-hirsh/index.html]
[2008.drupalcamptoronto.org/users/bboyjay/index.html]
[2008.drupalcamptoronto.org/sites/2008.drupalcamptoronto.org/files/pictures/picture-22/index.jpg]
[2008.drupalcamptoronto.org/content/jason-swaby/index.html]
[2008.drupalcamptoronto.org/content/paul-newby/index.html]
[2008.drupalcamptoronto.org/users/pnewby/index.html]
[2008.drupalcamptoronto.org/content/raven-sun/index.html]
[2008.drupalcamptoronto.org/users/raven/index.html]
[2008.drupalcamptoronto.org/content/joseph-mclarty/index.html]
[2008.drupalcamptoronto.org/users/jdee/index.html]
[2008.drupalcamptoronto.org/content/gabriel-mansour/index.html]
[2008.drupalcamptoronto.org/content/mark-gyurcsik/index.html]
[2008.drupalcamptoronto.org/users/mark/index.html]
[2008.drupalcamptoronto.org/sites/2008.drupalcamptoronto.org/files/pictures/picture-53/index.gif]
[2008.drupalcamptoronto.org/content/jocelyn-stretton/index.html]
[2008.drupalcamptoronto.org/content/andriy-drozdyuk/index.html]
[2008.drupalcamptoronto.org/content/tyler-steingard/index.html]
[2008.drupalcamptoronto.org/users/steingard/index.html]
[2008.drupalcamptoronto.org/users/robmilne/index.html]
[2008.drupalcamptoronto.org/sites/2008.drupalcamptoronto.org/files/pictures/picture-71/index.jpg]
[2008.drupalcamptoronto.org/content/rob-milne/index.html]
[2008.drupalcamptoronto.org/content/mike-stringer/index.html]
[2008.drupalcamptoronto.org/users/mikeg406/index.html]
[2008.drupalcamptoronto.org/content/matthew-burpee.1bf/index.delayed]
[2008.drupalcamptoronto.org/content/chris-mccreery/index.html]
[2008.drupalcamptoronto.org/content/vaneja-vignjevic/index.html]
[2008.drupalcamptoronto.org/users/vaneja/index.html]
[2008.drupalcamptoronto.org/content/khalid-baheyeldin/index.html]
[2008.drupalcamptoronto.org/attendees/index1-4.html]
[2008.drupalcamptoronto.org/attendees/index2-4.html]
[2008.drupalcamptoronto.org/attendees/index-4.html]
[2008.drupalcamptoronto.org/attendees/index3-4.html]
[2008.drupalcamptoronto.org/attendees/index-11.html]
[2008.drupalcamptoronto.org/users/speedygot7/index.html]
[2008.drupalcamptoronto.org/sites/2008.drupalcamptoronto.org/files/pictures/picture-33/index.jpg]
[2008.drupalcamptoronto.org/content/silvia-gonzalez/index.html]
[2008.drupalcamptoronto.org/sites/2008.drupalcamptoronto.org/files/pictures/picture-47/index.png]
[2008.drupalcamptoronto.org/content/richard-weait/index.html]
[2008.drupalcamptoronto.org/users/trish-t/index.html]
[2008.drupalcamptoronto.org/sites/2008.drupalcamptoronto.org/files/pictures/picture-60/index.jpg]
[2008.drupalcamptoronto.org/content/trish-turliuk/index.html]
[2008.drupalcamptoronto.org/users/happyworker/index.html]
[2008.drupalcamptoronto.org/sites/2008.drupalcamptoronto.org/files/pictures/picture-91/index.jpg]
[2008.drupalcamptoronto.org/content/shirley-yee/index.html]
[2008.drupalcamptoronto.org/content/neal-pollock/index.html]
[2008.drupalcamptoronto.org/content/mark-plewis/index.html]
[2008.drupalcamptoronto.org/users/mplewis/index.html]
[2008.drupalcamptoronto.org/content/john-resig/index.html]
[2008.drupalcamptoronto.org/users/johnresig/index.html]
[2008.drupalcamptoronto.org/content/jason-swaby/index.html]
[2008.drupalcamptoronto.org/content/matt-brett/index.html]
[2008.drupalcamptoronto.org/content/chris-luckhardt/index.html]
[2008.drupalcamptoronto.org/content/jesse-hirsh/index.html]
[2008.drupalcamptoronto.org/content/john-kerr/index.html]
[2008.drupalcamptoronto.org/users/john-kerr/index.html]
[2008.drupalcamptoronto.org/content/kevin-simpson/index.html]
[2008.drupalcamptoronto.org/users/kevin/index.html]
[2008.drupalcamptoronto.org/content/mary-visser-kerr/index.html]
[2008.drupalcamptoronto.org/users/marymvmedia/index.html]
[2008.drupalcamptoronto.org/content/nasser-saleh/index.html]
[2008.drupalcamptoronto.org/users/nassersaleh/index.html]
[2008.drupalcamptoronto.org/content/chris-mccreery/index.html]
[2008.drupalcamptoronto.org/content/martin-anderson-clutz/index.html]
[2008.drupalcamptoronto.org/sites/2008.drupalcamptoronto.org/files/pictures/picture-6/index.jpg]
[2008.drupalcamptoronto.org/content/newman-hunter/index.html]
[2008.drupalcamptoronto.org/content/trevor-twining/index.html]
[2008.drupalcamptoronto.org/users/trevortwining/index.html]
[2008.drupalcamptoronto.org/content/rayan-yousif/index.html]
[2008.drupalcamptoronto.org/users/rayan05/index.html]
[2008.drupalcamptoronto.org/content/robbie-jackson/index.html]
[2008.drupalcamptoronto.org/users/mgifford/index.html]
[2008.drupalcamptoronto.org/sites/2008.drupalcamptoronto.org/files/pictures/picture-75/index.jpg]
[2008.drupalcamptoronto.org/content/mike-gifford/index.html]
[2008.drupalcamptoronto.org/attendees/index1-5.html]
[2008.drupalcamptoronto.org/attendees/index2-5.html]
[2008.drupalcamptoronto.org/attendees/index-5.html]
[2008.drupalcamptoronto.org/attendees/index3-5.html]
[2008.drupalcamptoronto.org/attendees/index-12.html]
[2008.drupalcamptoronto.org/content/andrew-mallis/index.html]
[2008.drupalcamptoronto.org/content/newman-hunter/index.html]
[2008.drupalcamptoronto.org/content/julia-lipman/index.html]
[2008.drupalcamptoronto.org/users/jlipman/index.html]
[2008.drupalcamptoronto.org/content/jesse-hirsh/index.html]
[2008.drupalcamptoronto.org/users/designguru/index.html]
[2008.drupalcamptoronto.org/sites/2008.drupalcamptoronto.org/files/pictures/picture-21/index.jpg]
[2008.drupalcamptoronto.org/content/qasim-virjee/index.html]
[2008.drupalcamptoronto.org/node/40/index.html]
[2008.drupalcamptoronto.org/content/ty-pham/index.html]
[2008.drupalcamptoronto.org/users/deepak/index.html]
[2008.drupalcamptoronto.org/content/joey-lockie/index.html]
[2008.drupalcamptoronto.org/users/joeylockie/index.html]
[2008.drupalcamptoronto.org/content/jocelyn-stretton/index.html]
[2008.drupalcamptoronto.org/users/joe-murray/index.html]
[2008.drupalcamptoronto.org/sites/2008.drupalcamptoronto.org/files/pictures/picture-63/index.jpg]
[2008.drupalcamptoronto.org/content/joe-murray/index.html]
[2008.drupalcamptoronto.org/content/rob-milne/index.html]
[2008.drupalcamptoronto.org/content/mike-gifford/index.html]
[2008.drupalcamptoronto.org/content/amanuel-tewolde/index.html]
[2008.drupalcamptoronto.org/content/isaac-tewolde/index.html]
[2008.drupalcamptoronto.org/users/din/index.html]
[2008.drupalcamptoronto.org/content/keven-ages/index.html]
[2008.drupalcamptoronto.org/content/eric-squair/index.html]
[2008.drupalcamptoronto.org/content/michael-baynger/index.html]
[2008.drupalcamptoronto.org/content/sarah-chun/index.html]
[2008.drupalcamptoronto.org/content/neal-pollock/index.html]
[2008.drupalcamptoronto.org/users/phillipadsmith/index.html]
[2008.drupalcamptoronto.org/sites/2008.drupalcamptoronto.org/files/pictures/picture-7/index.jpg]
[2008.drupalcamptoronto.org/content/phillip-smith/index.html]
[2008.drupalcamptoronto.org/content/khalid-baheyeldin/index.html]
[2008.drupalcamptoronto.org/content/neil-hussey/index.html]
[2008.drupalcamptoronto.org/users/nhussey/index.html]
[2008.drupalcamptoronto.org/content/simon-chen/index.html]
[2008.drupalcamptoronto.org/content/brian-delicata/index.html]
[2008.drupalcamptoronto.org/attendees/index1-6.html]
[2008.drupalcamptoronto.org/attendees/index2-6.html]
[2008.drupalcamptoronto.org/attendees/index-6.html]
[2008.drupalcamptoronto.org/attendees/index3-6.html]
[2008.drupalcamptoronto.org/attendees/index-13.html]
[2008.drupalcamptoronto.org/content/james-walker/index.html]
[2008.drupalcamptoronto.org/content/emmajane-hogbin/index.html]
[2008.drupalcamptoronto.org/content/ashok-modi/index.html]
[2008.drupalcamptoronto.org/content/phillip-smith/index.html]
[2008.drupalcamptoronto.org/content/andrew-mallis/index.html]
[2008.drupalcamptoronto.org/content/khalid-baheyeldin/index.html]
[2008.drupalcamptoronto.org/content/alan-dixon/index.html]
[2008.drupalcamptoronto.org/content/newman-hunter/index.html]
[2008.drupalcamptoronto.org/content/simon-chen/index.html]
[2008.drupalcamptoronto.org/content/martin-anderson-clutz/index.html]
[2008.drupalcamptoronto.org/content/jesse-hirsh/index.html]
[2008.drupalcamptoronto.org/content/matt-brett/index.html]
[2008.drupalcamptoronto.org/content/darren-mak/index.html]
[2008.drupalcamptoronto.org/content/qasim-virjee/index.html]
[2008.drupalcamptoronto.org/content/jason-swaby/index.html]
[2008.drupalcamptoronto.org/users/jtrant/index.html]
[2008.drupalcamptoronto.org/sites/2008.drupalcamptoronto.org/files/pictures/picture-26/index.jpg]
[2008.drupalcamptoronto.org/content/jennifer-trant/index.html]
[2008.drupalcamptoronto.org/content/mark-story/index.html]
[2008.drupalcamptoronto.org/users/markstory/index.html]
[2008.drupalcamptoronto.org/content/silvia-gonzalez/index.html]
[2008.drupalcamptoronto.org/content/gabriel-mansour/index.html]
[2008.drupalcamptoronto.org/node/40/index.html]
[2008.drupalcamptoronto.org/content/paul-rooney/index.html]
[2008.drupalcamptoronto.org/users/paul-rooney/index.html]
[2008.drupalcamptoronto.org/users/jameshallam/index.html]
[2008.drupalcamptoronto.org/sites/2008.drupalcamptoronto.org/files/pictures/picture-45/index.jpg]
[2008.drupalcamptoronto.org/content/james-hallam/index.html]
[2008.drupalcamptoronto.org/content/richard-weait/index.html]
[2008.drupalcamptoronto.org/content/dan-kurtz/index.html]
[2008.drupalcamptoronto.org/content/brian-delicata/index.html]
[2008.drupalcamptoronto.org/content/michael-baynger/index.html]
[2008.drupalcamptoronto.org/content/jocelyn-stretton/index.html]
[2008.drupalcamptoronto.org/users/rob-loach/index.html]
[2008.drupalcamptoronto.org/sites/2008.drupalcamptoronto.org/files/pictures/picture-55/index.jpg]
[2008.drupalcamptoronto.org/content/rob-loach/index.html]
[2008.drupalcamptoronto.org/content/chris-luckhardt/index.html]
[2008.drupalcamptoronto.org/users/wilco/index.html]
[2008.drupalcamptoronto.org/sites/2008.drupalcamptoronto.org/files/pictures/picture-58/index.jpg]
[2008.drupalcamptoronto.org/content/william-roboly/index.html]
[2008.drupalcamptoronto.org/content/andriy-drozdyuk/index.html]
[2008.drupalcamptoronto.org/content/trish-turliuk/index.html]
[2008.drupalcamptoronto.org/attendees/index1-7.html]
[2008.drupalcamptoronto.org/attendees/index2-7.html]
[2008.drupalcamptoronto.org/attendees/index-7.html]
[2008.drupalcamptoronto.org/users/ramriot/index.html]
[2008.drupalcamptoronto.org/users/brandt/index.html]
[2008.drupalcamptoronto.org/users/djshagz/index.html]
[2008.drupalcamptoronto.org/users/brightloudnoise/index.html]
[2008.drupalcamptoronto.org/users/pete/index.html]
[2008.drupalcamptoronto.org/users/alexd/index.html]
[2008.drupalcamptoronto.org/users/mikolaj/index.html]
[2008.drupalcamptoronto.org/users/jimbroad/index.html]
[2008.drupalcamptoronto.org/users/johnp/index.html]
[2008.drupalcamptoronto.org/users/marcusb/index.html]
[2008.drupalcamptoronto.org/users/christopherj/index.html]
[2008.drupalcamptoronto.org/users/neil477/index.html]
[2008.drupalcamptoronto.org/users/benfoldsfivebassistyahoocom/index.html]
[2008.drupalcamptoronto.org/users/andrewfn/index.html]
[2008.drupalcamptoronto.org/users/mrblain/index.html]
[2008.drupalcamptoronto.org/users/ghoti/index.html]
[2008.drupalcamptoronto.org/users/ixlr8/index.html]
[2008.drupalcamptoronto.org/users/arthurcormack/index.html]
[2008.drupalcamptoronto.org/users/jzhang99/index.html]
[2008.drupalcamptoronto.org/users/tashacaswell/index.html]
[2008.drupalcamptoronto.org/users/matthewcorway/index.html]
[2008.drupalcamptoronto.org/users/williamng/index.html]
[2008.drupalcamptoronto.org/users/joshua/index.html]
[2008.drupalcamptoronto.org/users/hypertex/index.html]
[2008.drupalcamptoronto.org/users/taras/index.html]
[2008.drupalcamptoronto.org/users/dadaent/index.html]
[2008.drupalcamptoronto.org/users/sameer/index.html]
[2008.drupalcamptoronto.org/users/pearl/index.html]
[2008.drupalcamptoronto.org/users/robbiejackson/index.html]
[2008.drupalcamptoronto.org/users/leehunter/index.html]
[2008.drupalcamptoronto.org/users/vege/index.html]
[2008.drupalcamptoronto.org/users/bernie2112/index.html]
[2008.drupalcamptoronto.org/users/amed/index.html]
[2008.drupalcamptoronto.org/users/lizak/index.html]
[2008.drupalcamptoronto.org/users/mpereira/index.html]
[2008.drupalcamptoronto.org/users/charlotte/index.html]
[2008.drupalcamptoronto.org/users/tobypanzer/index.html]
[2008.drupalcamptoronto.org/users/mkrakowiak/index.html]
[2008.drupalcamptoronto.org/users/pkiff/index.html]
[2008.drupalcamptoronto.org/users/jmlane/index.html]
[2008.drupalcamptoronto.org/attendees/index3-7.html]
[2008.drupalcamptoronto.org/content/lynna-landstreet/index.html]
[2008.drupalcamptoronto.org/users/spidersilk/index.html]
[2008.drupalcamptoronto.org/content/chris-mccreery/index.html]
[2008.drupalcamptoronto.org/content/clifford-ilkay/index.html]
[2008.drupalcamptoronto.org/content/orbis-proszynski/index.html]
[2008.drupalcamptoronto.org/users/orbis/index.html]
[2008.drupalcamptoronto.org/content/neal-pollock/index.html]
[2008.drupalcamptoronto.org/content/sarah-chun/index.html]
[2008.drupalcamptoronto.org/content/jeff-griffiths/index.html]
[2008.drupalcamptoronto.org/content/eric-squair/index.html]
[2008.drupalcamptoronto.org/content/sara-maclean/index.html]
[2008.drupalcamptoronto.org/content/shirley-yee/index.html]
[2008.drupalcamptoronto.org/content/colan-schwartz/index.html]
[2008.drupalcamptoronto.org/content/keven-ages/index.html]
[2008.drupalcamptoronto.org/content/amanuel-tewolde/index.html]
[2008.drupalcamptoronto.org/content/derek-laventure/index.html]
[2008.drupalcamptoronto.org/content/larry-white/index.html]
[2008.drupalcamptoronto.org/users/larz/index.html]
[2008.drupalcamptoronto.org/content/mike-gifford/index.html]
[2008.drupalcamptoronto.org/users/rethinkseo/index.html]
[2008.drupalcamptoronto.org/sites/2008.drupalcamptoronto.org/files/pictures/picture-72/index.jpg]
[2008.drupalcamptoronto.org/content/sean-hurley/index.html]
[2008.drupalcamptoronto.org/attendees/index1.html]
[2008.drupalcamptoronto.org/content/rob-milne/index.html]
[2008.drupalcamptoronto.org/users/harv/index.html]
[2008.drupalcamptoronto.org/sites/2008.drupalcamptoronto.org/files/pictures/picture-70/index.jpg]
[2008.drupalcamptoronto.org/content/rob-harvie/index.html]
[2008.drupalcamptoronto.org/content/dave-tarc/index.html]
[2008.drupalcamptoronto.org/content/kirk-zurell/index.html]
[2008.drupalcamptoronto.org/users/kirk-zurell/index.html]
[2008.drupalcamptoronto.org/content/julian-egelstaff/index.html]
[2008.drupalcamptoronto.org/content/joe-murray/index.html]
[2008.drupalcamptoronto.org/content/trish-turliuk/index.html]
[2008.drupalcamptoronto.org/content/andriy-drozdyuk/index.html]
[2008.drupalcamptoronto.org/content/william-roboly/index.html]
[2008.drupalcamptoronto.org/content/chris-luckhardt/index.html]
[2008.drupalcamptoronto.org/content/rob-loach/index.html]
[2008.drupalcamptoronto.org/content/jocelyn-stretton/index.html]
[2008.drupalcamptoronto.org/content/michael-baynger/index.html]
[2008.drupalcamptoronto.org/content/brian-delicata/index.html]
[2008.drupalcamptoronto.org/content/dan-kurtz/index.html]
[2008.drupalcamptoronto.org/content/richard-weait/index.html]
[2008.drupalcamptoronto.org/content/james-hallam/index.html]
[2008.drupalcamptoronto.org/node/40/index.html]
[2008.drupalcamptoronto.org/content/gabriel-mansour/index.html]
[2008.drupalcamptoronto.org/content/silvia-gonzalez/index.html]
[2008.drupalcamptoronto.org/content/jennifer-trant/index.html]
[2008.drupalcamptoronto.org/content/jason-swaby/index.html]
[2008.drupalcamptoronto.org/content/qasim-virjee/index.html]
[2008.drupalcamptoronto.org/content/darren-mak/index.html]
[2008.drupalcamptoronto.org/content/matt-brett/index.html]
[2008.drupalcamptoronto.org/content/jesse-hirsh/index.html]
[2008.drupalcamptoronto.org/content/martin-anderson-clutz/index.html]
[2008.drupalcamptoronto.org/content/simon-chen/index.html]
[2008.drupalcamptoronto.org/attendees/index2.html]
[2008.drupalcamptoronto.org/content/newman-hunter/index.html]
[2008.drupalcamptoronto.org/content/alan-dixon/index.html]
[2008.drupalcamptoronto.org/content/khalid-baheyeldin/index.html]
[2008.drupalcamptoronto.org/content/andrew-mallis/index.html]
[2008.drupalcamptoronto.org/content/phillip-smith/index.html]
[2008.drupalcamptoronto.org/content/ashok-modi/index.html]
[2008.drupalcamptoronto.org/content/emmajane-hogbin/index.html]
[2008.drupalcamptoronto.org/content/james-walker/index.html]
[2008.drupalcamptoronto.org/attendees/index3.html]
[2008.drupalcamptoronto.org/modules/forum/forum/index.css]
[2008.drupalcamptoronto.org/user/login/index.html]
[2008.drupalcamptoronto.org/taxonomy/term/1/0/feed/index.html]
[2008.drupalcamptoronto.org/user/login/index-2.html]
[2008.drupalcamptoronto.org/forum/1/index-2.html]
[2008.drupalcamptoronto.org/forum/1/index-3.html]
[2008.drupalcamptoronto.org/forum/1/index-4.html]
[2008.drupalcamptoronto.org/forum/1/index-5.html]
[2008.drupalcamptoronto.org/misc/forum-closed/index.png]
[2008.drupalcamptoronto.org/content/drupal-developer-with-seo-expertise-wanted/index.html]
[2008.drupalcamptoronto.org/content/recomendations-hotels/index.html]
[2008.drupalcamptoronto.org/content/thanks-a-great-2-day-drupalcamp/index.html]
[2008.drupalcamptoronto.org/content/why-frisat-vs-satsun/index.html]
[2008.drupalcamptoronto.org/content/whats-registration-fee/index.html]
[2008.drupalcamptoronto.org/forum/1/index.html]
[2008.drupalcamptoronto.org/user/10/contact/index.html]
[2008.drupalcamptoronto.org/content/help-wanted-jquery/index.html]
[2008.drupalcamptoronto.org/sessions/index-2.html]
[2008.drupalcamptoronto.org/sessions/index-9.html]
[2008.drupalcamptoronto.org/sessions/index-3.html]
[2008.drupalcamptoronto.org/sessions/index-10.html]
[2008.drupalcamptoronto.org/sessions/index-4.html]
[2008.drupalcamptoronto.org/sessions/index-11.html]
[2008.drupalcamptoronto.org/sessions/index-5.html]
[2008.drupalcamptoronto.org/sessions/index-12.html]
[2008.drupalcamptoronto.org/sessions/index-6.html]
[2008.drupalcamptoronto.org/sessions/index-13.html]
[2008.drupalcamptoronto.org/sessions/index-7.html]
[2008.drupalcamptoronto.org/sessions/index-14.html]
[2008.drupalcamptoronto.org/sessions/index-8.html]
[2008.drupalcamptoronto.org/sessions/index-15.html]
[2008.drupalcamptoronto.org/content/martin-anderson-clutz/index.html]
[2008.drupalcamptoronto.org/content/theming-fundamentals/index.html]
[2008.drupalcamptoronto.org/users/surgemartin/index.html]
[2008.drupalcamptoronto.org/content/newman-hunter/index.html]
[2008.drupalcamptoronto.org/content/drupal-a-diet-keeping-your-site-lean-and-light/index.html]
[2008.drupalcamptoronto.org/users/newmanhunter/index.html]
[2008.drupalcamptoronto.org/content/amanuel-tewolde/index.html]
[2008.drupalcamptoronto.org/content/build-your-own-social-network-with-drupal/index.html]
[2008.drupalcamptoronto.org/users/amanuel/index.html]
[2008.drupalcamptoronto.org/content/alan-dixon/index.html]
[2008.drupalcamptoronto.org/content/building-a-medium-size-website-with-drupal-3-case-studies/index.html]
[2008.drupalcamptoronto.org/content/jocelyn-stretton/index.html]
[2008.drupalcamptoronto.org/content/what’s-right-image-solution-my-site/index.html]
[2008.drupalcamptoronto.org/users/jsfwd/index.html]
[2008.drupalcamptoronto.org/content/emmajane-hogbin/index.html]
[2008.drupalcamptoronto.org/content/moving-how-port-your-content-drupal/index.html]
[2008.drupalcamptoronto.org/users/emmajane/index.html]
[2008.drupalcamptoronto.org/content/colan-schwartz/index.html]
[2008.drupalcamptoronto.org/content/managing-your-drupal-project-with-svn-trac/index.html]
[2008.drupalcamptoronto.org/users/colan/index.html]
[2008.drupalcamptoronto.org/content/neal-pollock/index.html]
[2008.drupalcamptoronto.org/content/drupal-flash-and-web-services/index.html]
[2008.drupalcamptoronto.org/users/neal-pollock/index.html]
[2008.drupalcamptoronto.org/content/khalid-baheyeldin/index.html]
[2008.drupalcamptoronto.org/content/drupal-fun-and-profit-how-make-a-career-open-source/index.html]
[2008.drupalcamptoronto.org/users/kbahey/index.html]
[2008.drupalcamptoronto.org/content/andriy-drozdyuk/index.html]
[2008.drupalcamptoronto.org/content/multilingual-sites/index.html]
[2008.drupalcamptoronto.org/users/drozzy/index.html]
[2008.drupalcamptoronto.org/content/newman-hunter/index.html]
[2008.drupalcamptoronto.org/content/non-profit-drupalling-a-view-inside/index.html]
[2008.drupalcamptoronto.org/content/alan-dixon/index.html]
[2008.drupalcamptoronto.org/content/workshop-thinking-outside-code/index.html]
[2008.drupalcamptoronto.org/content/richard-weait/index.html]
[2008.drupalcamptoronto.org/content/from-2500-ten-a-beginners-guide-module-selection/index.html]
[2008.drupalcamptoronto.org/users/richard-weait/index.html]
[2008.drupalcamptoronto.org/content/michael-baynger/index.html]
[2008.drupalcamptoronto.org/content/drupal-usability-looking-drupal-ui-a-subject-oriented-perspective/index.html]
[2008.drupalcamptoronto.org/users/useradvocate/index.html]
[2008.drupalcamptoronto.org/content/khalid-baheyeldin/index.html]
[2008.drupalcamptoronto.org/content/bof-drupal-scalability-and-performance-large-web-sites/index.html]
[2008.drupalcamptoronto.org/content/martin-anderson-clutz/index.html]
[2008.drupalcamptoronto.org/content/wrestling-octopus-using-pageroute-and-nodereference-manage-complex-node-relationships/index.html]
[2008.drupalcamptoronto.org/content/jeff-griffiths/index.html]
[2008.drupalcamptoronto.org/content/case-study-mozilla-extension-hosting-with-drupal-activestate/index.html]
[2008.drupalcamptoronto.org/users/jeffg/index.html]
[2008.drupalcamptoronto.org/content/ashok-modi/index.html]
[2008.drupalcamptoronto.org/content/moderating-content-drupal/index.html]
[2008.drupalcamptoronto.org/users/btmash/index.html]
[2008.drupalcamptoronto.org/content/emmajane-hogbin/index.html]
[2008.drupalcamptoronto.org/content/crafty-drupal/index.html]
[2008.drupalcamptoronto.org/content/richard-weait/index.html]
[2008.drupalcamptoronto.org/content/bof-search-modules-drupal/index.html]
[2008.drupalcamptoronto.org/content/eric-squair/index.html]
[2008.drupalcamptoronto.org/content/online-advocacy-whats-it-whats-out-there-whats-working-what-needs-work-saturday-may-24th/index.html]
[2008.drupalcamptoronto.org/users/erics/index.html]
[2008.drupalcamptoronto.org/content/dan-kurtz/index.html]
[2008.drupalcamptoronto.org/content/automated-testing-with-simpletest/index.html]
[2008.drupalcamptoronto.org/users/incidentist/index.html]
[2008.drupalcamptoronto.org/content/dave-tarc/index.html]
[2008.drupalcamptoronto.org/content/using-actions-and-triggers-drupal-6/index.html]
[2008.drupalcamptoronto.org/users/dtarc/index.html]
[2008.drupalcamptoronto.org/content/julian-egelstaff/index.html]
[2008.drupalcamptoronto.org/content/building-database-applications-drupal-cms/index.html]
[2008.drupalcamptoronto.org/users/jegelstaff/index.html]
[2008.drupalcamptoronto.org/content/clifford-ilkay/index.html]
[2008.drupalcamptoronto.org/content/drupy-drupal-implemented-python/index.html]
[2008.drupalcamptoronto.org/users/cilkay/index.html]
[2008.drupalcamptoronto.org/sites/2008.drupalcamptoronto.org/modules/views_bonus/views_bonus/index.css]
[2008.drupalcamptoronto.org/modules/comment/comment/index.css]
[2008.drupalcamptoronto.org/users/gabriel/index.html]
[2008.drupalcamptoronto.org/users/caroline/index.html]
[2008.drupalcamptoronto.org/users/maclean/index.html]
[2008.drupalcamptoronto.org/content/drupal-6-social-networking/index.html]
[2008.drupalcamptoronto.org/sites/all/modules/openid/login-bg/index.png]
[2008.drupalcamptoronto.org/sites/all/modules/openid/openid/index.css]
[2008.drupalcamptoronto.org/user/password/index.html]
[2008.drupalcamptoronto.org/%23/index.html]
[2008.drupalcamptoronto.org/content/william-roboly/index.html]
[2008.drupalcamptoronto.org/content/trish-turliuk/index.html]
[2008.drupalcamptoronto.org/content/simon-chen/index.html]
[2008.drupalcamptoronto.org/content/silvia-gonzalez/index.html]
[2008.drupalcamptoronto.org/content/shirley-yee/index.html]
[2008.drupalcamptoronto.org/content/sean-hurley/index.html]
[2008.drupalcamptoronto.org/content/sarah-chun/index.html]
[2008.drupalcamptoronto.org/content/sara-maclean/index.html]
[2008.drupalcamptoronto.org/content/robbie-jackson/index.html]
[2008.drupalcamptoronto.org/content/rob-loach/index.html]
[2008.drupalcamptoronto.org/content/rob-harvie/index.html]
[2008.drupalcamptoronto.org/content/rob-milne/index.html]
[2008.drupalcamptoronto.org/content/richard-weait/index.html]
[2008.drupalcamptoronto.org/content/qasim-virjee/index.html]
[2008.drupalcamptoronto.org/content/phillip-smith/index.html]
[2008.drupalcamptoronto.org/content/newman-hunter/index.html]
[2008.drupalcamptoronto.org/content/neal-pollock/index.html]
[2008.drupalcamptoronto.org/content/mike-gifford/index.html]
[2008.drupalcamptoronto.org/content/michael-baynger/index.html]
[2008.drupalcamptoronto.org/attendees/index1-8.html]
[2008.drupalcamptoronto.org/attendees/index2-8.html]
[2008.drupalcamptoronto.org/attendees/index-8.html]
[2008.drupalcamptoronto.org/users/fosterinteractive/index.html]
[2008.drupalcamptoronto.org/users/adewinne/index.html]
[2008.drupalcamptoronto.org/users/andrewmallis/index.html]
[2008.drupalcamptoronto.org/users/deviantintegral/index.html]
[2008.drupalcamptoronto.org/users/aaustin/index.html]
[2008.drupalcamptoronto.org/users/eelra/index.html]
[2008.drupalcamptoronto.org/users/tkamen/index.html]
[2008.drupalcamptoronto.org/users/bgillard/index.html]
[2008.drupalcamptoronto.org/users/briandelicata/index.html]
[2008.drupalcamptoronto.org/users/ridefree/index.html]
[2008.drupalcamptoronto.org/users/carole/index.html]
[2008.drupalcamptoronto.org/users/motionblur/index.html]
[2008.drupalcamptoronto.org/users/chrismccreery/index.html]
[2008.drupalcamptoronto.org/users/colindavidson/index.html]
[2008.drupalcamptoronto.org/users/clgarret/index.html]
[2008.drupalcamptoronto.org/users/crispin/index.html]
[2008.drupalcamptoronto.org/users/dan-howard/index.html]
[2008.drupalcamptoronto.org/users/daniel/index.html]
[2008.drupalcamptoronto.org/users/dzivkovi/index.html]
[2008.drupalcamptoronto.org/users/leinado/index.html]
[2008.drupalcamptoronto.org/users/goldentoque/index.html]
[2008.drupalcamptoronto.org/users/tcs/index.html]
[2008.drupalcamptoronto.org/users/davek/index.html]
[2008.drupalcamptoronto.org/users/darnold/index.html]
[2008.drupalcamptoronto.org/users/derek/index.html]
[2008.drupalcamptoronto.org/attendees/index3-8.html]
[2008.drupalcamptoronto.org/content/gabriel-mansour/index.html]
[2008.drupalcamptoronto.org/content/gary-marriott/index.html]
[2008.drupalcamptoronto.org/content/james-walker/index.html]
[2008.drupalcamptoronto.org/content/james-hallam/index.html]
[2008.drupalcamptoronto.org/content/jason-swaby/index.html]
[2008.drupalcamptoronto.org/content/jeff-griffiths/index.html]
[2008.drupalcamptoronto.org/content/jennifer-trant/index.html]
[2008.drupalcamptoronto.org/content/jesse-hirsh/index.html]
[2008.drupalcamptoronto.org/content/jocelyn-stretton/index.html]
[2008.drupalcamptoronto.org/content/joe-murray/index.html]
[2008.drupalcamptoronto.org/content/julian-egelstaff/index.html]
[2008.drupalcamptoronto.org/content/keven-ages/index.html]
[2008.drupalcamptoronto.org/content/khalid-baheyeldin/index.html]
[2008.drupalcamptoronto.org/attendees/index1-2.html]
[2008.drupalcamptoronto.org/content/martin-anderson-clutz/index.html]
[2008.drupalcamptoronto.org/content/matt-brett/index.html]
[2008.drupalcamptoronto.org/content/michael-baynger/index.html]
[2008.drupalcamptoronto.org/content/mike-gifford/index.html]
[2008.drupalcamptoronto.org/content/neal-pollock/index.html]
[2008.drupalcamptoronto.org/content/newman-hunter/index.html]
[2008.drupalcamptoronto.org/content/phillip-smith/index.html]
[2008.drupalcamptoronto.org/content/qasim-virjee/index.html]
[2008.drupalcamptoronto.org/content/richard-weait/index.html]
[2008.drupalcamptoronto.org/content/rob-loach/index.html]
[2008.drupalcamptoronto.org/content/rob-harvie/index.html]
[2008.drupalcamptoronto.org/content/rob-milne/index.html]
[2008.drupalcamptoronto.org/content/robbie-jackson/index.html]
[2008.drupalcamptoronto.org/content/sara-maclean/index.html]
[2008.drupalcamptoronto.org/content/sarah-chun/index.html]
[2008.drupalcamptoronto.org/content/sean-hurley/index.html]
[2008.drupalcamptoronto.org/content/shirley-yee/index.html]
[2008.drupalcamptoronto.org/content/silvia-gonzalez/index.html]
[2008.drupalcamptoronto.org/content/simon-chen/index.html]
[2008.drupalcamptoronto.org/attendees/index2-2.html]
[2008.drupalcamptoronto.org/content/trish-turliuk/index.html]
[2008.drupalcamptoronto.org/content/william-roboly/index.html]
[2008.drupalcamptoronto.org/attendees/index3-2.html]
[2008.drupalcamptoronto.org/content/shirley-yee/index.html]
[2008.drupalcamptoronto.org/content/richard-weait/index.html]
[2008.drupalcamptoronto.org/content/james-walker/index.html]
[2008.drupalcamptoronto.org/content/qasim-virjee/index.html]
[2008.drupalcamptoronto.org/content/trish-turliuk/index.html]
[2008.drupalcamptoronto.org/content/jennifer-trant/index.html]
[2008.drupalcamptoronto.org/content/amanuel-tewolde/index.html]
[2008.drupalcamptoronto.org/content/dave-tarc/index.html]
[2008.drupalcamptoronto.org/content/jason-swaby/index.html]
[2008.drupalcamptoronto.org/content/jocelyn-stretton/index.html]
[2008.drupalcamptoronto.org/content/eric-squair/index.html]
[2008.drupalcamptoronto.org/content/phillip-smith/index.html]
[2008.drupalcamptoronto.org/content/colan-schwartz/index.html]
[2008.drupalcamptoronto.org/content/william-roboly/index.html]
[2008.drupalcamptoronto.org/content/neal-pollock/index.html]
[2008.drupalcamptoronto.org/attendees/index1-9.html]
[2008.drupalcamptoronto.org/attendees/index2-9.html]
[2008.drupalcamptoronto.org/attendees/index-9.html]
[2008.drupalcamptoronto.org/users/kevenages/index.html]
[2008.drupalcamptoronto.org/users/kendall/index.html]
[2008.drupalcamptoronto.org/users/wafaa/index.html]
[2008.drupalcamptoronto.org/users/duckman/index.html]
[2008.drupalcamptoronto.org/users/tristen/index.html]
[2008.drupalcamptoronto.org/users/mburpee/index.html]
[2008.drupalcamptoronto.org/users/lcaines/index.html]
[2008.drupalcamptoronto.org/users/sandy/index.html]
[2008.drupalcamptoronto.org/users/jamon-camisso/index.html]
[2008.drupalcamptoronto.org/users/joyceschan/index.html]
[2008.drupalcamptoronto.org/users/floyd-chan/index.html]
[2008.drupalcamptoronto.org/users/rcharney/index.html]
[2008.drupalcamptoronto.org/users/chensihai/index.html]
[2008.drupalcamptoronto.org/users/balanceisone/index.html]
[2008.drupalcamptoronto.org/users/schun/index.html]
[2008.drupalcamptoronto.org/users/flood/index.html]
[2008.drupalcamptoronto.org/users/mat-dwyer/index.html]
[2008.drupalcamptoronto.org/users/markercil/index.html]
[2008.drupalcamptoronto.org/attendees/index3-9.html]
[2008.drupalcamptoronto.org/content/mike-gifford/index.html]
[2008.drupalcamptoronto.org/content/silvia-gonzalez/index.html]
[2008.drupalcamptoronto.org/content/jeff-griffiths/index.html]
[2008.drupalcamptoronto.org/content/james-hallam/index.html]
[2008.drupalcamptoronto.org/content/rob-harvie/index.html]
[2008.drupalcamptoronto.org/content/jesse-hirsh/index.html]
[2008.drupalcamptoronto.org/content/emmajane-hogbin/index.html]
[2008.drupalcamptoronto.org/content/newman-hunter/index.html]
[2008.drupalcamptoronto.org/content/sean-hurley/index.html]
[2008.drupalcamptoronto.org/content/clifford-ilkay/index.html]
[2008.drupalcamptoronto.org/content/robbie-jackson/index.html]
[2008.drupalcamptoronto.org/content/dan-kurtz/index.html]
[2008.drupalcamptoronto.org/content/derek-laventure/index.html]
[2008.drupalcamptoronto.org/content/rob-loach/index.html]
[2008.drupalcamptoronto.org/content/chris-luckhardt/index.html]
[2008.drupalcamptoronto.org/content/sara-maclean/index.html]
[2008.drupalcamptoronto.org/content/darren-mak/index.html]
[2008.drupalcamptoronto.org/content/andrew-mallis/index.html]
[2008.drupalcamptoronto.org/content/gabriel-mansour/index.html]
[2008.drupalcamptoronto.org/content/gary-marriott/index.html]
[2008.drupalcamptoronto.org/content/chris-mccreery/index.html]
[2008.drupalcamptoronto.org/attendees/index1-3.html]
[2008.drupalcamptoronto.org/content/rob-milne/index.html]
[2008.drupalcamptoronto.org/content/ashok-modi/index.html]
[2008.drupalcamptoronto.org/node/40/index.html]
[2008.drupalcamptoronto.org/content/joe-murray/index.html]
[2008.drupalcamptoronto.org/content/neal-pollock/index.html]
[2008.drupalcamptoronto.org/content/william-roboly/index.html]
[2008.drupalcamptoronto.org/content/colan-schwartz/index.html]
[2008.drupalcamptoronto.org/content/phillip-smith/index.html]
[2008.drupalcamptoronto.org/content/eric-squair/index.html]
[2008.drupalcamptoronto.org/content/jocelyn-stretton/index.html]
[2008.drupalcamptoronto.org/content/jason-swaby/index.html]
[2008.drupalcamptoronto.org/content/dave-tarc/index.html]
[2008.drupalcamptoronto.org/content/amanuel-tewolde/index.html]
[2008.drupalcamptoronto.org/content/jennifer-trant/index.html]
[2008.drupalcamptoronto.org/content/trish-turliuk/index.html]
[2008.drupalcamptoronto.org/content/qasim-virjee/index.html]
[2008.drupalcamptoronto.org/content/james-walker/index.html]
[2008.drupalcamptoronto.org/content/richard-weait/index.html]
[2008.drupalcamptoronto.org/attendees/index2-3.html]
[2008.drupalcamptoronto.org/content/shirley-yee/index.html]
[2008.drupalcamptoronto.org/attendees/index3-3.html]
[2008.drupalcamptoronto.org/content/ashok-modi/index.html]
[2008.drupalcamptoronto.org/content/sarah-chun/index.html]
[2008.drupalcamptoronto.org/content/silvia-gonzalez/index.html]
[2008.drupalcamptoronto.org/content/sara-maclean/index.html]
[2008.drupalcamptoronto.org/content/trish-turliuk/index.html]
[2008.drupalcamptoronto.org/content/dan-kurtz/index.html]
[2008.drupalcamptoronto.org/content/amanuel-tewolde/index.html]
[2008.drupalcamptoronto.org/content/michael-baynger/index.html]
[2008.drupalcamptoronto.org/content/martin-anderson-clutz/index.html]
[2008.drupalcamptoronto.org/content/robbie-jackson/index.html]
[2008.drupalcamptoronto.org/content/newman-hunter/index.html]
[2008.drupalcamptoronto.org/content/sean-hurley/index.html]
[2008.drupalcamptoronto.org/content/andrew-fountain/index.html]
[2008.drupalcamptoronto.org/content/william-roboly/index.html]
[2008.drupalcamptoronto.org/content/colan-schwartz/index.html]
[2008.drupalcamptoronto.org/content/mike-gifford/index.html]
[2008.drupalcamptoronto.org/content/richard-weait/index.html]
[2008.drupalcamptoronto.org/content/chris-luckhardt/index.html]
[2008.drupalcamptoronto.org/content/rob-loach/index.html]
[2008.drupalcamptoronto.org/content/eric-squair/index.html]
[2008.drupalcamptoronto.org/content/james-walker/index.html]
[2008.drupalcamptoronto.org/attendees/index1-10.html]
[2008.drupalcamptoronto.org/attendees/index2-10.html]
[2008.drupalcamptoronto.org/attendees/index-10.html]
[2008.drupalcamptoronto.org/users/jsmith/index.html]
[2008.drupalcamptoronto.org/users/jessehirsh/index.html]
[2008.drupalcamptoronto.org/users/bboyjay/index.html]
[2008.drupalcamptoronto.org/users/pnewby/index.html]
[2008.drupalcamptoronto.org/users/raven/index.html]
[2008.drupalcamptoronto.org/users/jdee/index.html]
[2008.drupalcamptoronto.org/users/mark/index.html]
[2008.drupalcamptoronto.org/users/steingard/index.html]
[2008.drupalcamptoronto.org/users/robmilne/index.html]
[2008.drupalcamptoronto.org/users/mikeg406/index.html]
[2008.drupalcamptoronto.org/users/vaneja/index.html]
[2008.drupalcamptoronto.org/attendees/index3-10.html]
[2008.drupalcamptoronto.org/content/jeff-griffiths/index.html]
[2008.drupalcamptoronto.org/content/derek-laventure/index.html]
[2008.drupalcamptoronto.org/content/jennifer-trant/index.html]
[2008.drupalcamptoronto.org/node/40/index.html]
[2008.drupalcamptoronto.org/content/brian-delicata/index.html]
[2008.drupalcamptoronto.org/content/neal-pollock/index.html]
[2008.drupalcamptoronto.org/content/phillip-smith/index.html]
[2008.drupalcamptoronto.org/content/gary-marriott/index.html]
[2008.drupalcamptoronto.org/content/qasim-virjee/index.html]
[2008.drupalcamptoronto.org/content/matt-brett/index.html]
[2008.drupalcamptoronto.org/content/darren-mak/index.html]
[2008.drupalcamptoronto.org/content/clifford-ilkay/index.html]
[2008.drupalcamptoronto.org/content/james-hallam/index.html]
[2008.drupalcamptoronto.org/content/rob-harvie/index.html]
[2008.drupalcamptoronto.org/content/keven-ages/index.html]
[2008.drupalcamptoronto.org/content/julian-egelstaff/index.html]
[2008.drupalcamptoronto.org/content/dave-tarc/index.html]
[2008.drupalcamptoronto.org/content/shirley-yee/index.html]
[2008.drupalcamptoronto.org/content/emmajane-hogbin/index.html]
[2008.drupalcamptoronto.org/attendees/index1-4.html]
[2008.drupalcamptoronto.org/content/joe-murray/index.html]
[2008.drupalcamptoronto.org/content/james-walker/index.html]
[2008.drupalcamptoronto.org/content/eric-squair/index.html]
[2008.drupalcamptoronto.org/content/rob-loach/index.html]
[2008.drupalcamptoronto.org/content/chris-luckhardt/index.html]
[2008.drupalcamptoronto.org/content/richard-weait/index.html]
[2008.drupalcamptoronto.org/content/mike-gifford/index.html]
[2008.drupalcamptoronto.org/content/william-roboly/index.html]
[2008.drupalcamptoronto.org/content/colan-schwartz/index.html]
[2008.drupalcamptoronto.org/content/andrew-fountain/index.html]
[2008.drupalcamptoronto.org/content/sean-hurley/index.html]
[2008.drupalcamptoronto.org/content/newman-hunter/index.html]
[2008.drupalcamptoronto.org/content/robbie-jackson/index.html]
[2008.drupalcamptoronto.org/content/martin-anderson-clutz/index.html]
[2008.drupalcamptoronto.org/content/michael-baynger/index.html]
[2008.drupalcamptoronto.org/content/amanuel-tewolde/index.html]
[2008.drupalcamptoronto.org/attendees/index2-4.html]
[2008.drupalcamptoronto.org/content/dan-kurtz/index.html]
[2008.drupalcamptoronto.org/content/trish-turliuk/index.html]
[2008.drupalcamptoronto.org/content/sara-maclean/index.html]
[2008.drupalcamptoronto.org/content/silvia-gonzalez/index.html]
[2008.drupalcamptoronto.org/content/sarah-chun/index.html]
[2008.drupalcamptoronto.org/content/ashok-modi/index.html]
[2008.drupalcamptoronto.org/attendees/index3-4.html]
[2008.drupalcamptoronto.org/content/darren-mak/index.html]
[2008.drupalcamptoronto.org/content/khalid-baheyeldin/index.html]
[2008.drupalcamptoronto.org/content/jeff-griffiths/index.html]
[2008.drupalcamptoronto.org/content/rob-loach/index.html]
[2008.drupalcamptoronto.org/content/phillip-smith/index.html]
[2008.drupalcamptoronto.org/content/clifford-ilkay/index.html]
[2008.drupalcamptoronto.org/content/james-walker/index.html]
[2008.drupalcamptoronto.org/content/qasim-virjee/index.html]
[2008.drupalcamptoronto.org/content/sean-hurley/index.html]
[2008.drupalcamptoronto.org/content/michael-baynger/index.html]
[2008.drupalcamptoronto.org/content/william-roboly/index.html]
[2008.drupalcamptoronto.org/content/ashok-modi/index.html]
[2008.drupalcamptoronto.org/content/andrew-mallis/index.html]
[2008.drupalcamptoronto.org/content/alan-dixon/index.html]
[2008.drupalcamptoronto.org/content/simon-chen/index.html]
[2008.drupalcamptoronto.org/content/jennifer-trant/index.html]
[2008.drupalcamptoronto.org/content/gabriel-mansour/index.html]
[2008.drupalcamptoronto.org/node/40/index.html]
[2008.drupalcamptoronto.org/content/james-hallam/index.html]
[2008.drupalcamptoronto.org/content/dan-kurtz/index.html]
[2008.drupalcamptoronto.org/content/brian-delicata/index.html]
[2008.drupalcamptoronto.org/content/jocelyn-stretton/index.html]
[2008.drupalcamptoronto.org/content/andriy-drozdyuk/index.html]
[2008.drupalcamptoronto.org/content/joe-murray/index.html]
[2008.drupalcamptoronto.org/attendees/index1-11.html]
[2008.drupalcamptoronto.org/attendees/index2-11.html]
[2008.drupalcamptoronto.org/attendees/index-11.html]
[2008.drupalcamptoronto.org/users/speedygot7/index.html]
[2008.drupalcamptoronto.org/users/trish-t/index.html]
[2008.drupalcamptoronto.org/users/happyworker/index.html]
[2008.drupalcamptoronto.org/users/mplewis/index.html]
[2008.drupalcamptoronto.org/users/johnresig/index.html]
[2008.drupalcamptoronto.org/users/john-kerr/index.html]
[2008.drupalcamptoronto.org/users/kevin/index.html]
[2008.drupalcamptoronto.org/users/marymvmedia/index.html]
[2008.drupalcamptoronto.org/users/nassersaleh/index.html]
[2008.drupalcamptoronto.org/users/trevortwining/index.html]
[2008.drupalcamptoronto.org/users/rayan05/index.html]
[2008.drupalcamptoronto.org/users/mgifford/index.html]
[2008.drupalcamptoronto.org/attendees/index3-11.html]
[2008.drupalcamptoronto.org/content/emmajane-hogbin/index.html]
[2008.drupalcamptoronto.org/content/ashok-modi/index.html]
[2008.drupalcamptoronto.org/content/andrew-mallis/index.html]
[2008.drupalcamptoronto.org/content/alan-dixon/index.html]
[2008.drupalcamptoronto.org/content/simon-chen/index.html]
[2008.drupalcamptoronto.org/content/jennifer-trant/index.html]
[2008.drupalcamptoronto.org/content/gabriel-mansour/index.html]
[2008.drupalcamptoronto.org/node/40/index.html]
[2008.drupalcamptoronto.org/content/james-hallam/index.html]
[2008.drupalcamptoronto.org/content/dan-kurtz/index.html]
[2008.drupalcamptoronto.org/content/brian-delicata/index.html]
[2008.drupalcamptoronto.org/content/jocelyn-stretton/index.html]
[2008.drupalcamptoronto.org/content/andriy-drozdyuk/index.html]
[2008.drupalcamptoronto.org/content/joe-murray/index.html]
[2008.drupalcamptoronto.org/content/julian-egelstaff/index.html]
[2008.drupalcamptoronto.org/content/dave-tarc/index.html]
[2008.drupalcamptoronto.org/content/rob-harvie/index.html]
[2008.drupalcamptoronto.org/content/rob-milne/index.html]
[2008.drupalcamptoronto.org/content/derek-laventure/index.html]
[2008.drupalcamptoronto.org/content/amanuel-tewolde/index.html]
[2008.drupalcamptoronto.org/content/keven-ages/index.html]
[2008.drupalcamptoronto.org/content/colan-schwartz/index.html]
[2008.drupalcamptoronto.org/content/sara-maclean/index.html]
[2008.drupalcamptoronto.org/content/eric-squair/index.html]
[2008.drupalcamptoronto.org/content/sarah-chun/index.html]
[2008.drupalcamptoronto.org/attendees/index1-5.html]
[2008.drupalcamptoronto.org/content/andrew-fountain/index.html]
[2008.drupalcamptoronto.org/content/gary-marriott/index.html]
[2008.drupalcamptoronto.org/content/william-roboly/index.html]
[2008.drupalcamptoronto.org/content/michael-baynger/index.html]
[2008.drupalcamptoronto.org/content/qasim-virjee/index.html]
[2008.drupalcamptoronto.org/content/sean-hurley/index.html]
[2008.drupalcamptoronto.org/content/james-walker/index.html]
[2008.drupalcamptoronto.org/content/phillip-smith/index.html]
[2008.drupalcamptoronto.org/content/clifford-ilkay/index.html]
[2008.drupalcamptoronto.org/content/rob-loach/index.html]
[2008.drupalcamptoronto.org/content/jeff-griffiths/index.html]
[2008.drupalcamptoronto.org/attendees/index2-5.html]
[2008.drupalcamptoronto.org/content/khalid-baheyeldin/index.html]
[2008.drupalcamptoronto.org/content/darren-mak/index.html]
[2008.drupalcamptoronto.org/attendees/index3-5.html]
[2008.drupalcamptoronto.org/content/sean-hurley/index.html]
[2008.drupalcamptoronto.org/content/alan-dixon/index.html]
[2008.drupalcamptoronto.org/content/martin-anderson-clutz/index.html]
[2008.drupalcamptoronto.org/content/william-roboly/index.html]
[2008.drupalcamptoronto.org/content/derek-laventure/index.html]
[2008.drupalcamptoronto.org/content/shirley-yee/index.html]
[2008.drupalcamptoronto.org/content/gary-marriott/index.html]
[2008.drupalcamptoronto.org/content/silvia-gonzalez/index.html]
[2008.drupalcamptoronto.org/content/andrew-fountain/index.html]
[2008.drupalcamptoronto.org/content/colan-schwartz/index.html]
[2008.drupalcamptoronto.org/content/gabriel-mansour/index.html]
[2008.drupalcamptoronto.org/content/andriy-drozdyuk/index.html]
[2008.drupalcamptoronto.org/attendees/index1-12.html]
[2008.drupalcamptoronto.org/attendees/index2-12.html]
[2008.drupalcamptoronto.org/attendees/index-12.html]
[2008.drupalcamptoronto.org/users/jlipman/index.html]
[2008.drupalcamptoronto.org/users/designguru/index.html]
[2008.drupalcamptoronto.org/users/deepak/index.html]
[2008.drupalcamptoronto.org/users/joeylockie/index.html]
[2008.drupalcamptoronto.org/users/joe-murray/index.html]
[2008.drupalcamptoronto.org/users/din/index.html]
[2008.drupalcamptoronto.org/users/phillipadsmith/index.html]
[2008.drupalcamptoronto.org/users/nhussey/index.html]
[2008.drupalcamptoronto.org/attendees/index3-12.html]
[2008.drupalcamptoronto.org/content/matt-brett/index.html]
[2008.drupalcamptoronto.org/content/rob-harvie/index.html]
[2008.drupalcamptoronto.org/content/richard-weait/index.html]
[2008.drupalcamptoronto.org/content/james-walker/index.html]
[2008.drupalcamptoronto.org/content/jeff-griffiths/index.html]
[2008.drupalcamptoronto.org/content/james-hallam/index.html]
[2008.drupalcamptoronto.org/content/darren-mak/index.html]
[2008.drupalcamptoronto.org/content/julian-egelstaff/index.html]
[2008.drupalcamptoronto.org/content/dan-kurtz/index.html]
[2008.drupalcamptoronto.org/content/jennifer-trant/index.html]
[2008.drupalcamptoronto.org/content/trish-turliuk/index.html]
[2008.drupalcamptoronto.org/content/rob-loach/index.html]
[2008.drupalcamptoronto.org/content/sara-maclean/index.html]
[2008.drupalcamptoronto.org/content/chris-mccreery/index.html]
[2008.drupalcamptoronto.org/content/robbie-jackson/index.html]
[2008.drupalcamptoronto.org/content/clifford-ilkay/index.html]
[2008.drupalcamptoronto.org/attendees/index1-6.html]
[2008.drupalcamptoronto.org/content/jason-swaby/index.html]
[2008.drupalcamptoronto.org/content/emmajane-hogbin/index.html]
[2008.drupalcamptoronto.org/content/dave-tarc/index.html]
[2008.drupalcamptoronto.org/content/ashok-modi/index.html]
[2008.drupalcamptoronto.org/content/chris-luckhardt/index.html]
[2008.drupalcamptoronto.org/content/andriy-drozdyuk/index.html]
[2008.drupalcamptoronto.org/content/gabriel-mansour/index.html]
[2008.drupalcamptoronto.org/content/colan-schwartz/index.html]
[2008.drupalcamptoronto.org/content/andrew-fountain/index.html]
[2008.drupalcamptoronto.org/content/silvia-gonzalez/index.html]
[2008.drupalcamptoronto.org/content/gary-marriott/index.html]
[2008.drupalcamptoronto.org/content/shirley-yee/index.html]
[2008.drupalcamptoronto.org/content/derek-laventure/index.html]
[2008.drupalcamptoronto.org/content/william-roboly/index.html]
[2008.drupalcamptoronto.org/content/martin-anderson-clutz/index.html]
[2008.drupalcamptoronto.org/attendees/index2-6.html]
[2008.drupalcamptoronto.org/content/alan-dixon/index.html]
[2008.drupalcamptoronto.org/content/sean-hurley/index.html]
[2008.drupalcamptoronto.org/attendees/index3-6.html]
[2008.drupalcamptoronto.org/content/gary-marriott/index.html]
[2008.drupalcamptoronto.org/content/andrew-fountain/index.html]
[2008.drupalcamptoronto.org/content/robbie-jackson/index.html]
[2008.drupalcamptoronto.org/attendees/index1-13.html]
[2008.drupalcamptoronto.org/attendees/index2-13.html]
[2008.drupalcamptoronto.org/attendees/index3-13.html]
[2008.drupalcamptoronto.org/attendees/index-13.html]
[2008.drupalcamptoronto.org/users/jtrant/index.html]
[2008.drupalcamptoronto.org/users/markstory/index.html]
[2008.drupalcamptoronto.org/users/paul-rooney/index.html]
[2008.drupalcamptoronto.org/users/jameshallam/index.html]
[2008.drupalcamptoronto.org/users/rob-loach/index.html]
[2008.drupalcamptoronto.org/users/wilco/index.html]
[2008.drupalcamptoronto.org/content/joe-murray/index.html]
[2008.drupalcamptoronto.org/content/julian-egelstaff/index.html]
[2008.drupalcamptoronto.org/content/dave-tarc/index.html]
[2008.drupalcamptoronto.org/content/rob-harvie/index.html]
[2008.drupalcamptoronto.org/content/rob-milne/index.html]
[2008.drupalcamptoronto.org/content/sean-hurley/index.html]
[2008.drupalcamptoronto.org/content/mike-gifford/index.html]
[2008.drupalcamptoronto.org/content/derek-laventure/index.html]
[2008.drupalcamptoronto.org/content/amanuel-tewolde/index.html]
[2008.drupalcamptoronto.org/content/keven-ages/index.html]
[2008.drupalcamptoronto.org/content/colan-schwartz/index.html]
[2008.drupalcamptoronto.org/content/shirley-yee/index.html]
[2008.drupalcamptoronto.org/content/sara-maclean/index.html]
[2008.drupalcamptoronto.org/content/eric-squair/index.html]
[2008.drupalcamptoronto.org/content/jeff-griffiths/index.html]
[2008.drupalcamptoronto.org/content/sarah-chun/index.html]
[2008.drupalcamptoronto.org/content/neal-pollock/index.html]
[2008.drupalcamptoronto.org/content/clifford-ilkay/index.html]
[2008.drupalcamptoronto.org/content/chris-mccreery/index.html]
[2008.drupalcamptoronto.org/attendees/index1-7.html]
[2008.drupalcamptoronto.org/content/robbie-jackson/index.html]
[2008.drupalcamptoronto.org/content/andrew-fountain/index.html]
[2008.drupalcamptoronto.org/content/gary-marriott/index.html]
[2008.drupalcamptoronto.org/attendees/index2-7.html]
[2008.drupalcamptoronto.org/attendees/index3-7.html]
[2008.drupalcamptoronto.org/users/spidersilk/index.html]
[2008.drupalcamptoronto.org/users/orbis/index.html]
[2008.drupalcamptoronto.org/users/larz/index.html]
[2008.drupalcamptoronto.org/users/rethinkseo/index.html]
[2008.drupalcamptoronto.org/users/harv/index.html]
[2008.drupalcamptoronto.org/users/kirk-zurell/index.html]
[2008.drupalcamptoronto.org/user/login/index-2.html]
[2008.drupalcamptoronto.org/user/login/index-3.html]
[2008.drupalcamptoronto.org/forum/1/index-6.html]
[2008.drupalcamptoronto.org/forum/1/index-2.html]
[2008.drupalcamptoronto.org/user/login/index-4.html]
[2008.drupalcamptoronto.org/forum/1/index-3.html]
[2008.drupalcamptoronto.org/forum/1/index-7.html]
[2008.drupalcamptoronto.org/user/login/index-5.html]
[2008.drupalcamptoronto.org/forum/1/index-4.html]
[2008.drupalcamptoronto.org/forum/1/index-8.html]
[2008.drupalcamptoronto.org/user/login/index-6.html]
[2008.drupalcamptoronto.org/forum/1/index-5.html]
[2008.drupalcamptoronto.org/content/drupal-developer-with-seo-expertise-wanted/index.html]
[2008.drupalcamptoronto.org/content/recomendations-hotels/index.html]
[2008.drupalcamptoronto.org/content/thanks-a-great-2-day-drupalcamp/index.html]
[2008.drupalcamptoronto.org/content/why-frisat-vs-satsun/index.html]
[2008.drupalcamptoronto.org/content/whats-registration-fee/index.html]
[2008.drupalcamptoronto.org/content/help-wanted-jquery/index.html]
[2008.drupalcamptoronto.org/sessions/index-9.html]
[2008.drupalcamptoronto.org/sessions/index-10.html]
[2008.drupalcamptoronto.org/sessions/index-11.html]
[2008.drupalcamptoronto.org/sessions/index-12.html]
[2008.drupalcamptoronto.org/sessions/index-13.html]
[2008.drupalcamptoronto.org/sessions/index-14.html]
[2008.drupalcamptoronto.org/sessions/index-15.html]
[2008.drupalcamptoronto.org/forum/1/index-9.html]
[2008.drupalcamptoronto.org/content/matt-brett/index.html]
[2008.drupalcamptoronto.org/content/martin-anderson-clutz/index.html]
[2008.drupalcamptoronto.org/content/khalid-baheyeldin/index.html]
[2008.drupalcamptoronto.org/content/keven-ages/index.html]
[2008.drupalcamptoronto.org/content/julian-egelstaff/index.html]
[2008.drupalcamptoronto.org/content/joe-murray/index.html]
[2008.drupalcamptoronto.org/content/jocelyn-stretton/index.html]
[2008.drupalcamptoronto.org/content/jesse-hirsh/index.html]
[2008.drupalcamptoronto.org/content/jennifer-trant/index.html]
[2008.drupalcamptoronto.org/content/jeff-griffiths/index.html]
[2008.drupalcamptoronto.org/content/jason-swaby/index.html]
[2008.drupalcamptoronto.org/attendees/index1-8.html]
[2008.drupalcamptoronto.org/content/james-walker/index.html]
[2008.drupalcamptoronto.org/content/james-hallam/index.html]
[2008.drupalcamptoronto.org/content/gary-marriott/index.html]
[2008.drupalcamptoronto.org/content/gabriel-mansour/index.html]
[2008.drupalcamptoronto.org/content/eric-squair/index.html]
[2008.drupalcamptoronto.org/content/emmajane-hogbin/index.html]
[2008.drupalcamptoronto.org/content/derek-laventure/index.html]
[2008.drupalcamptoronto.org/content/dave-tarc/index.html]
[2008.drupalcamptoronto.org/content/darren-mak/index.html]
[2008.drupalcamptoronto.org/content/dan-kurtz/index.html]
[2008.drupalcamptoronto.org/content/colan-schwartz/index.html]
[2008.drupalcamptoronto.org/content/clifford-ilkay/index.html]
[2008.drupalcamptoronto.org/content/chris-luckhardt/index.html]
[2008.drupalcamptoronto.org/content/chris-mccreery/index.html]
[2008.drupalcamptoronto.org/content/brian-delicata/index.html]
[2008.drupalcamptoronto.org/content/ashok-modi/index.html]
[2008.drupalcamptoronto.org/content/andriy-drozdyuk/index.html]
[2008.drupalcamptoronto.org/content/andrew-mallis/index.html]
[2008.drupalcamptoronto.org/content/andrew-fountain/index.html]
[2008.drupalcamptoronto.org/attendees/index2-8.html]
[2008.drupalcamptoronto.org/node/40/index.html]
[2008.drupalcamptoronto.org/content/amanuel-tewolde/index.html]
[2008.drupalcamptoronto.org/content/alan-dixon/index.html]
[2008.drupalcamptoronto.org/attendees/index3-8.html]
[2008.drupalcamptoronto.org/content/joe-murray/index.html]
[2008.drupalcamptoronto.org/node/40/index.html]
[2008.drupalcamptoronto.org/content/ashok-modi/index.html]
[2008.drupalcamptoronto.org/content/rob-milne/index.html]
[2008.drupalcamptoronto.org/content/chris-mccreery/index.html]
[2008.drupalcamptoronto.org/content/gary-marriott/index.html]
[2008.drupalcamptoronto.org/content/gabriel-mansour/index.html]
[2008.drupalcamptoronto.org/content/andrew-mallis/index.html]
[2008.drupalcamptoronto.org/content/darren-mak/index.html]
[2008.drupalcamptoronto.org/content/sara-maclean/index.html]
[2008.drupalcamptoronto.org/content/chris-luckhardt/index.html]
[2008.drupalcamptoronto.org/content/rob-loach/index.html]
[2008.drupalcamptoronto.org/content/derek-laventure/index.html]
[2008.drupalcamptoronto.org/content/dan-kurtz/index.html]
[2008.drupalcamptoronto.org/content/robbie-jackson/index.html]
[2008.drupalcamptoronto.org/content/clifford-ilkay/index.html]
[2008.drupalcamptoronto.org/content/sean-hurley/index.html]
[2008.drupalcamptoronto.org/content/newman-hunter/index.html]
[2008.drupalcamptoronto.org/content/emmajane-hogbin/index.html]
[2008.drupalcamptoronto.org/content/jesse-hirsh/index.html]
[2008.drupalcamptoronto.org/content/rob-harvie/index.html]
[2008.drupalcamptoronto.org/content/james-hallam/index.html]
[2008.drupalcamptoronto.org/attendees/index1-9.html]
[2008.drupalcamptoronto.org/content/jeff-griffiths/index.html]
[2008.drupalcamptoronto.org/content/silvia-gonzalez/index.html]
[2008.drupalcamptoronto.org/content/mike-gifford/index.html]
[2008.drupalcamptoronto.org/content/andrew-fountain/index.html]
[2008.drupalcamptoronto.org/content/julian-egelstaff/index.html]
[2008.drupalcamptoronto.org/content/andriy-drozdyuk/index.html]
[2008.drupalcamptoronto.org/content/alan-dixon/index.html]
[2008.drupalcamptoronto.org/content/brian-delicata/index.html]
[2008.drupalcamptoronto.org/content/sarah-chun/index.html]
[2008.drupalcamptoronto.org/content/simon-chen/index.html]
[2008.drupalcamptoronto.org/content/matt-brett/index.html]
[2008.drupalcamptoronto.org/content/michael-baynger/index.html]
[2008.drupalcamptoronto.org/attendees/index2-9.html]
[2008.drupalcamptoronto.org/content/khalid-baheyeldin/index.html]
[2008.drupalcamptoronto.org/content/martin-anderson-clutz/index.html]
[2008.drupalcamptoronto.org/content/keven-ages/index.html]
[2008.drupalcamptoronto.org/attendees/index3-9.html]
[2008.drupalcamptoronto.org/content/joe-murray/index.html]
[2008.drupalcamptoronto.org/content/emmajane-hogbin/index.html]
[2008.drupalcamptoronto.org/content/shirley-yee/index.html]
[2008.drupalcamptoronto.org/content/dave-tarc/index.html]
[2008.drupalcamptoronto.org/content/julian-egelstaff/index.html]
[2008.drupalcamptoronto.org/content/keven-ages/index.html]
[2008.drupalcamptoronto.org/content/james-hallam/index.html]
[2008.drupalcamptoronto.org/content/rob-harvie/index.html]
[2008.drupalcamptoronto.org/content/clifford-ilkay/index.html]
[2008.drupalcamptoronto.org/content/darren-mak/index.html]
[2008.drupalcamptoronto.org/content/matt-brett/index.html]
[2008.drupalcamptoronto.org/content/qasim-virjee/index.html]
[2008.drupalcamptoronto.org/content/gary-marriott/index.html]
[2008.drupalcamptoronto.org/content/phillip-smith/index.html]
[2008.drupalcamptoronto.org/content/neal-pollock/index.html]
[2008.drupalcamptoronto.org/content/brian-delicata/index.html]
[2008.drupalcamptoronto.org/attendees/index1-10.html]
[2008.drupalcamptoronto.org/node/40/index.html]
[2008.drupalcamptoronto.org/content/jennifer-trant/index.html]
[2008.drupalcamptoronto.org/content/derek-laventure/index.html]
[2008.drupalcamptoronto.org/content/jeff-griffiths/index.html]
[2008.drupalcamptoronto.org/content/khalid-baheyeldin/index.html]
[2008.drupalcamptoronto.org/content/andrew-mallis/index.html]
[2008.drupalcamptoronto.org/content/alan-dixon/index.html]
[2008.drupalcamptoronto.org/content/simon-chen/index.html]
[2008.drupalcamptoronto.org/content/jesse-hirsh/index.html]
[2008.drupalcamptoronto.org/content/jason-swaby/index.html]
[2008.drupalcamptoronto.org/content/gabriel-mansour/index.html]
[2008.drupalcamptoronto.org/content/jocelyn-stretton/index.html]
[2008.drupalcamptoronto.org/content/andriy-drozdyuk/index.html]
[2008.drupalcamptoronto.org/content/rob-milne/index.html]
[2008.drupalcamptoronto.org/content/chris-mccreery.467/index.delayed]
[2008.drupalcamptoronto.org/attendees/index2-10.html]
[2008.drupalcamptoronto.org/attendees/index3-10.html]
[2008.drupalcamptoronto.org/content/julian-egelstaff/index.html]
[2008.drupalcamptoronto.org/content/dave-tarc/index.html]
[2008.drupalcamptoronto.org/content/rob-harvie/index.html]
[2008.drupalcamptoronto.org/content/rob-milne/index.html]
[2008.drupalcamptoronto.org/content/derek-laventure/index.html]
[2008.drupalcamptoronto.org/content/amanuel-tewolde/index.html]
[2008.drupalcamptoronto.org/content/keven-ages/index.html]
[2008.drupalcamptoronto.org/content/colan-schwartz/index.html]
[2008.drupalcamptoronto.org/content/sara-maclean/index.html]
[2008.drupalcamptoronto.org/content/eric-squair/index.html]
[2008.drupalcamptoronto.org/content/sarah-chun/index.html]
[2008.drupalcamptoronto.org/content/andrew-fountain/index.html]
[2008.drupalcamptoronto.org/attendees/index1-11.html]
[2008.drupalcamptoronto.org/content/gary-marriott/index.html]
[2008.drupalcamptoronto.org/content/emmajane-hogbin/index.html]
[2008.drupalcamptoronto.org/content/mike-gifford/index.html]
[2008.drupalcamptoronto.org/content/robbie-jackson/index.html]
[2008.drupalcamptoronto.org/content/newman-hunter/index.html]
[2008.drupalcamptoronto.org/content/martin-anderson-clutz/index.html]
[2008.drupalcamptoronto.org/content/jesse-hirsh/index.html]
[2008.drupalcamptoronto.org/content/chris-luckhardt/index.html]
[2008.drupalcamptoronto.org/content/matt-brett/index.html]
[2008.drupalcamptoronto.org/content/jason-swaby/index.html]
[2008.drupalcamptoronto.org/content/silvia-gonzalez/index.html]
[2008.drupalcamptoronto.org/content/richard-weait/index.html]
[2008.drupalcamptoronto.org/content/trish-turliuk/index.html]
[2008.drupalcamptoronto.org/attendees/index2-11.html]
[2008.drupalcamptoronto.org/content/shirley-yee/index.html]
[2008.drupalcamptoronto.org/content/neal-pollock/index.html]
[2008.drupalcamptoronto.org/attendees/index3-11.html]
[2008.drupalcamptoronto.org/content/chris-luckhardt/index.html]
[2008.drupalcamptoronto.org/content/ashok-modi/index.html]
[2008.drupalcamptoronto.org/content/dave-tarc/index.html]
[2008.drupalcamptoronto.org/content/emmajane-hogbin/index.html]
[2008.drupalcamptoronto.org/content/jason-swaby/index.html]
[2008.drupalcamptoronto.org/content/clifford-ilkay/index.html]
[2008.drupalcamptoronto.org/content/robbie-jackson/index.html]
[2008.drupalcamptoronto.org/content/sara-maclean/index.html]
[2008.drupalcamptoronto.org/content/rob-loach/index.html]
[2008.drupalcamptoronto.org/content/trish-turliuk/index.html]
[2008.drupalcamptoronto.org/content/jennifer-trant/index.html]
[2008.drupalcamptoronto.org/content/dan-kurtz/index.html]
[2008.drupalcamptoronto.org/content/julian-egelstaff/index.html]
[2008.drupalcamptoronto.org/content/darren-mak/index.html]
[2008.drupalcamptoronto.org/content/james-hallam/index.html]
[2008.drupalcamptoronto.org/content/jeff-griffiths/index.html]
[2008.drupalcamptoronto.org/content/james-walker/index.html]
[2008.drupalcamptoronto.org/content/richard-weait/index.html]
[2008.drupalcamptoronto.org/attendees/index1-12.html]
[2008.drupalcamptoronto.org/content/rob-harvie/index.html]
[2008.drupalcamptoronto.org/content/matt-brett/index.html]
[2008.drupalcamptoronto.org/content/brian-delicata/index.html]
[2008.drupalcamptoronto.org/content/simon-chen/index.html]
[2008.drupalcamptoronto.org/content/khalid-baheyeldin/index.html]
[2008.drupalcamptoronto.org/content/phillip-smith/index.html]
[2008.drupalcamptoronto.org/content/neal-pollock/index.html]
[2008.drupalcamptoronto.org/content/sarah-chun/index.html]
[2008.drupalcamptoronto.org/content/michael-baynger/index.html]
[2008.drupalcamptoronto.org/content/eric-squair/index.html]
[2008.drupalcamptoronto.org/content/keven-ages/index.html]
[2008.drupalcamptoronto.org/content/amanuel-tewolde/index.html]
[2008.drupalcamptoronto.org/content/mike-gifford/index.html]
[2008.drupalcamptoronto.org/content/rob-milne/index.html]
[2008.drupalcamptoronto.org/content/joe-murray/index.html]
[2008.drupalcamptoronto.org/content/jocelyn-stretton/index.html]
[2008.drupalcamptoronto.org/attendees/index2-12.html]
[2008.drupalcamptoronto.org/node/40/index.html]
[2008.drupalcamptoronto.org/content/qasim-virjee/index.html]
[2008.drupalcamptoronto.org/content/jesse-hirsh/index.html]
[2008.drupalcamptoronto.org/content/newman-hunter/index.html]
[2008.drupalcamptoronto.org/content/andrew-mallis/index.html]
[2008.drupalcamptoronto.org/attendees/index3-12.html]
[2008.drupalcamptoronto.org/content/clifford-ilkay/index.html]
[2008.drupalcamptoronto.org/content/neal-pollock/index.html]
[2008.drupalcamptoronto.org/content/sarah-chun/index.html]
[2008.drupalcamptoronto.org/content/jeff-griffiths/index.html]
[2008.drupalcamptoronto.org/content/eric-squair/index.html]
[2008.drupalcamptoronto.org/content/sara-maclean/index.html]
[2008.drupalcamptoronto.org/content/shirley-yee/index.html]
[2008.drupalcamptoronto.org/content/colan-schwartz/index.html]
[2008.drupalcamptoronto.org/content/keven-ages/index.html]
[2008.drupalcamptoronto.org/content/amanuel-tewolde/index.html]
[2008.drupalcamptoronto.org/content/derek-laventure/index.html]
[2008.drupalcamptoronto.org/content/mike-gifford/index.html]
[2008.drupalcamptoronto.org/content/sean-hurley/index.html]
[2008.drupalcamptoronto.org/attendees/index1-13.html]
[2008.drupalcamptoronto.org/content/rob-milne/index.html]
[2008.drupalcamptoronto.org/content/rob-harvie/index.html]
[2008.drupalcamptoronto.org/content/dave-tarc/index.html]
[2008.drupalcamptoronto.org/content/julian-egelstaff/index.html]
[2008.drupalcamptoronto.org/content/joe-murray/index.html]
[2008.drupalcamptoronto.org/content/trish-turliuk/index.html]
[2008.drupalcamptoronto.org/content/andriy-drozdyuk/index.html]
[2008.drupalcamptoronto.org/content/william-roboly/index.html]
[2008.drupalcamptoronto.org/content/chris-luckhardt/index.html]
[2008.drupalcamptoronto.org/content/rob-loach/index.html]
[2008.drupalcamptoronto.org/content/jocelyn-stretton/index.html]
[2008.drupalcamptoronto.org/content/michael-baynger/index.html]
[2008.drupalcamptoronto.org/content/brian-delicata/index.html]
[2008.drupalcamptoronto.org/content/dan-kurtz/index.html]
[2008.drupalcamptoronto.org/content/richard-weait/index.html]
[2008.drupalcamptoronto.org/content/james-hallam/index.html]
[2008.drupalcamptoronto.org/node/40/index.html]
[2008.drupalcamptoronto.org/content/gabriel-mansour/index.html]
[2008.drupalcamptoronto.org/content/silvia-gonzalez/index.html]
[2008.drupalcamptoronto.org/content/jennifer-trant/index.html]
[2008.drupalcamptoronto.org/content/jason-swaby/index.html]
[2008.drupalcamptoronto.org/content/qasim-virjee.4d2/index.delayed]
[2008.drupalcamptoronto.org/content/darren-mak/index.html]
[2008.drupalcamptoronto.org/content/matt-brett/index.html]
[2008.drupalcamptoronto.org/content/jesse-hirsh/index.html]
[2008.drupalcamptoronto.org/content/martin-anderson-clutz/index.html]
[2008.drupalcamptoronto.org/content/simon-chen/index.html]
[2008.drupalcamptoronto.org/attendees/index2-13.html]
[2008.drupalcamptoronto.org/content/newman-hunter/index.html]
[2008.drupalcamptoronto.org/content/alan-dixon/index.html]
[2008.drupalcamptoronto.org/content/khalid-baheyeldin/index.html]
[2008.drupalcamptoronto.org/content/andrew-mallis/index.html]
[2008.drupalcamptoronto.org/content/phillip-smith/index.html]
[2008.drupalcamptoronto.org/content/ashok-modi/index.html]
[2008.drupalcamptoronto.org/content/emmajane-hogbin/index.html]
[2008.drupalcamptoronto.org/content/james-walker/index.html]
[2008.drupalcamptoronto.org/attendees/index3-13.html]
[2008.drupalcamptoronto.org/user/login/index-3.html]
[2008.drupalcamptoronto.org/forum/1/index-6.html]
[2008.drupalcamptoronto.org/user/login/index-4.html]
[2008.drupalcamptoronto.org/user/login/index-7.html]
[2008.drupalcamptoronto.org/forum/1/index-7.html]
[2008.drupalcamptoronto.org/user/login/index-5.html]
[2008.drupalcamptoronto.org/user/login/index-8.html]
[2008.drupalcamptoronto.org/forum/1/index-8.html]
[2008.drupalcamptoronto.org/user/login/index-6.html]
[2008.drupalcamptoronto.org/user/login/index-9.html]
[2008.drupalcamptoronto.org/forum/1/index-9.html]
[2008.drupalcamptoronto.org/user/login/index-7.html]
[2008.drupalcamptoronto.org/user/login/index-8.html]
[2008.drupalcamptoronto.org/user/login/index-9.html]
[2008.drupalcamptoronto.org/user/login/index-10.html]
[2008.drupalcamptoronto.org/user/login/index-10.html]
